Archive member included to satisfy reference by file (symbol)

c:/mounriver/mounriver_studio/toolchain/risc-v embedded gcc/bin/../lib/gcc/riscv-none-embed/8.2.0/rv32imacxw/ilp32\libgcc.a(_ffssi2.o)
                              ./LVGL/src/misc/lv_tlsf.o (__ffssi2)
c:/mounriver/mounriver_studio/toolchain/risc-v embedded gcc/bin/../lib/gcc/riscv-none-embed/8.2.0/rv32imacxw/ilp32\libgcc.a(_clz.o)
                              c:/mounriver/mounriver_studio/toolchain/risc-v embedded gcc/bin/../lib/gcc/riscv-none-embed/8.2.0/rv32imacxw/ilp32\libgcc.a(_ffssi2.o) (__clz_tab)
c:/mounriver/mounriver_studio/toolchain/risc-v embedded gcc/bin/../lib/gcc/riscv-none-embed/8.2.0/rv32imacxw/ilp32\libgcc.a(_clzsi2.o)
                              ./LVGL/src/misc/lv_tlsf.o (__clzsi2)
c:/mounriver/mounriver_studio/toolchain/risc-v embedded gcc/bin/../lib/gcc/riscv-none-embed/8.2.0/rv32imacxw/ilp32\libgcc.a(_udivdi3.o)
                              ./LVGL/src/misc/lv_printf.o (__udivdi3)
c:/mounriver/mounriver_studio/toolchain/risc-v embedded gcc/bin/../lib/gcc/riscv-none-embed/8.2.0/rv32imacxw/ilp32\libgcc.a(_umoddi3.o)
                              ./LVGL/src/misc/lv_printf.o (__umoddi3)
c:/mounriver/mounriver_studio/toolchain/risc-v embedded gcc/bin/../lib/gcc/riscv-none-embed/8.2.0/rv32imacxw/ilp32\libgcc.a(eqdf2.o)
                              ./Hardware/CJSON/cJSON.o (__eqdf2)
c:/mounriver/mounriver_studio/toolchain/risc-v embedded gcc/bin/../lib/gcc/riscv-none-embed/8.2.0/rv32imacxw/ilp32\libgcc.a(gedf2.o)
                              ./Hardware/CJSON/cJSON.o (__gedf2)
c:/mounriver/mounriver_studio/toolchain/risc-v embedded gcc/bin/../lib/gcc/riscv-none-embed/8.2.0/rv32imacxw/ilp32\libgcc.a(ledf2.o)
                              ./Hardware/CJSON/cJSON.o (__ledf2)
c:/mounriver/mounriver_studio/toolchain/risc-v embedded gcc/bin/../lib/gcc/riscv-none-embed/8.2.0/rv32imacxw/ilp32\libgcc.a(muldf3.o)
                              ./Hardware/CJSON/cJSON.o (__muldf3)
c:/mounriver/mounriver_studio/toolchain/risc-v embedded gcc/bin/../lib/gcc/riscv-none-embed/8.2.0/rv32imacxw/ilp32\libgcc.a(subdf3.o)
                              ./Hardware/CJSON/cJSON.o (__subdf3)
c:/mounriver/mounriver_studio/toolchain/risc-v embedded gcc/bin/../lib/gcc/riscv-none-embed/8.2.0/rv32imacxw/ilp32\libgcc.a(unorddf2.o)
                              ./Hardware/CJSON/cJSON.o (__unorddf2)
c:/mounriver/mounriver_studio/toolchain/risc-v embedded gcc/bin/../lib/gcc/riscv-none-embed/8.2.0/rv32imacxw/ilp32\libgcc.a(fixdfsi.o)
                              ./Hardware/CJSON/cJSON.o (__fixdfsi)
c:/mounriver/mounriver_studio/toolchain/risc-v embedded gcc/bin/../lib/gcc/riscv-none-embed/8.2.0/rv32imacxw/ilp32\libgcc.a(floatsidf.o)
                              ./Hardware/CJSON/cJSON.o (__floatsidf)
c:/mounriver/mounriver_studio/toolchain/risc-v embedded gcc/bin/../lib/gcc/riscv-none-embed/8.2.0/rv32imacxw/ilp32\libgcc.a(floatunsidf.o)
                              ./Hardware/JFC103/JFC103.o (__floatunsidf)
c:/mounriver/mounriver_studio/toolchain/risc-v embedded gcc/bin/../lib/gcc/riscv-none-embed/8.2.0/rv32imacxw/ilp32\libgcc.a(addsf3.o)
                              ./Hardware/PWM/PWM.o (__addsf3)
c:/mounriver/mounriver_studio/toolchain/risc-v embedded gcc/bin/../lib/gcc/riscv-none-embed/8.2.0/rv32imacxw/ilp32\libgcc.a(divsf3.o)
                              ./Hardware/PWM/PWM.o (__divsf3)
c:/mounriver/mounriver_studio/toolchain/risc-v embedded gcc/bin/../lib/gcc/riscv-none-embed/8.2.0/rv32imacxw/ilp32\libgcc.a(mulsf3.o)
                              ./Hardware/PWM/PWM.o (__mulsf3)
c:/mounriver/mounriver_studio/toolchain/risc-v embedded gcc/bin/../lib/gcc/riscv-none-embed/8.2.0/rv32imacxw/ilp32\libgcc.a(fixunssfsi.o)
                              ./Hardware/PWM/PWM.o (__fixunssfsi)
c:/mounriver/mounriver_studio/toolchain/risc-v embedded gcc/bin/../lib/gcc/riscv-none-embed/8.2.0/rv32imacxw/ilp32\libgcc.a(extendsfdf2.o)
                              ./Hardware/CJSON/cJSON.o (__extendsfdf2)
c:/mounriver/mounriver_studio/toolchain/risc-v embedded gcc/bin/../lib/gcc/riscv-none-embed/8.2.0/rv32imacxw/ilp32\libgcc.a(save-restore.o)
                              ./LVGL/src/widgets/lv_bar.o (__riscv_save_12)
c:/mounriver/mounriver_studio/toolchain/risc-v embedded gcc/bin/../lib/gcc/riscv-none-embed/8.2.0/../../../../riscv-none-embed/lib/rv32imacxw/ilp32\libg_nano.a(lib_a-assert.o)
                              ./LVGL/src/extra/libs/qrcode/qrcodegen.o (__assert_func)
c:/mounriver/mounriver_studio/toolchain/risc-v embedded gcc/bin/../lib/gcc/riscv-none-embed/8.2.0/../../../../riscv-none-embed/lib/rv32imacxw/ilp32\libg_nano.a(lib_a-fprintf.o)
                              c:/mounriver/mounriver_studio/toolchain/risc-v embedded gcc/bin/../lib/gcc/riscv-none-embed/8.2.0/../../../../riscv-none-embed/lib/rv32imacxw/ilp32\libg_nano.a(lib_a-assert.o) (fiprintf)
[...]
Memory Configuration

Name             Origin             Length             Attributes
FLASH            0x0000000000000000 0x0000000000038000 xr
RAM              0x0000000020000000 0x0000000000018000 xrw
*default*        0x0000000000000000 0xffffffffffffffff

Linker script and memory map

LOAD ./ui/screens/ui_Screen1.o
LOAD ./ui/components/ui_comp_hook.o
LOAD ./ui/ui.o
LOAD ./ui/ui_helpers.o
LOAD ./User/I2C/IIC.o
LOAD ./User/ch32v30x_it.o
LOAD ./User/main.o
LOAD ./User/system_ch32v30x.o
LOAD ./Startup/startup_ch32v30x_D8C.o
LOAD ./Peripheral/src/ch32v30x_adc.o
LOAD ./Peripheral/src/ch32v30x_bkp.o
LOAD ./Peripheral/src/ch32v30x_can.o
LOAD ./Peripheral/src/ch32v30x_crc.o
LOAD ./Peripheral/src/ch32v30x_dac.o
LOAD ./Peripheral/src/ch32v30x_dbgmcu.o
LOAD ./Peripheral/src/ch32v30x_dma.o
LOAD ./Peripheral/src/ch32v30x_dvp.o
LOAD ./Peripheral/src/ch32v30x_eth.o
LOAD ./Peripheral/src/ch32v30x_exti.o
LOAD ./Peripheral/src/ch32v30x_flash.o
LOAD ./Peripheral/src/ch32v30x_fsmc.o
LOAD ./Peripheral/src/ch32v30x_gpio.o
LOAD ./Peripheral/src/ch32v30x_i2c.o
LOAD ./Peripheral/src/ch32v30x_iwdg.o
LOAD ./Peripheral/src/ch32v30x_misc.o
LOAD ./Peripheral/src/ch32v30x_opa.o
LOAD ./Peripheral/src/ch32v30x_pwr.o
LOAD ./Peripheral/src/ch32v30x_rcc.o
LOAD ./Peripheral/src/ch32v30x_rng.o
LOAD ./Peripheral/src/ch32v30x_rtc.o
LOAD ./Peripheral/src/ch32v30x_sdio.o
LOAD ./Peripheral/src/ch32v30x_spi.o
LOAD ./Peripheral/src/ch32v30x_tim.o
LOAD ./Peripheral/src/ch32v30x_usart.o
LOAD ./Peripheral/src/ch32v30x_wwdg.o
LOAD ./LVGL/src/widgets/lv_arc.o
LOAD ./LVGL/src/widgets/lv_bar.o
LOAD ./LVGL/src/widgets/lv_btn.o
LOAD ./LVGL/src/widgets/lv_btnmatrix.o
LOAD ./LVGL/src/widgets/lv_canvas.o
LOAD ./LVGL/src/widgets/lv_checkbox.o
LOAD ./LVGL/src/widgets/lv_dropdown.o
LOAD ./LVGL/src/widgets/lv_img.o
LOAD ./LVGL/src/widgets/lv_label.o
LOAD ./LVGL/src/widgets/lv_line.o
LOAD ./LVGL/src/widgets/lv_objx_templ.o
LOAD ./LVGL/src/widgets/lv_roller.o
LOAD ./LVGL/src/widgets/lv_slider.o
LOAD ./LVGL/src/widgets/lv_switch.o
LOAD ./LVGL/src/widgets/lv_table.o
LOAD ./LVGL/src/widgets/lv_textarea.o
LOAD ./LVGL/src/misc/lv_anim.o
LOAD ./LVGL/src/misc/lv_anim_timeline.o
LOAD ./LVGL/src/misc/lv_area.o
LOAD ./LVGL/src/misc/lv_async.o
LOAD ./LVGL/src/misc/lv_bidi.o
LOAD ./LVGL/src/misc/lv_color.o
LOAD ./LVGL/src/misc/lv_fs.o
LOAD ./LVGL/src/misc/lv_gc.o
LOAD ./LVGL/src/misc/lv_ll.o
LOAD ./LVGL/src/misc/lv_log.o
LOAD ./LVGL/src/misc/lv_lru.o
LOAD ./LVGL/src/misc/lv_math.o
LOAD ./LVGL/src/misc/lv_mem.o
LOAD ./LVGL/src/misc/lv_printf.o
LOAD ./LVGL/src/misc/lv_style.o
LOAD ./LVGL/src/misc/lv_style_gen.o
LOAD ./LVGL/src/misc/lv_templ.o
LOAD ./LVGL/src/misc/lv_timer.o
LOAD ./LVGL/src/misc/lv_tlsf.o
LOAD ./LVGL/src/misc/lv_txt.o
LOAD ./LVGL/src/misc/lv_txt_ap.o
LOAD ./LVGL/src/misc/lv_utils.o
LOAD ./LVGL/src/hal/lv_hal_disp.o
LOAD ./LVGL/src/hal/lv_hal_indev.o
LOAD ./LVGL/src/hal/lv_hal_tick.o
LOAD ./LVGL/src/font/lv_font.o
LOAD ./LVGL/src/font/lv_font_dejavu_16_persian_hebrew.o
LOAD ./LVGL/src/font/lv_font_fmt_txt.o
LOAD ./LVGL/src/font/lv_font_loader.o
LOAD ./LVGL/src/font/lv_font_montserrat_10.o
LOAD ./LVGL/src/font/lv_font_montserrat_12.o
LOAD ./LVGL/src/font/lv_font_montserrat_12_subpx.o
LOAD ./LVGL/src/font/lv_font_montserrat_14.o
LOAD ./LVGL/src/font/lv_font_montserrat_16.o
LOAD ./LVGL/src/font/lv_font_montserrat_18.o
LOAD ./LVGL/src/font/lv_font_montserrat_20.o
LOAD ./LVGL/src/font/lv_font_montserrat_22.o
LOAD ./LVGL/src/font/lv_font_montserrat_24.o
LOAD ./LVGL/src/font/lv_font_montserrat_26.o
LOAD ./LVGL/src/font/lv_font_montserrat_28.o
LOAD ./LVGL/src/font/lv_font_montserrat_28_compressed.o
LOAD ./LVGL/src/font/lv_font_montserrat_30.o
LOAD ./LVGL/src/font/lv_font_montserrat_32.o
LOAD ./LVGL/src/font/lv_font_montserrat_34.o
LOAD ./LVGL/src/font/lv_font_montserrat_36.o
LOAD ./LVGL/src/font/lv_font_montserrat_38.o
LOAD ./LVGL/src/font/lv_font_montserrat_40.o
LOAD ./LVGL/src/font/lv_font_montserrat_42.o
LOAD ./LVGL/src/font/lv_font_montserrat_44.o
LOAD ./LVGL/src/font/lv_font_montserrat_46.o
LOAD ./LVGL/src/font/lv_font_montserrat_48.o
LOAD ./LVGL/src/font/lv_font_montserrat_8.o
LOAD ./LVGL/src/font/lv_font_simsun_16_cjk.o
LOAD ./LVGL/src/font/lv_font_unscii_16.o
LOAD ./LVGL/src/font/lv_font_unscii_8.o
LOAD ./LVGL/src/extra/widgets/win/lv_win.o
LOAD ./LVGL/src/extra/widgets/tileview/lv_tileview.o
LOAD ./LVGL/src/extra/widgets/tabview/lv_tabview.o
LOAD ./LVGL/src/extra/widgets/spinner/lv_spinner.o
LOAD ./LVGL/src/extra/widgets/spinbox/lv_spinbox.o
LOAD ./LVGL/src/extra/widgets/span/lv_span.o
LOAD ./LVGL/src/extra/widgets/msgbox/lv_msgbox.o
LOAD ./LVGL/src/extra/widgets/meter/lv_meter.o
LOAD ./LVGL/src/extra/widgets/menu/lv_menu.o
LOAD ./LVGL/src/extra/widgets/list/lv_list.o
LOAD ./LVGL/src/extra/widgets/led/lv_led.o
LOAD ./LVGL/src/extra/widgets/keyboard/lv_keyboard.o
LOAD ./LVGL/src/extra/widgets/imgbtn/lv_imgbtn.o
LOAD ./LVGL/src/extra/widgets/colorwheel/lv_colorwheel.o
LOAD ./LVGL/src/extra/widgets/chart/lv_chart.o
LOAD ./LVGL/src/extra/widgets/calendar/lv_calendar.o
LOAD ./LVGL/src/extra/widgets/calendar/lv_calendar_header_arrow.o
LOAD ./LVGL/src/extra/widgets/calendar/lv_calendar_header_dropdown.o
LOAD ./LVGL/src/extra/widgets/animimg/lv_animimg.o
LOAD ./LVGL/src/extra/themes/mono/lv_theme_mono.o
LOAD ./LVGL/src/extra/themes/default/lv_theme_default.o
LOAD ./LVGL/src/extra/themes/basic/lv_theme_basic.o
LOAD ./LVGL/src/extra/others/snapshot/lv_snapshot.o
LOAD ./LVGL/src/extra/others/msg/lv_msg.o
LOAD ./LVGL/src/extra/others/monkey/lv_monkey.o
LOAD ./LVGL/src/extra/others/imgfont/lv_imgfont.o
LOAD ./LVGL/src/extra/others/ime/lv_ime_pinyin.o
LOAD ./LVGL/src/extra/others/gridnav/lv_gridnav.o
LOAD ./LVGL/src/extra/others/fragment/lv_fragment.o
LOAD ./LVGL/src/extra/others/fragment/lv_fragment_manager.o
LOAD ./LVGL/src/extra/libs/sjpg/lv_sjpg.o
LOAD ./LVGL/src/extra/libs/sjpg/tjpgd.o
LOAD ./LVGL/src/extra/libs/rlottie/lv_rlottie.o
LOAD ./LVGL/src/extra/libs/qrcode/lv_qrcode.o
LOAD ./LVGL/src/extra/libs/qrcode/qrcodegen.o
LOAD ./LVGL/src/extra/libs/png/lodepng.o
LOAD ./LVGL/src/extra/libs/png/lv_png.o
LOAD ./LVGL/src/extra/libs/gif/gifdec.o
LOAD ./LVGL/src/extra/libs/gif/lv_gif.o
LOAD ./LVGL/src/extra/libs/fsdrv/lv_fs_fatfs.o
LOAD ./LVGL/src/extra/libs/fsdrv/lv_fs_posix.o
LOAD ./LVGL/src/extra/libs/fsdrv/lv_fs_stdio.o
LOAD ./LVGL/src/extra/libs/fsdrv/lv_fs_win32.o
LOAD ./LVGL/src/extra/libs/freetype/lv_freetype.o
LOAD ./LVGL/src/extra/libs/ffmpeg/lv_ffmpeg.o
LOAD ./LVGL/src/extra/libs/bmp/lv_bmp.o
LOAD ./LVGL/src/extra/layouts/grid/lv_grid.o
LOAD ./LVGL/src/extra/layouts/flex/lv_flex.o
LOAD ./LVGL/src/extra/lv_extra.o
LOAD ./LVGL/src/draw/sw/lv_draw_sw.o
LOAD ./LVGL/src/draw/sw/lv_draw_sw_arc.o
LOAD ./LVGL/src/draw/sw/lv_draw_sw_blend.o
LOAD ./LVGL/src/draw/sw/lv_draw_sw_dither.o
LOAD ./LVGL/src/draw/sw/lv_draw_sw_gradient.o
LOAD ./LVGL/src/draw/sw/lv_draw_sw_img.o
LOAD ./LVGL/src/draw/sw/lv_draw_sw_layer.o
LOAD ./LVGL/src/draw/sw/lv_draw_sw_letter.o
LOAD ./LVGL/src/draw/sw/lv_draw_sw_line.o
LOAD ./LVGL/src/draw/sw/lv_draw_sw_polygon.o
LOAD ./LVGL/src/draw/sw/lv_draw_sw_rect.o
LOAD ./LVGL/src/draw/sw/lv_draw_sw_transform.o
LOAD ./LVGL/src/draw/sdl/lv_draw_sdl.o
LOAD ./LVGL/src/draw/sdl/lv_draw_sdl_arc.o
LOAD ./LVGL/src/draw/sdl/lv_draw_sdl_bg.o
LOAD ./LVGL/src/draw/sdl/lv_draw_sdl_composite.o
LOAD ./LVGL/src/draw/sdl/lv_draw_sdl_img.o
LOAD ./LVGL/src/draw/sdl/lv_draw_sdl_label.o
LOAD ./LVGL/src/draw/sdl/lv_draw_sdl_layer.o
LOAD ./LVGL/src/draw/sdl/lv_draw_sdl_line.o
LOAD ./LVGL/src/draw/sdl/lv_draw_sdl_mask.o
LOAD ./LVGL/src/draw/sdl/lv_draw_sdl_polygon.o
LOAD ./LVGL/src/draw/sdl/lv_draw_sdl_rect.o
LOAD ./LVGL/src/draw/sdl/lv_draw_sdl_stack_blur.o
LOAD ./LVGL/src/draw/sdl/lv_draw_sdl_texture_cache.o
LOAD ./LVGL/src/draw/sdl/lv_draw_sdl_utils.o
LOAD ./LVGL/src/draw/lv_draw.o
LOAD ./LVGL/src/draw/lv_draw_arc.o
LOAD ./LVGL/src/draw/lv_draw_img.o
LOAD ./LVGL/src/draw/lv_draw_label.o
LOAD ./LVGL/src/draw/lv_draw_layer.o
LOAD ./LVGL/src/draw/lv_draw_line.o
LOAD ./LVGL/src/draw/lv_draw_mask.o
LOAD ./LVGL/src/draw/lv_draw_rect.o
LOAD ./LVGL/src/draw/lv_draw_transform.o
LOAD ./LVGL/src/draw/lv_draw_triangle.o
LOAD ./LVGL/src/draw/lv_img_buf.o
LOAD ./LVGL/src/draw/lv_img_cache.o
LOAD ./LVGL/src/draw/lv_img_decoder.o
LOAD ./LVGL/src/core/lv_disp.o
LOAD ./LVGL/src/core/lv_event.o
LOAD ./LVGL/src/core/lv_group.o
LOAD ./LVGL/src/core/lv_indev.o
LOAD ./LVGL/src/core/lv_indev_scroll.o
LOAD ./LVGL/src/core/lv_obj.o
LOAD ./LVGL/src/core/lv_obj_class.o
LOAD ./LVGL/src/core/lv_obj_draw.o
LOAD ./LVGL/src/core/lv_obj_pos.o
LOAD ./LVGL/src/core/lv_obj_scroll.o
LOAD ./LVGL/src/core/lv_obj_style.o
LOAD ./LVGL/src/core/lv_obj_style_gen.o
LOAD ./LVGL/src/core/lv_obj_tree.o
LOAD ./LVGL/src/core/lv_refr.o
LOAD ./LVGL/src/core/lv_theme.o
LOAD ./LVGL/examples/porting/lv_port_disp_template.o
LOAD ./LVGL/examples/porting/lv_port_fs_template.o
LOAD ./LVGL/examples/porting/lv_port_indev_template.o
LOAD ./Hardware/my_usart8/my_usart8.o
LOAD ./Hardware/esp8266/esp8266.o
LOAD ./Hardware/ap3216C/AP3216C.o
LOAD ./Hardware/PWM/PWM.o
LOAD ./Hardware/LCD/lcd.o
LOAD ./Hardware/KEY/key.o
LOAD ./Hardware/JFC103/JFC103.o
LOAD ./Hardware/Droplet/Droplet.o
LOAD ./Hardware/CJSON/cJSON.o
LOAD ./Hardware/CH9141/CH9141.o
LOAD ./FreeRTOS/portable/MemMang/heap_4.o
LOAD ./FreeRTOS/portable/GCC/RISC-V/port.o
LOAD ./FreeRTOS/portable/GCC/RISC-V/portASM.o
LOAD ./FreeRTOS/croutine.o
LOAD ./FreeRTOS/event_groups.o
LOAD ./FreeRTOS/list.o
LOAD ./FreeRTOS/queue.o
LOAD ./FreeRTOS/stream_buffer.o
LOAD ./FreeRTOS/tasks.o
LOAD ./FreeRTOS/timers.o
LOAD ./Debug/debug.o
LOAD ./Core/core_riscv.o
LOAD c:/mounriver/mounriver_studio/toolchain/risc-v embedded gcc/bin/../lib/gcc/riscv-none-embed/8.2.0/../../../../riscv-none-embed/lib/rv32imacxw/ilp32\libm.a
LOAD c:/mounriver/mounriver_studio/toolchain/risc-v embedded gcc/bin/../lib/gcc/riscv-none-embed/8.2.0/rv32imacxw/ilp32\libgcc.a
LOAD c:/mounriver/mounriver_studio/toolchain/risc-v embedded gcc/bin/../lib/gcc/riscv-none-embed/8.2.0/../../../../riscv-none-embed/lib/rv32imacxw/ilp32\libg_nano.a
LOAD c:/mounriver/mounriver_studio/toolchain/risc-v embedded gcc/bin/../lib/gcc/riscv-none-embed/8.2.0/../../../../riscv-none-embed/lib/rv32imacxw/ilp32\libc_nano.a
LOAD c:/mounriver/mounriver_studio/toolchain/risc-v embedded gcc/bin/../lib/gcc/riscv-none-embed/8.2.0/rv32imacxw/ilp32\libgcc.a
START GROUP
LOAD c:/mounriver/mounriver_studio/toolchain/risc-v embedded gcc/bin/../lib/gcc/riscv-none-embed/8.2.0/rv32imacxw/ilp32\libgcc.a
LOAD c:/mounriver/mounriver_studio/toolchain/risc-v embedded gcc/bin/../lib/gcc/riscv-none-embed/8.2.0/../../../../riscv-none-embed/lib/rv32imacxw/ilp32\libc_nano.a
LOAD c:/mounriver/mounriver_studio/toolchain/risc-v embedded gcc/bin/../lib/gcc/riscv-none-embed/8.2.0/../../../../riscv-none-embed/lib/rv32imacxw/ilp32\libnosys.a
END GROUP
START GROUP
LOAD c:/mounriver/mounriver_studio/toolchain/risc-v embedded gcc/bin/../lib/gcc/riscv-none-embed/8.2.0/rv32imacxw/ilp32\libgcc.a
LOAD c:/mounriver/mounriver_studio/toolchain/risc-v embedded gcc/bin/../lib/gcc/riscv-none-embed/8.2.0/../../../../riscv-none-embed/lib/rv32imacxw/ilp32\libc_nano.a
LOAD c:/mounriver/mounriver_studio/toolchain/risc-v embedded gcc/bin/../lib/gcc/riscv-none-embed/8.2.0/../../../../riscv-none-embed/lib/rv32imacxw/ilp32\libnosys.a
END GROUP
                0x0000000000000800                __stack_size = 0x800
                [!provide]                        PROVIDE (_stack_size = __stack_size)

.init           0x0000000000000000        0x4
                0x0000000000000000                _sinit = .
                0x0000000000000000                . = ALIGN (0x4)
 *(SORT_NONE(.init))
 .init          0x0000000000000000        0x4 ./Startup/startup_ch32v30x_D8C.o
                0x0000000000000000                _start
                0x0000000000000004                . = ALIGN (0x4)
                0x0000000000000004                _einit = .

.vector         0x0000000000000004      0x1bc
 *(.vector)
 .vector        0x0000000000000004      0x1a0 ./Startup/startup_ch32v30x_D8C.o
                0x00000000000001c0                . = ALIGN (0x40)
 *fill*         0x00000000000001a4       0x1c 

.text           0x0000000000000200    0x336d4
                0x0000000000000200                . = ALIGN (0x4)
 *(.text)
 .text          0x0000000000000200      0x2e6 ./FreeRTOS/portable/GCC/RISC-V/portASM.o
                0x0000000000000200                SW_Handler
                0x0000000000000300                xPortStartFirstTask
                0x0000000000000400                pxPortInitialiseStack
 .text          0x00000000000004e6       0x60 c:/mounriver/mounriver_studio/toolchain/risc-v embedded gcc/bin/../lib/gcc/riscv-none-embed/8.2.0/rv32imacxw/ilp32\libgcc.a(save-restore.o)
                0x00000000000004e6                __riscv_save_12
                0x00000000000004ee                __riscv_save_9
                0x00000000000004ee                __riscv_save_11
                0x00000000000004ee                __riscv_save_10
                0x00000000000004ee                __riscv_save_8
                0x00000000000004fc                __riscv_save_4
                0x00000000000004fc                __riscv_save_6
                0x00000000000004fc                __riscv_save_5
                0x00000000000004fc                __riscv_save_7
                0x0000000000000516                __riscv_save_3
                0x0000000000000516                __riscv_save_2
                0x0000000000000516                __riscv_save_1
                0x0000000000000516                __riscv_save_0
                0x0000000000000522                __riscv_restore_12
                0x0000000000000526                __riscv_restore_11
                0x0000000000000526                __riscv_restore_9
                0x0000000000000526                __riscv_restore_10
                0x0000000000000526                __riscv_restore_8
                0x0000000000000530                __riscv_restore_5
                0x0000000000000530                __riscv_restore_7
                0x0000000000000530                __riscv_restore_6
                0x0000000000000530                __riscv_restore_4
                0x000000000000053a                __riscv_restore_3
                0x000000000000053a                __riscv_restore_0
                0x000000000000053a                __riscv_restore_2
                0x000000000000053a                __riscv_restore_1
 .text          0x0000000000000546       0xa8 c:/mounriver/mounriver_studio/toolchain/risc-v embedded gcc/bin/../lib/gcc/riscv-none-embed/8.2.0/../../../../riscv-none-embed/lib/rv32imacxw/ilp32\libg_nano.a(lib_a-memset.o)
                0x0000000000000546                memset
 .text          0x00000000000005ee      0x11a c:/mounriver/mounriver_studio/toolchain/risc-v embedded gcc/bin/../lib/gcc/riscv-none-embed/8.2.0/../../../../riscv-none-embed/lib/rv32imacxw/ilp32\libg_nano.a(lib_a-strcmp.o)
                0x00000000000005ee                strcmp
 *(.text.*)
 .text.ui_Screen1_screen_init
                0x0000000000000708       0xbe ./ui/screens/ui_Screen1.o
                0x0000000000000708                ui_Screen1_screen_init
 .text.ui_init  0x00000000000007c6       0x58 ./ui/ui.o
                0x00000000000007c6                ui_init
 .text.NMI_Handler
                0x000000000000081e        0x2 ./User/ch32v30x_it.o
                0x000000000000081e                NMI_Handler
 .text.HardFault_Handler
                0x0000000000000820        0x2 ./User/ch32v30x_it.o
                0x0000000000000820                HardFault_Handler
 .text.EXTI15_10_IRQHandler
                0x0000000000000822       0x2c ./User/ch32v30x_it.o
                0x0000000000000822                EXTI15_10_IRQHandler
 .text.OnenetSend_task
                0x000000000000084e       0x18 ./User/main.o
                0x000000000000084e                OnenetSend_task
 .text.LVGL_task
                0x0000000000000866       0x12 ./User/main.o
                0x0000000000000866                LVGL_task
 .text.start_task
                0x0000000000000878       0xa8 ./User/main.o
                0x0000000000000878                start_task
 .text.Droplet_timer_callback
                0x0000000000000920       0x58 ./User/main.o
                0x0000000000000920                Droplet_timer_callback
 .text.startup.main
                0x0000000000000978       0xd2 ./User/main.o
                0x0000000000000978                main
 .text.SystemInit
                0x0000000000000a4a       0xf8 ./User/system_ch32v30x.o
                0x0000000000000a4a                SystemInit
 .text.SystemCoreClockUpdate
                0x0000000000000b42      0x12e ./User/system_ch32v30x.o
                0x0000000000000b42                SystemCoreClockUpdate
 .text.vector_handler
                0x0000000000000c70        0x2 ./Startup/startup_ch32v30x_D8C.o
                0x0000000000000c70                EXTI2_IRQHandler
                0x0000000000000c70                TIM8_TRG_COM_IRQHandler
                0x0000000000000c70                TIM8_CC_IRQHandler
                0x0000000000000c70                UART8_IRQHandler
                0x0000000000000c70                TIM1_CC_IRQHandler
                0x0000000000000c70                TIM6_IRQHandler
                0x0000000000000c70                PVD_IRQHandler
                0x0000000000000c70                SDIO_IRQHandler
                0x0000000000000c70                TIM9_BRK_IRQHandler
                0x0000000000000c70                DMA2_Channel8_IRQHandler
                0x0000000000000c70                CAN2_RX1_IRQHandler
                0x0000000000000c70                EXTI3_IRQHandler
                0x0000000000000c70                USBHS_IRQHandler
                0x0000000000000c70                DMA2_Channel9_IRQHandler
                0x0000000000000c70                TIM10_CC_IRQHandler
                0x0000000000000c70                USBFS_IRQHandler
                0x0000000000000c70                EXTI0_IRQHandler
                0x0000000000000c70                I2C2_EV_IRQHandler
                0x0000000000000c70                TIM10_TRG_COM_IRQHandler
                0x0000000000000c70                CAN2_SCE_IRQHandler
                0x0000000000000c70                ADC1_2_IRQHandler
                0x0000000000000c70                Break_Point_Handler
                0x0000000000000c70                SPI1_IRQHandler
                0x0000000000000c70                TAMPER_IRQHandler
                0x0000000000000c70                CAN2_RX0_IRQHandler
                0x0000000000000c70                TIM8_UP_IRQHandler
                0x0000000000000c70                Ecall_M_Mode_Handler
                0x0000000000000c70                DMA2_Channel2_IRQHandler
                0x0000000000000c70                DMA1_Channel4_IRQHandler
                0x0000000000000c70                TIM9_UP_IRQHandler
                0x0000000000000c70                USART3_IRQHandler
                0x0000000000000c70                RTC_IRQHandler
                0x0000000000000c70                DMA1_Channel7_IRQHandler
                0x0000000000000c70                CAN1_RX1_IRQHandler
                0x0000000000000c70                DVP_IRQHandler
                0x0000000000000c70                UART5_IRQHandler
                0x0000000000000c70                TIM4_IRQHandler
                0x0000000000000c70                DMA2_Channel1_IRQHandler
                0x0000000000000c70                I2C1_EV_IRQHandler
                0x0000000000000c70                DMA1_Channel6_IRQHandler
                0x0000000000000c70                UART4_IRQHandler
                0x0000000000000c70                DMA2_Channel4_IRQHandler
                0x0000000000000c70                TIM3_IRQHandler
                0x0000000000000c70                RCC_IRQHandler
                0x0000000000000c70                TIM1_TRG_COM_IRQHandler
                0x0000000000000c70                DMA1_Channel1_IRQHandler
                0x0000000000000c70                DMA2_Channel7_IRQHandler
                0x0000000000000c70                TIM7_IRQHandler
                0x0000000000000c70                CAN2_TX_IRQHandler
                0x0000000000000c70                TIM5_IRQHandler
                0x0000000000000c70                EXTI9_5_IRQHandler
                0x0000000000000c70                ETH_WKUP_IRQHandler
                0x0000000000000c70                SPI2_IRQHandler
                0x0000000000000c70                TIM10_BRK_IRQHandler
                0x0000000000000c70                TIM9_CC_IRQHandler
                0x0000000000000c70                DMA2_Channel5_IRQHandler
                0x0000000000000c70                DMA1_Channel5_IRQHandler
                0x0000000000000c70                EXTI4_IRQHandler
                0x0000000000000c70                USB_LP_CAN1_RX0_IRQHandler
                0x0000000000000c70                RNG_IRQHandler
                0x0000000000000c70                USB_HP_CAN1_TX_IRQHandler
                0x0000000000000c70                DMA1_Channel3_IRQHandler
                0x0000000000000c70                ETH_IRQHandler
                0x0000000000000c70                TIM1_UP_IRQHandler
                0x0000000000000c70                WWDG_IRQHandler
                0x0000000000000c70                USBHSWakeup_IRQHandler
                0x0000000000000c70                DMA2_Channel11_IRQHandler
                0x0000000000000c70                Ecall_U_Mode_Handler
                0x0000000000000c70                DMA2_Channel6_IRQHandler
                0x0000000000000c70                TIM2_IRQHandler
                0x0000000000000c70                TIM1_BRK_IRQHandler
                0x0000000000000c70                DMA2_Channel10_IRQHandler
                0x0000000000000c70                EXTI1_IRQHandler
                0x0000000000000c70                RTCAlarm_IRQHandler
                0x0000000000000c70                TIM10_UP_IRQHandler
                0x0000000000000c70                TIM9_TRG_COM_IRQHandler
                0x0000000000000c70                UART7_IRQHandler
                0x0000000000000c70                USART2_IRQHandler
                0x0000000000000c70                UART6_IRQHandler
                0x0000000000000c70                I2C2_ER_IRQHandler
                0x0000000000000c70                DMA1_Channel2_IRQHandler
                0x0000000000000c70                TIM8_BRK_IRQHandler
                0x0000000000000c70                CAN1_SCE_IRQHandler
                0x0000000000000c70                FLASH_IRQHandler
                0x0000000000000c70                USART1_IRQHandler
                0x0000000000000c70                SPI3_IRQHandler
                0x0000000000000c70                I2C1_ER_IRQHandler
                0x0000000000000c70                USBWakeUp_IRQHandler
                0x0000000000000c70                DMA2_Channel3_IRQHandler
 .text.handle_reset
                0x0000000000000c72       0x92 ./Startup/startup_ch32v30x_D8C.o
                0x0000000000000c72                handle_reset
 .text.DBGMCU_GetCHIPID
                0x0000000000000d04        0xa ./Peripheral/src/ch32v30x_dbgmcu.o
                0x0000000000000d04                DBGMCU_GetCHIPID
 .text.DMA_DeInit
                0x0000000000000d0e      0x16c ./Peripheral/src/ch32v30x_dma.o
                0x0000000000000d0e                DMA_DeInit
 .text.DMA_Init
                0x0000000000000e7a       0x38 ./Peripheral/src/ch32v30x_dma.o
                0x0000000000000e7a                DMA_Init
 .text.DMA_Cmd  0x0000000000000eb2       0x14 ./Peripheral/src/ch32v30x_dma.o
                0x0000000000000eb2                DMA_Cmd
 .text.DMA_SetCurrDataCounter
                0x0000000000000ec6        0x4 ./Peripheral/src/ch32v30x_dma.o
                0x0000000000000ec6                DMA_SetCurrDataCounter
 .text.DMA_GetCurrDataCounter
                0x0000000000000eca        0x8 ./Peripheral/src/ch32v30x_dma.o
                0x0000000000000eca                DMA_GetCurrDataCounter
 .text.DMA_ClearFlag
                0x0000000000000ed2       0x2c ./Peripheral/src/ch32v30x_dma.o
                0x0000000000000ed2                DMA_ClearFlag
 .text.EXTI_GetITStatus
                0x0000000000000efe       0x1e ./Peripheral/src/ch32v30x_exti.o
                0x0000000000000efe                EXTI_GetITStatus
 .text.EXTI_ClearITPendingBit
                0x0000000000000f1c        0xa ./Peripheral/src/ch32v30x_exti.o
                0x0000000000000f1c                EXTI_ClearITPendingBit
 .text.FSMC_NORSRAMInit
                0x0000000000000f26       0xae ./Peripheral/src/ch32v30x_fsmc.o
                0x0000000000000f26                FSMC_NORSRAMInit
 .text.FSMC_NORSRAMCmd
                0x0000000000000fd4       0x1e ./Peripheral/src/ch32v30x_fsmc.o
                0x0000000000000fd4                FSMC_NORSRAMCmd
 .text.GPIO_Init
                0x0000000000000ff2       0xc0 ./Peripheral/src/ch32v30x_gpio.o
                0x0000000000000ff2                GPIO_Init
 .text.GPIO_ReadInputDataBit
                0x00000000000010b2        0xa ./Peripheral/src/ch32v30x_gpio.o
                0x00000000000010b2                GPIO_ReadInputDataBit
 .text.GPIO_SetBits
                0x00000000000010bc        0x4 ./Peripheral/src/ch32v30x_gpio.o
                0x00000000000010bc                GPIO_SetBits
 .text.GPIO_ResetBits
                0x00000000000010c0        0x4 ./Peripheral/src/ch32v30x_gpio.o
                0x00000000000010c0                GPIO_ResetBits
 .text.NVIC_PriorityGroupConfig
                0x00000000000010c4        0xa ./Peripheral/src/ch32v30x_misc.o
                0x00000000000010c4                NVIC_PriorityGroupConfig
 .text.RCC_GetClocksFreq
                0x00000000000010ce      0x176 ./Peripheral/src/ch32v30x_rcc.o
                0x00000000000010ce                RCC_GetClocksFreq
 .text.RCC_AHBPeriphClockCmd
                0x0000000000001244       0x1e ./Peripheral/src/ch32v30x_rcc.o
                0x0000000000001244                RCC_AHBPeriphClockCmd
 .text.RCC_APB2PeriphClockCmd
                0x0000000000001262       0x1e ./Peripheral/src/ch32v30x_rcc.o
                0x0000000000001262                RCC_APB2PeriphClockCmd
 .text.RCC_APB1PeriphClockCmd
                0x0000000000001280       0x1e ./Peripheral/src/ch32v30x_rcc.o
                0x0000000000001280                RCC_APB1PeriphClockCmd
 .text.TIM_TimeBaseInit
                0x000000000000129e       0xaa ./Peripheral/src/ch32v30x_tim.o
                0x000000000000129e                TIM_TimeBaseInit
 .text.TIM_OC2Init
                0x0000000000001348       0xae ./Peripheral/src/ch32v30x_tim.o
                0x0000000000001348                TIM_OC2Init
 .text.TIM_Cmd  0x00000000000013f6       0x18 ./Peripheral/src/ch32v30x_tim.o
                0x00000000000013f6                TIM_Cmd
 .text.TIM_CtrlPWMOutputs
                0x000000000000140e       0x16 ./Peripheral/src/ch32v30x_tim.o
                0x000000000000140e                TIM_CtrlPWMOutputs
 .text.TIM_ARRPreloadConfig
                0x0000000000001424       0x1a ./Peripheral/src/ch32v30x_tim.o
                0x0000000000001424                TIM_ARRPreloadConfig
 .text.TIM_OC2PreloadConfig
                0x000000000000143e       0x16 ./Peripheral/src/ch32v30x_tim.o
                0x000000000000143e                TIM_OC2PreloadConfig
 .text.USART_Init
                0x0000000000001454       0x8e ./Peripheral/src/ch32v30x_usart.o
                0x0000000000001454                USART_Init
 .text.USART_Cmd
                0x00000000000014e2       0x16 ./Peripheral/src/ch32v30x_usart.o
                0x00000000000014e2                USART_Cmd
 .text.USART_DMACmd
                0x00000000000014f8       0x12 ./Peripheral/src/ch32v30x_usart.o
                0x00000000000014f8                USART_DMACmd
 .text.USART_SendData
                0x000000000000150a        0x8 ./Peripheral/src/ch32v30x_usart.o
                0x000000000000150a                USART_SendData
 .text.USART_GetFlagStatus
                0x0000000000001512        0xa ./Peripheral/src/ch32v30x_usart.o
                0x0000000000001512                USART_GetFlagStatus
 .text.get_angle
                0x000000000000151c       0x6e ./LVGL/src/widgets/lv_arc.o
 .text.lv_obj_get_style_arc_width
                0x000000000000158a       0x14 ./LVGL/src/widgets/lv_arc.o
 .text.lv_obj_get_style_pad_left
                0x000000000000159e       0x12 ./LVGL/src/widgets/lv_arc.o
 .text.lv_obj_get_style_pad_right
                0x00000000000015b0       0x12 ./LVGL/src/widgets/lv_arc.o
 .text.lv_obj_get_style_pad_top
                0x00000000000015c2       0x12 ./LVGL/src/widgets/lv_arc.o
 .text.lv_obj_get_style_pad_bottom
                0x00000000000015d4       0x12 ./LVGL/src/widgets/lv_arc.o
 .text.get_center
                0x00000000000015e6       0x90 ./LVGL/src/widgets/lv_arc.o
 .text.get_knob_area
                0x0000000000001676       0xba ./LVGL/src/widgets/lv_arc.o
 .text.lv_arc_constructor
                0x0000000000001730       0x5e ./LVGL/src/widgets/lv_arc.o
 .text.inv_arc_area
                0x000000000000178e       0xba ./LVGL/src/widgets/lv_arc.o
 .text.knob_get_extra_size
                0x0000000000001848       0xe2 ./LVGL/src/widgets/lv_arc.o
 .text.inv_knob_area
                0x000000000000192a       0x3c ./LVGL/src/widgets/lv_arc.o
 .text.lv_arc_set_start_angle
                0x0000000000001966       0x98 ./LVGL/src/widgets/lv_arc.o
                0x0000000000001966                lv_arc_set_start_angle
 .text.lv_arc_set_end_angle
                0x00000000000019fe       0x9a ./LVGL/src/widgets/lv_arc.o
                0x00000000000019fe                lv_arc_set_end_angle
 .text.lv_arc_set_angles
                0x0000000000001a98       0x16 ./LVGL/src/widgets/lv_arc.o
                0x0000000000001a98                lv_arc_set_angles
 .text.value_update
                0x0000000000001aae       0xfa ./LVGL/src/widgets/lv_arc.o
 .text.lv_arc_set_bg_start_angle
                0x0000000000001ba8       0x90 ./LVGL/src/widgets/lv_arc.o
                0x0000000000001ba8                lv_arc_set_bg_start_angle
 .text.lv_arc_set_bg_end_angle
                0x0000000000001c38       0x94 ./LVGL/src/widgets/lv_arc.o
                0x0000000000001c38                lv_arc_set_bg_end_angle
 .text.lv_arc_set_bg_angles
                0x0000000000001ccc       0x16 ./LVGL/src/widgets/lv_arc.o
                0x0000000000001ccc                lv_arc_set_bg_angles
 .text.lv_arc_set_rotation
                0x0000000000001ce2        0xe ./LVGL/src/widgets/lv_arc.o
                0x0000000000001ce2                lv_arc_set_rotation
 .text.lv_arc_set_value
                0x0000000000001cf0       0x42 ./LVGL/src/widgets/lv_arc.o
                0x0000000000001cf0                lv_arc_set_value
 .text.lv_arc_event
                0x0000000000001d32      0x630 ./LVGL/src/widgets/lv_arc.o
 .text.lv_area_get_width
                0x0000000000002362       0x10 ./LVGL/src/widgets/lv_bar.o
 .text.lv_area_get_height
                0x0000000000002372       0x10 ./LVGL/src/widgets/lv_bar.o
 .text.lv_bar_destructor
                0x0000000000002382       0x1e ./LVGL/src/widgets/lv_bar.o
 .text.lv_bar_anim_ready
                0x00000000000023a0       0x2e ./LVGL/src/widgets/lv_bar.o
 .text.lv_bar_anim
                0x00000000000023ce       0x10 ./LVGL/src/widgets/lv_bar.o
 .text.lv_bar_set_value_with_anim
                0x00000000000023de       0x84 ./LVGL/src/widgets/lv_bar.o
 .text.draw_indic
                0x0000000000002462      0x5ee ./LVGL/src/widgets/lv_bar.o
 .text.lv_bar_event
                0x0000000000002a50       0xf6 ./LVGL/src/widgets/lv_bar.o
 .text.lv_bar_set_value
                0x0000000000002b46       0x3a ./LVGL/src/widgets/lv_bar.o
                0x0000000000002b46                lv_bar_set_value
 .text.lv_bar_constructor
                0x0000000000002b80       0x60 ./LVGL/src/widgets/lv_bar.o
 .text.lv_bar_set_start_value
                0x0000000000002be0       0x42 ./LVGL/src/widgets/lv_bar.o
                0x0000000000002be0                lv_bar_set_start_value
 .text.lv_bar_get_value
                0x0000000000002c22       0x10 ./LVGL/src/widgets/lv_bar.o
                0x0000000000002c22                lv_bar_get_value
 .text.lv_bar_get_start_value
                0x0000000000002c32       0x20 ./LVGL/src/widgets/lv_bar.o
                0x0000000000002c32                lv_bar_get_start_value
 .text.lv_bar_get_mode
                0x0000000000002c52        0x6 ./LVGL/src/widgets/lv_bar.o
                0x0000000000002c52                lv_bar_get_mode
 .text.lv_btn_constructor
                0x0000000000002c58       0x1c ./LVGL/src/widgets/lv_btn.o
 .text.lv_btn_create
                0x0000000000002c74       0x1e ./LVGL/src/widgets/lv_btn.o
                0x0000000000002c74                lv_btn_create
 .text.lv_btnmatrix_destructor
                0x0000000000002c92       0x1e ./LVGL/src/widgets/lv_btnmatrix.o
 .text.draw_main
                0x0000000000002cb0      0x432 ./LVGL/src/widgets/lv_btnmatrix.o
 .text.lv_obj_get_style_pad_column.constprop.10
                0x00000000000030e2       0x14 ./LVGL/src/widgets/lv_btnmatrix.o
 .text.invalidate_button_area
                0x00000000000030f6       0xda ./LVGL/src/widgets/lv_btnmatrix.o
 .text.get_button_from_point
                0x00000000000031d0      0x1c0 ./LVGL/src/widgets/lv_btnmatrix.o
 .text.lv_btnmatrix_set_map.part.1
                0x0000000000003390      0x286 ./LVGL/src/widgets/lv_btnmatrix.o
 .text.lv_btnmatrix_constructor
                0x0000000000003616       0x34 ./LVGL/src/widgets/lv_btnmatrix.o
 .text.lv_btnmatrix_create
                0x000000000000364a       0x1e ./LVGL/src/widgets/lv_btnmatrix.o
                0x000000000000364a                lv_btnmatrix_create
 .text.lv_btnmatrix_set_map
                0x0000000000003668       0x10 ./LVGL/src/widgets/lv_btnmatrix.o
                0x0000000000003668                lv_btnmatrix_set_map
 .text.lv_btnmatrix_set_ctrl_map
                0x0000000000003678       0x1a ./LVGL/src/widgets/lv_btnmatrix.o
                0x0000000000003678                lv_btnmatrix_set_ctrl_map
 .text.lv_btnmatrix_set_selected_btn
                0x0000000000003692       0x2c ./LVGL/src/widgets/lv_btnmatrix.o
                0x0000000000003692                lv_btnmatrix_set_selected_btn
 .text.lv_btnmatrix_clear_btn_ctrl
                0x00000000000036be       0x36 ./LVGL/src/widgets/lv_btnmatrix.o
                0x00000000000036be                lv_btnmatrix_clear_btn_ctrl
 .text.lv_btnmatrix_clear_btn_ctrl_all
                0x00000000000036f4       0x24 ./LVGL/src/widgets/lv_btnmatrix.o
                0x00000000000036f4                lv_btnmatrix_clear_btn_ctrl_all
 .text.lv_btnmatrix_set_btn_ctrl
                0x0000000000003718       0x4c ./LVGL/src/widgets/lv_btnmatrix.o
                0x0000000000003718                lv_btnmatrix_set_btn_ctrl
 .text.lv_btnmatrix_set_btn_ctrl_all
                0x0000000000003764       0x24 ./LVGL/src/widgets/lv_btnmatrix.o
                0x0000000000003764                lv_btnmatrix_set_btn_ctrl_all
 .text.lv_btnmatrix_get_selected_btn
                0x0000000000003788        0x4 ./LVGL/src/widgets/lv_btnmatrix.o
                0x0000000000003788                lv_btnmatrix_get_selected_btn
 .text.lv_btnmatrix_get_btn_text
                0x000000000000378c       0x72 ./LVGL/src/widgets/lv_btnmatrix.o
                0x000000000000378c                lv_btnmatrix_get_btn_text
 .text.lv_btnmatrix_has_btn_ctrl
                0x00000000000037fe       0x1c ./LVGL/src/widgets/lv_btnmatrix.o
                0x00000000000037fe                lv_btnmatrix_has_btn_ctrl
 .text.make_one_button_checked
                0x000000000000381a       0x2e ./LVGL/src/widgets/lv_btnmatrix.o
 .text.lv_btnmatrix_event
                0x0000000000003848      0x596 ./LVGL/src/widgets/lv_btnmatrix.o
 .text.lv_btnmatrix_set_one_checked
                0x0000000000003dde       0x1c ./LVGL/src/widgets/lv_btnmatrix.o
                0x0000000000003dde                lv_btnmatrix_set_one_checked
 .text.lv_checkbox_constructor
                0x0000000000003dfa       0x3a ./LVGL/src/widgets/lv_checkbox.o
 .text.lv_checkbox_destructor
                0x0000000000003e34       0x1e ./LVGL/src/widgets/lv_checkbox.o
 .text.lv_checkbox_event
                0x0000000000003e52      0x334 ./LVGL/src/widgets/lv_checkbox.o
 .text.lv_dropdownlist_destructor
                0x0000000000004186        0x8 ./LVGL/src/widgets/lv_dropdown.o
 .text.get_label
                0x000000000000418e       0x14 ./LVGL/src/widgets/lv_dropdown.o
 .text.lv_dropdownlist_constructor
                0x00000000000041a2       0x34 ./LVGL/src/widgets/lv_dropdown.o
 .text.lv_dropdown_destructor
                0x00000000000041d6       0x28 ./LVGL/src/widgets/lv_dropdown.o
 .text.get_id_on_point
                0x00000000000041fe       0x6a ./LVGL/src/widgets/lv_dropdown.o
 .text.draw_box_label
                0x0000000000004268       0xd0 ./LVGL/src/widgets/lv_dropdown.o
 .text.draw_box
                0x0000000000004338       0xba ./LVGL/src/widgets/lv_dropdown.o
 .text.position_to_selected
                0x00000000000043f2       0x58 ./LVGL/src/widgets/lv_dropdown.o
 .text.lv_dropdown_create
                0x000000000000444a       0x1e ./LVGL/src/widgets/lv_dropdown.o
                0x000000000000444a                lv_dropdown_create
 .text.lv_dropdown_set_options
                0x0000000000004468       0x82 ./LVGL/src/widgets/lv_dropdown.o
                0x0000000000004468                lv_dropdown_set_options
 .text.lv_dropdown_set_options_static
                0x00000000000044ea       0x66 ./LVGL/src/widgets/lv_dropdown.o
                0x00000000000044ea                lv_dropdown_set_options_static
 .text.lv_dropdown_constructor
                0x0000000000004550       0x6e ./LVGL/src/widgets/lv_dropdown.o
 .text.lv_dropdown_set_selected
                0x00000000000045be       0x26 ./LVGL/src/widgets/lv_dropdown.o
                0x00000000000045be                lv_dropdown_set_selected
 .text.lv_dropdown_get_selected
                0x00000000000045e4        0x4 ./LVGL/src/widgets/lv_dropdown.o
                0x00000000000045e4                lv_dropdown_get_selected
 .text.lv_dropdown_get_selected_str
                0x00000000000045e8       0x7e ./LVGL/src/widgets/lv_dropdown.o
                0x00000000000045e8                lv_dropdown_get_selected_str
 .text.lv_dropdown_open
                0x0000000000004666      0x236 ./LVGL/src/widgets/lv_dropdown.o
                0x0000000000004666                lv_dropdown_open
 .text.lv_dropdown_close
                0x000000000000489c       0x28 ./LVGL/src/widgets/lv_dropdown.o
                0x000000000000489c                lv_dropdown_close
 .text.lv_dropdown_list_event
                0x00000000000048c4      0x1c4 ./LVGL/src/widgets/lv_dropdown.o
 .text.lv_dropdown_is_open
                0x0000000000004a88       0x18 ./LVGL/src/widgets/lv_dropdown.o
                0x0000000000004a88                lv_dropdown_is_open
 .text.btn_release_handler
                0x0000000000004aa0       0x7e ./LVGL/src/widgets/lv_dropdown.o
 .text.lv_dropdown_event
                0x0000000000004b1e      0x3a4 ./LVGL/src/widgets/lv_dropdown.o
 .text.lv_img_get_transformed_size
                0x0000000000004ec2       0x3c ./LVGL/src/widgets/lv_img.o
 .text.lv_img_constructor
                0x0000000000004efe       0x58 ./LVGL/src/widgets/lv_img.o
 .text.lv_img_destructor
                0x0000000000004f56       0x2e ./LVGL/src/widgets/lv_img.o
 .text.lv_img_create
                0x0000000000004f84       0x1e ./LVGL/src/widgets/lv_img.o
                0x0000000000004f84                lv_img_create
 .text.lv_img_set_src
                0x0000000000004fa2      0x178 ./LVGL/src/widgets/lv_img.o
                0x0000000000004fa2                lv_img_set_src
 .text.lv_img_event
                0x000000000000511a      0x662 ./LVGL/src/widgets/lv_img.o
 .text.lv_label_dot_tmp_free
                0x000000000000577c       0x2c ./LVGL/src/widgets/lv_label.o
 .text.lv_label_destructor
                0x00000000000057a8       0x22 ./LVGL/src/widgets/lv_label.o
 .text.set_ofs_y_anim
                0x00000000000057ca       0x10 ./LVGL/src/widgets/lv_label.o
 .text.set_ofs_x_anim
                0x00000000000057da       0x10 ./LVGL/src/widgets/lv_label.o
 .text.lv_label_revert_dots
                0x00000000000057ea       0x66 ./LVGL/src/widgets/lv_label.o
 .text.lv_obj_get_style_width.constprop.19
                0x0000000000005850       0x14 ./LVGL/src/widgets/lv_label.o
 .text.lv_obj_get_style_text_letter_space.constprop.20
                0x0000000000005864       0x16 ./LVGL/src/widgets/lv_label.o
 .text.lv_obj_get_style_text_line_space.constprop.21
                0x000000000000587a       0x16 ./LVGL/src/widgets/lv_label.o
 .text.lv_obj_get_style_text_font.constprop.22
                0x0000000000005890       0x12 ./LVGL/src/widgets/lv_label.o
 .text.lv_label_get_letter_on.part.10
                0x00000000000058a2      0x202 ./LVGL/src/widgets/lv_label.o
 .text.lv_label_refr_text
                0x0000000000005aa4      0x510 ./LVGL/src/widgets/lv_label.o
 .text.lv_label_event
                0x0000000000005fb4      0x366 ./LVGL/src/widgets/lv_label.o
 .text.lv_label_create
                0x000000000000631a       0x1e ./LVGL/src/widgets/lv_label.o
                0x000000000000631a                lv_label_create
 .text.lv_label_set_text
                0x0000000000006338       0x78 ./LVGL/src/widgets/lv_label.o
                0x0000000000006338                lv_label_set_text
 .text.lv_label_set_text_fmt
                0x00000000000063b0       0x5a ./LVGL/src/widgets/lv_label.o
                0x00000000000063b0                lv_label_set_text_fmt
 .text.lv_label_set_text_static
                0x000000000000640a       0x3c ./LVGL/src/widgets/lv_label.o
                0x000000000000640a                lv_label_set_text_static
 .text.lv_label_set_long_mode
                0x0000000000006446       0x6e ./LVGL/src/widgets/lv_label.o
                0x0000000000006446                lv_label_set_long_mode
 .text.lv_label_constructor
                0x00000000000064b4       0x56 ./LVGL/src/widgets/lv_label.o
 .text.lv_label_set_text_sel_start
                0x000000000000650a        0xe ./LVGL/src/widgets/lv_label.o
                0x000000000000650a                lv_label_set_text_sel_start
 .text.lv_label_set_text_sel_end
                0x0000000000006518        0xe ./LVGL/src/widgets/lv_label.o
                0x0000000000006518                lv_label_set_text_sel_end
 .text.lv_label_get_text
                0x0000000000006526        0x4 ./LVGL/src/widgets/lv_label.o
                0x0000000000006526                lv_label_get_text
 .text.lv_label_get_recolor
                0x000000000000652a        0xa ./LVGL/src/widgets/lv_label.o
                0x000000000000652a                lv_label_get_recolor
 .text.lv_label_get_letter_pos
                0x0000000000006534      0x1da ./LVGL/src/widgets/lv_label.o
                0x0000000000006534                lv_label_get_letter_pos
 .text.lv_label_get_letter_on
                0x000000000000670e       0x10 ./LVGL/src/widgets/lv_label.o
                0x000000000000670e                lv_label_get_letter_on
 .text.lv_label_is_char_under_pos
                0x000000000000671e      0x1c2 ./LVGL/src/widgets/lv_label.o
                0x000000000000671e                lv_label_is_char_under_pos
 .text.lv_label_get_text_selection_start
                0x00000000000068e0        0x4 ./LVGL/src/widgets/lv_label.o
                0x00000000000068e0                lv_label_get_text_selection_start
 .text.lv_label_get_text_selection_end
                0x00000000000068e4        0x4 ./LVGL/src/widgets/lv_label.o
                0x00000000000068e4                lv_label_get_text_selection_end
 .text.lv_label_ins_text
                0x00000000000068e8       0x64 ./LVGL/src/widgets/lv_label.o
                0x00000000000068e8                lv_label_ins_text
 .text.lv_line_constructor
                0x000000000000694c       0x22 ./LVGL/src/widgets/lv_line.o
 .text.lv_line_event
                0x000000000000696e      0x19a ./LVGL/src/widgets/lv_line.o
 .text.set_y_anim
                0x0000000000006b08       0x10 ./LVGL/src/widgets/lv_roller.o
 .text.lv_obj_get_style_text_font
                0x0000000000006b18       0x10 ./LVGL/src/widgets/lv_roller.o
 .text.get_label
                0x0000000000006b28        0xe ./LVGL/src/widgets/lv_roller.o
 .text.lv_obj_get_style_text_line_space.constprop.13
                0x0000000000006b36       0x16 ./LVGL/src/widgets/lv_roller.o
 .text.get_sel_area
                0x0000000000006b4c       0x7c ./LVGL/src/widgets/lv_roller.o
 .text.inf_normalize
                0x0000000000006bc8       0x80 ./LVGL/src/widgets/lv_roller.o
 .text.scroll_anim_ready_cb
                0x0000000000006c48       0x12 ./LVGL/src/widgets/lv_roller.o
 .text.refr_position
                0x0000000000006c5a      0x12e ./LVGL/src/widgets/lv_roller.o
 .text.lv_roller_set_options.part.7
                0x0000000000006d88       0xce ./LVGL/src/widgets/lv_roller.o
 .text.lv_roller_constructor
                0x0000000000006e56       0x50 ./LVGL/src/widgets/lv_roller.o
 .text.get_selected_label_width
                0x0000000000006ea6       0x5a ./LVGL/src/widgets/lv_roller.o
 .text.lv_roller_label_event
                0x0000000000006f00      0x154 ./LVGL/src/widgets/lv_roller.o
 .text.lv_roller_set_selected
                0x0000000000007054       0x86 ./LVGL/src/widgets/lv_roller.o
                0x0000000000007054                lv_roller_set_selected
 .text.lv_roller_event
                0x00000000000070da      0x486 ./LVGL/src/widgets/lv_roller.o
 .text.lv_slider_get_mode
                0x0000000000007560       0x22 ./LVGL/src/widgets/lv_slider.o
 .text.lv_slider_constructor
                0x0000000000007582       0x52 ./LVGL/src/widgets/lv_slider.o
 .text.position_knob
                0x00000000000075d4       0xd8 ./LVGL/src/widgets/lv_slider.o
 .text.lv_slider_event
                0x00000000000076ac      0x728 ./LVGL/src/widgets/lv_slider.o
 .text.lv_switch_anim_ready
                0x0000000000007dd4       0x12 ./LVGL/src/widgets/lv_switch.o
 .text.lv_switch_anim_exec_cb
                0x0000000000007de6        0xe ./LVGL/src/widgets/lv_switch.o
 .text.lv_switch_destructor
                0x0000000000007df4       0x10 ./LVGL/src/widgets/lv_switch.o
 .text.lv_switch_constructor
                0x0000000000007e04       0x28 ./LVGL/src/widgets/lv_switch.o
 .text.lv_switch_event
                0x0000000000007e2c      0x2fa ./LVGL/src/widgets/lv_switch.o
 .text.lv_obj_get_style_pad_left
                0x0000000000008126       0x12 ./LVGL/src/widgets/lv_table.o
 .text.lv_obj_get_style_pad_right
                0x0000000000008138       0x12 ./LVGL/src/widgets/lv_table.o
 .text.lv_obj_get_style_pad_top
                0x000000000000814a       0x12 ./LVGL/src/widgets/lv_table.o
 .text.get_row_height
                0x000000000000815c      0x10c ./LVGL/src/widgets/lv_table.o
 .text.lv_table_destructor
                0x0000000000008268       0x4e ./LVGL/src/widgets/lv_table.o
 .text.lv_table_constructor
                0x00000000000082b6       0x42 ./LVGL/src/widgets/lv_table.o
 .text.get_cell_area
                0x00000000000082f8      0x100 ./LVGL/src/widgets/lv_table.o
 .text.scroll_to_selected_cell
                0x00000000000083f8       0x84 ./LVGL/src/widgets/lv_table.o
 .text.draw_main
                0x000000000000847c      0x514 ./LVGL/src/widgets/lv_table.o
 .text.refr_size_form_row.constprop.4
                0x0000000000008990      0x100 ./LVGL/src/widgets/lv_table.o
 .text.lv_table_event
                0x0000000000008a90      0x2b8 ./LVGL/src/widgets/lv_table.o
 .text.pwd_char_hider_anim
                0x0000000000008d48        0x2 ./LVGL/src/widgets/lv_textarea.o
 .text.lv_textarea_destructor
                0x0000000000008d4a       0x2e ./LVGL/src/widgets/lv_textarea.o
 .text.start_cursor_blink
                0x0000000000008d78       0x6a ./LVGL/src/widgets/lv_textarea.o
 .text.lv_obj_get_style_text_font.constprop.18
                0x0000000000008de2       0x12 ./LVGL/src/widgets/lv_textarea.o
 .text.cursor_blink_anim_cb
                0x0000000000008df4       0x52 ./LVGL/src/widgets/lv_textarea.o
 .text.refr_cursor_area
                0x0000000000008e46      0x20e ./LVGL/src/widgets/lv_textarea.o
 .text.label_event_cb
                0x0000000000009054       0x3c ./LVGL/src/widgets/lv_textarea.o
 .text.lv_textarea_create
                0x0000000000009090       0x1e ./LVGL/src/widgets/lv_textarea.o
                0x0000000000009090                lv_textarea_create
 .text.lv_textarea_set_placeholder_text
                0x00000000000090ae       0x4c ./LVGL/src/widgets/lv_textarea.o
                0x00000000000090ae                lv_textarea_set_placeholder_text
 .text.lv_textarea_set_cursor_pos
                0x00000000000090fa       0xfe ./LVGL/src/widgets/lv_textarea.o
                0x00000000000090fa                lv_textarea_set_cursor_pos
 .text.lv_textarea_constructor
                0x00000000000091f8       0x92 ./LVGL/src/widgets/lv_textarea.o
 .text.lv_textarea_set_cursor_click_pos
                0x000000000000928a       0x14 ./LVGL/src/widgets/lv_textarea.o
                0x000000000000928a                lv_textarea_set_cursor_click_pos
 .text.lv_textarea_set_one_line
                0x000000000000929e       0x72 ./LVGL/src/widgets/lv_textarea.o
                0x000000000000929e                lv_textarea_set_one_line
 .text.lv_textarea_get_text
                0x0000000000009310       0x1a ./LVGL/src/widgets/lv_textarea.o
                0x0000000000009310                lv_textarea_get_text
 .text.lv_textarea_get_cursor_pos
                0x000000000000932a        0x4 ./LVGL/src/widgets/lv_textarea.o
                0x000000000000932a                lv_textarea_get_cursor_pos
 .text.lv_textarea_get_password_bullet
                0x000000000000932e       0x3c ./LVGL/src/widgets/lv_textarea.o
                0x000000000000932e                lv_textarea_get_password_bullet
 .text.pwd_char_hider
                0x000000000000936a       0x72 ./LVGL/src/widgets/lv_textarea.o
 .text.auto_hide_characters
                0x00000000000093dc       0x50 ./LVGL/src/widgets/lv_textarea.o
 .text.pwd_char_hider_anim_ready
                0x000000000000942c        0xe ./LVGL/src/widgets/lv_textarea.o
 .text.lv_textarea_get_one_line
                0x000000000000943a        0xa ./LVGL/src/widgets/lv_textarea.o
                0x000000000000943a                lv_textarea_get_one_line
 .text.lv_textarea_clear_selection
                0x0000000000009444       0x3c ./LVGL/src/widgets/lv_textarea.o
                0x0000000000009444                lv_textarea_clear_selection
 .text.lv_textarea_add_text
                0x0000000000009480       0xda ./LVGL/src/widgets/lv_textarea.o
                0x0000000000009480                lv_textarea_add_text
 .text.insert_handler
                0x000000000000955a       0x46 ./LVGL/src/widgets/lv_textarea.o
 .text.lv_textarea_add_char
                0x00000000000095a0      0x100 ./LVGL/src/widgets/lv_textarea.o
                0x00000000000095a0                lv_textarea_add_char
 .text.lv_textarea_del_char
                0x00000000000096a0       0x9c ./LVGL/src/widgets/lv_textarea.o
                0x00000000000096a0                lv_textarea_del_char
 .text.lv_textarea_del_char_forward
                0x000000000000973c       0x20 ./LVGL/src/widgets/lv_textarea.o
                0x000000000000973c                lv_textarea_del_char_forward
 .text.lv_textarea_set_text
                0x000000000000975c       0xc8 ./LVGL/src/widgets/lv_textarea.o
                0x000000000000975c                lv_textarea_set_text
 .text.lv_textarea_cursor_right
                0x0000000000009824       0x10 ./LVGL/src/widgets/lv_textarea.o
                0x0000000000009824                lv_textarea_cursor_right
 .text.lv_textarea_cursor_left
                0x0000000000009834       0x14 ./LVGL/src/widgets/lv_textarea.o
                0x0000000000009834                lv_textarea_cursor_left
 .text.lv_textarea_cursor_down
                0x0000000000009848       0x64 ./LVGL/src/widgets/lv_textarea.o
                0x0000000000009848                lv_textarea_cursor_down
 .text.lv_textarea_cursor_up
                0x00000000000098ac       0x56 ./LVGL/src/widgets/lv_textarea.o
                0x00000000000098ac                lv_textarea_cursor_up
 .text.lv_textarea_event
                0x0000000000009902      0x446 ./LVGL/src/widgets/lv_textarea.o
 .text.lv_anim_path_linear
                0x0000000000009d48       0x28 ./LVGL/src/misc/lv_anim.o
                0x0000000000009d48                lv_anim_path_linear
 .text.anim_mark_list_change
                0x0000000000009d70       0x32 ./LVGL/src/misc/lv_anim.o
 .text.anim_timer
                0x0000000000009da2      0x17e ./LVGL/src/misc/lv_anim.o
 .text._lv_anim_core_init
                0x0000000000009f20       0x38 ./LVGL/src/misc/lv_anim.o
                0x0000000000009f20                _lv_anim_core_init
 .text.lv_anim_init
                0x0000000000009f58       0x3e ./LVGL/src/misc/lv_anim.o
                0x0000000000009f58                lv_anim_init
 .text.lv_anim_del
                0x0000000000009f96       0x5e ./LVGL/src/misc/lv_anim.o
                0x0000000000009f96                lv_anim_del
 .text.lv_anim_start
                0x0000000000009ff4       0x8e ./LVGL/src/misc/lv_anim.o
                0x0000000000009ff4                lv_anim_start
 .text.lv_anim_get
                0x000000000000a082       0x30 ./LVGL/src/misc/lv_anim.o
                0x000000000000a082                lv_anim_get
 .text.lv_anim_speed_to_time
                0x000000000000a0b2       0x22 ./LVGL/src/misc/lv_anim.o
                0x000000000000a0b2                lv_anim_speed_to_time
 .text.lv_anim_path_ease_out
                0x000000000000a0d4       0x3a ./LVGL/src/misc/lv_anim.o
                0x000000000000a0d4                lv_anim_path_ease_out
 .text.lv_anim_path_ease_in_out
                0x000000000000a10e       0x3a ./LVGL/src/misc/lv_anim.o
                0x000000000000a10e                lv_anim_path_ease_in_out
 .text.lv_anim_path_step
                0x000000000000a148       0x10 ./LVGL/src/misc/lv_anim.o
                0x000000000000a148                lv_anim_path_step
 .text.lv_point_within_circle
                0x000000000000a158       0x46 ./LVGL/src/misc/lv_area.o
 .text.lv_area_set
                0x000000000000a19e        0xa ./LVGL/src/misc/lv_area.o
                0x000000000000a19e                lv_area_set
 .text.lv_area_set_width
                0x000000000000a1a8        0xa ./LVGL/src/misc/lv_area.o
                0x000000000000a1a8                lv_area_set_width
 .text.lv_area_set_height
                0x000000000000a1b2        0xa ./LVGL/src/misc/lv_area.o
                0x000000000000a1b2                lv_area_set_height
 .text.lv_area_get_size
                0x000000000000a1bc       0x1e ./LVGL/src/misc/lv_area.o
                0x000000000000a1bc                lv_area_get_size
 .text.lv_area_increase
                0x000000000000a1da       0x22 ./LVGL/src/misc/lv_area.o
                0x000000000000a1da                lv_area_increase
 .text.lv_area_move
                0x000000000000a1fc       0x22 ./LVGL/src/misc/lv_area.o
                0x000000000000a1fc                lv_area_move
 .text._lv_area_intersect
                0x000000000000a21e       0x94 ./LVGL/src/misc/lv_area.o
                0x000000000000a21e                _lv_area_intersect
 .text._lv_area_join
                0x000000000000a2b2       0x68 ./LVGL/src/misc/lv_area.o
                0x000000000000a2b2                _lv_area_join
 .text._lv_area_is_point_on
                0x000000000000a31a      0x14e ./LVGL/src/misc/lv_area.o
                0x000000000000a31a                _lv_area_is_point_on
 .text._lv_area_is_on
                0x000000000000a468       0x3e ./LVGL/src/misc/lv_area.o
                0x000000000000a468                _lv_area_is_on
 .text._lv_area_is_in
                0x000000000000a4a6       0x8a ./LVGL/src/misc/lv_area.o
                0x000000000000a4a6                _lv_area_is_in
 .text._lv_area_is_out
                0x000000000000a530       0x98 ./LVGL/src/misc/lv_area.o
                0x000000000000a530                _lv_area_is_out
 .text.lv_point_transform
                0x000000000000a5c8      0x156 ./LVGL/src/misc/lv_area.o
                0x000000000000a5c8                lv_point_transform
 .text.lv_color_mix
                0x000000000000a71e       0x3c ./LVGL/src/misc/lv_color.o
 .text.lv_color_fill
                0x000000000000a75a       0x46 ./LVGL/src/misc/lv_color.o
                0x000000000000a75a                lv_color_fill
 .text.lv_color_darken
                0x000000000000a7a0       0x12 ./LVGL/src/misc/lv_color.o
                0x000000000000a7a0                lv_color_darken
 .text.lv_color_hsv_to_rgb
                0x000000000000a7b2      0x100 ./LVGL/src/misc/lv_color.o
                0x000000000000a7b2                lv_color_hsv_to_rgb
 .text.lv_palette_main
                0x000000000000a8b2       0x1c ./LVGL/src/misc/lv_color.o
                0x000000000000a8b2                lv_palette_main
 .text.lv_palette_lighten
                0x000000000000a8ce       0x2e ./LVGL/src/misc/lv_color.o
                0x000000000000a8ce                lv_palette_lighten
 .text.lv_palette_darken
                0x000000000000a8fc       0x2a ./LVGL/src/misc/lv_color.o
                0x000000000000a8fc                lv_palette_darken
 .text._lv_fs_init
                0x000000000000a926       0x10 ./LVGL/src/misc/lv_fs.o
                0x000000000000a926                _lv_fs_init
 .text.lv_fs_close
                0x000000000000a936       0x3e ./LVGL/src/misc/lv_fs.o
                0x000000000000a936                lv_fs_close
 .text.lv_fs_read
                0x000000000000a974      0x170 ./LVGL/src/misc/lv_fs.o
                0x000000000000a974                lv_fs_read
 .text.lv_fs_seek
                0x000000000000aae4       0x74 ./LVGL/src/misc/lv_fs.o
                0x000000000000aae4                lv_fs_seek
 .text.lv_fs_get_drv
                0x000000000000ab58       0x28 ./LVGL/src/misc/lv_fs.o
                0x000000000000ab58                lv_fs_get_drv
 .text.lv_fs_open
                0x000000000000ab80       0x8c ./LVGL/src/misc/lv_fs.o
                0x000000000000ab80                lv_fs_open
 .text.lv_fs_get_ext
                0x000000000000ac0c       0x42 ./LVGL/src/misc/lv_fs.o
                0x000000000000ac0c                lv_fs_get_ext
 .text.node_set_prev.isra.0
                0x000000000000ac4e        0xa ./LVGL/src/misc/lv_ll.o
 .text.node_set_next.isra.1
                0x000000000000ac58        0xa ./LVGL/src/misc/lv_ll.o
 .text._lv_ll_init
                0x000000000000ac62       0x10 ./LVGL/src/misc/lv_ll.o
                0x000000000000ac62                _lv_ll_init
 .text._lv_ll_ins_head
                0x000000000000ac72       0x3e ./LVGL/src/misc/lv_ll.o
                0x000000000000ac72                _lv_ll_ins_head
 .text._lv_ll_ins_tail
                0x000000000000acb0       0x3e ./LVGL/src/misc/lv_ll.o
                0x000000000000acb0                _lv_ll_ins_tail
 .text._lv_ll_remove
                0x000000000000acee       0x58 ./LVGL/src/misc/lv_ll.o
                0x000000000000acee                _lv_ll_remove
 .text._lv_ll_clear
                0x000000000000ad46       0x2a ./LVGL/src/misc/lv_ll.o
                0x000000000000ad46                _lv_ll_clear
 .text._lv_ll_get_head
                0x000000000000ad70        0xa ./LVGL/src/misc/lv_ll.o
                0x000000000000ad70                _lv_ll_get_head
 .text._lv_ll_get_tail
                0x000000000000ad7a        0xa ./LVGL/src/misc/lv_ll.o
                0x000000000000ad7a                _lv_ll_get_tail
 .text._lv_ll_get_next
                0x000000000000ad84        0x8 ./LVGL/src/misc/lv_ll.o
                0x000000000000ad84                _lv_ll_get_next
 .text._lv_ll_get_prev
                0x000000000000ad8c        0x8 ./LVGL/src/misc/lv_ll.o
                0x000000000000ad8c                _lv_ll_get_prev
 .text._lv_ll_get_len
                0x000000000000ad94       0x18 ./LVGL/src/misc/lv_ll.o
                0x000000000000ad94                _lv_ll_get_len
 .text._lv_ll_is_empty
                0x000000000000adac       0x14 ./LVGL/src/misc/lv_ll.o
                0x000000000000adac                _lv_ll_is_empty
 .text.lv_trigo_sin
                0x000000000000adc0       0x7e ./LVGL/src/misc/lv_math.o
                0x000000000000adc0                lv_trigo_sin
 .text.lv_bezier3
                0x000000000000ae3e       0x54 ./LVGL/src/misc/lv_math.o
                0x000000000000ae3e                lv_bezier3
 .text.lv_atan2
                0x000000000000ae92       0xc8 ./LVGL/src/misc/lv_math.o
                0x000000000000ae92                lv_atan2
 .text.lv_pow   0x000000000000af5a       0x3c ./LVGL/src/misc/lv_math.o
                0x000000000000af5a                lv_pow
 .text.lv_map   0x000000000000af96       0x30 ./LVGL/src/misc/lv_math.o
                0x000000000000af96                lv_map
 .text.lv_mem_init
                0x000000000000afc6       0x1e ./LVGL/src/misc/lv_mem.o
                0x000000000000afc6                lv_mem_init
 .text.lv_mem_alloc
                0x000000000000afe4       0x42 ./LVGL/src/misc/lv_mem.o
                0x000000000000afe4                lv_mem_alloc
 .text.lv_mem_free
                0x000000000000b026       0x3a ./LVGL/src/misc/lv_mem.o
                0x000000000000b026                lv_mem_free
 .text.lv_mem_realloc
                0x000000000000b060       0x34 ./LVGL/src/misc/lv_mem.o
                0x000000000000b060                lv_mem_realloc
 .text.lv_mem_buf_get
                0x000000000000b094       0xb0 ./LVGL/src/misc/lv_mem.o
                0x000000000000b094                lv_mem_buf_get
 .text.lv_mem_buf_release
                0x000000000000b144       0x28 ./LVGL/src/misc/lv_mem.o
                0x000000000000b144                lv_mem_buf_release
 .text.lv_mem_buf_free_all
                0x000000000000b16c       0x38 ./LVGL/src/misc/lv_mem.o
                0x000000000000b16c                lv_mem_buf_free_all
 .text.lv_memcpy
                0x000000000000b1a4      0x1e2 ./LVGL/src/misc/lv_mem.o
                0x000000000000b1a4                lv_memcpy
 .text.lv_memset
                0x000000000000b386       0x66 ./LVGL/src/misc/lv_mem.o
                0x000000000000b386                lv_memset
 .text.lv_memset_00
                0x000000000000b3ec       0x6c ./LVGL/src/misc/lv_mem.o
                0x000000000000b3ec                lv_memset_00
 .text.lv_memset_ff
                0x000000000000b458       0x5e ./LVGL/src/misc/lv_mem.o
                0x000000000000b458                lv_memset_ff
 .text._out_buffer
                0x000000000000b4b6        0xa ./LVGL/src/misc/lv_printf.o
 .text._out_null
                0x000000000000b4c0        0x2 ./LVGL/src/misc/lv_printf.o
 .text._ntoa_format
                0x000000000000b4c2      0x19e ./LVGL/src/misc/lv_printf.o
 .text._ntoa_long
                0x000000000000b660       0x86 ./LVGL/src/misc/lv_printf.o
 .text._ntoa_long_long
                0x000000000000b6e6       0xf2 ./LVGL/src/misc/lv_printf.o
 .text._vsnprintf
                0x000000000000b7d8      0x524 ./LVGL/src/misc/lv_printf.o
 .text.lv_snprintf
                0x000000000000bcfc       0x2a ./LVGL/src/misc/lv_printf.o
                0x000000000000bcfc                lv_snprintf
 .text.lv_vsnprintf
                0x000000000000bd26       0x1c ./LVGL/src/misc/lv_printf.o
                0x000000000000bd26                lv_vsnprintf
 .text.lv_style_set_prop_helper
                0x000000000000bd42        0x6 ./LVGL/src/misc/lv_style.o
 .text.lv_style_init
                0x000000000000bd48        0xe ./LVGL/src/misc/lv_style.o
                0x000000000000bd48                lv_style_init
 .text.lv_style_reset
                0x000000000000bd56       0x2c ./LVGL/src/misc/lv_style.o
                0x000000000000bd56                lv_style_reset
 .text.lv_style_register_prop
                0x000000000000bd82       0x7c ./LVGL/src/misc/lv_style.o
                0x000000000000bd82                lv_style_register_prop
 .text.lv_style_remove_prop
                0x000000000000bdfe       0xdc ./LVGL/src/misc/lv_style.o
                0x000000000000bdfe                lv_style_remove_prop
 .text.lv_style_transition_dsc_init
                0x000000000000beda       0x3a ./LVGL/src/misc/lv_style.o
                0x000000000000beda                lv_style_transition_dsc_init
 .text.lv_style_prop_get_default
                0x000000000000bf14       0xee ./LVGL/src/misc/lv_style.o
                0x000000000000bf14                lv_style_prop_get_default
 .text.lv_style_get_prop
                0x000000000000c002       0xcc ./LVGL/src/misc/lv_style.o
                0x000000000000c002                lv_style_get_prop
 .text.lv_style_is_empty
                0x000000000000c0ce        0x8 ./LVGL/src/misc/lv_style.o
                0x000000000000c0ce                lv_style_is_empty
 .text._lv_style_get_prop_group
                0x000000000000c0d6       0x14 ./LVGL/src/misc/lv_style.o
                0x000000000000c0d6                _lv_style_get_prop_group
 .text.lv_style_set_prop_internal
                0x000000000000c0ea      0x11a ./LVGL/src/misc/lv_style.o
 .text.lv_style_set_prop
                0x000000000000c204       0x14 ./LVGL/src/misc/lv_style.o
                0x000000000000c204                lv_style_set_prop
 .text._lv_style_prop_lookup_flags
                0x000000000000c218       0x4a ./LVGL/src/misc/lv_style.o
                0x000000000000c218                _lv_style_prop_lookup_flags
 .text.lv_style_set_width
                0x000000000000c262       0x10 ./LVGL/src/misc/lv_style_gen.o
                0x000000000000c262                lv_style_set_width
 .text.lv_style_set_max_width
                0x000000000000c272       0x10 ./LVGL/src/misc/lv_style_gen.o
                0x000000000000c272                lv_style_set_max_width
 .text.lv_style_set_height
                0x000000000000c282       0x10 ./LVGL/src/misc/lv_style_gen.o
                0x000000000000c282                lv_style_set_height
 .text.lv_style_set_max_height
                0x000000000000c292       0x10 ./LVGL/src/misc/lv_style_gen.o
                0x000000000000c292                lv_style_set_max_height
 .text.lv_style_set_transform_width
                0x000000000000c2a2       0x12 ./LVGL/src/misc/lv_style_gen.o
                0x000000000000c2a2                lv_style_set_transform_width
 .text.lv_style_set_transform_height
                0x000000000000c2b4       0x12 ./LVGL/src/misc/lv_style_gen.o
                0x000000000000c2b4                lv_style_set_transform_height
 .text.lv_style_set_pad_top
                0x000000000000c2c6       0x10 ./LVGL/src/misc/lv_style_gen.o
                0x000000000000c2c6                lv_style_set_pad_top
 .text.lv_style_set_pad_bottom
                0x000000000000c2d6       0x10 ./LVGL/src/misc/lv_style_gen.o
                0x000000000000c2d6                lv_style_set_pad_bottom
 .text.lv_style_set_pad_left
                0x000000000000c2e6       0x10 ./LVGL/src/misc/lv_style_gen.o
                0x000000000000c2e6                lv_style_set_pad_left
 .text.lv_style_set_pad_right
                0x000000000000c2f6       0x10 ./LVGL/src/misc/lv_style_gen.o
                0x000000000000c2f6                lv_style_set_pad_right
 .text.lv_style_set_pad_row
                0x000000000000c306       0x10 ./LVGL/src/misc/lv_style_gen.o
                0x000000000000c306                lv_style_set_pad_row
 .text.lv_style_set_pad_column
                0x000000000000c316       0x10 ./LVGL/src/misc/lv_style_gen.o
                0x000000000000c316                lv_style_set_pad_column
 .text.lv_style_set_bg_color
                0x000000000000c326       0x1e ./LVGL/src/misc/lv_style_gen.o
                0x000000000000c326                lv_style_set_bg_color
 .text.lv_style_set_bg_opa
                0x000000000000c344       0x12 ./LVGL/src/misc/lv_style_gen.o
                0x000000000000c344                lv_style_set_bg_opa
 .text.lv_style_set_bg_grad_color
                0x000000000000c356       0x1e ./LVGL/src/misc/lv_style_gen.o
                0x000000000000c356                lv_style_set_bg_grad_color
 .text.lv_style_set_bg_img_src
                0x000000000000c374       0x12 ./LVGL/src/misc/lv_style_gen.o
                0x000000000000c374                lv_style_set_bg_img_src
 .text.lv_style_set_border_color
                0x000000000000c386       0x1e ./LVGL/src/misc/lv_style_gen.o
                0x000000000000c386                lv_style_set_border_color
 .text.lv_style_set_border_opa
                0x000000000000c3a4       0x12 ./LVGL/src/misc/lv_style_gen.o
                0x000000000000c3a4                lv_style_set_border_opa
 .text.lv_style_set_border_width
                0x000000000000c3b6       0x12 ./LVGL/src/misc/lv_style_gen.o
                0x000000000000c3b6                lv_style_set_border_width
 .text.lv_style_set_border_side
                0x000000000000c3c8       0x12 ./LVGL/src/misc/lv_style_gen.o
                0x000000000000c3c8                lv_style_set_border_side
 .text.lv_style_set_border_post
                0x000000000000c3da       0x12 ./LVGL/src/misc/lv_style_gen.o
                0x000000000000c3da                lv_style_set_border_post
 .text.lv_style_set_outline_width
                0x000000000000c3ec       0x12 ./LVGL/src/misc/lv_style_gen.o
                0x000000000000c3ec                lv_style_set_outline_width
 .text.lv_style_set_outline_color
                0x000000000000c3fe       0x1e ./LVGL/src/misc/lv_style_gen.o
                0x000000000000c3fe                lv_style_set_outline_color
 .text.lv_style_set_outline_opa
                0x000000000000c41c       0x12 ./LVGL/src/misc/lv_style_gen.o
                0x000000000000c41c                lv_style_set_outline_opa
 .text.lv_style_set_outline_pad
                0x000000000000c42e       0x12 ./LVGL/src/misc/lv_style_gen.o
                0x000000000000c42e                lv_style_set_outline_pad
 .text.lv_style_set_shadow_width
                0x000000000000c440       0x12 ./LVGL/src/misc/lv_style_gen.o
                0x000000000000c440                lv_style_set_shadow_width
 .text.lv_style_set_shadow_ofs_y
                0x000000000000c452       0x12 ./LVGL/src/misc/lv_style_gen.o
                0x000000000000c452                lv_style_set_shadow_ofs_y
 .text.lv_style_set_shadow_spread
                0x000000000000c464       0x12 ./LVGL/src/misc/lv_style_gen.o
                0x000000000000c464                lv_style_set_shadow_spread
 .text.lv_style_set_shadow_color
                0x000000000000c476       0x1e ./LVGL/src/misc/lv_style_gen.o
                0x000000000000c476                lv_style_set_shadow_color
 .text.lv_style_set_shadow_opa
                0x000000000000c494       0x12 ./LVGL/src/misc/lv_style_gen.o
                0x000000000000c494                lv_style_set_shadow_opa
 .text.lv_style_set_line_width
                0x000000000000c4a6       0x12 ./LVGL/src/misc/lv_style_gen.o
                0x000000000000c4a6                lv_style_set_line_width
 .text.lv_style_set_line_color
                0x000000000000c4b8       0x1e ./LVGL/src/misc/lv_style_gen.o
                0x000000000000c4b8                lv_style_set_line_color
 .text.lv_style_set_arc_width
                0x000000000000c4d6       0x12 ./LVGL/src/misc/lv_style_gen.o
                0x000000000000c4d6                lv_style_set_arc_width
 .text.lv_style_set_arc_rounded
                0x000000000000c4e8       0x12 ./LVGL/src/misc/lv_style_gen.o
                0x000000000000c4e8                lv_style_set_arc_rounded
 .text.lv_style_set_arc_color
                0x000000000000c4fa       0x1e ./LVGL/src/misc/lv_style_gen.o
                0x000000000000c4fa                lv_style_set_arc_color
 .text.lv_style_set_text_color
                0x000000000000c518       0x1e ./LVGL/src/misc/lv_style_gen.o
                0x000000000000c518                lv_style_set_text_color
 .text.lv_style_set_text_font
                0x000000000000c536       0x12 ./LVGL/src/misc/lv_style_gen.o
                0x000000000000c536                lv_style_set_text_font
 .text.lv_style_set_text_line_space
                0x000000000000c548       0x12 ./LVGL/src/misc/lv_style_gen.o
                0x000000000000c548                lv_style_set_text_line_space
 .text.lv_style_set_text_align
                0x000000000000c55a       0x12 ./LVGL/src/misc/lv_style_gen.o
                0x000000000000c55a                lv_style_set_text_align
 .text.lv_style_set_radius
                0x000000000000c56c       0x10 ./LVGL/src/misc/lv_style_gen.o
                0x000000000000c56c                lv_style_set_radius
 .text.lv_style_set_clip_corner
                0x000000000000c57c       0x10 ./LVGL/src/misc/lv_style_gen.o
                0x000000000000c57c                lv_style_set_clip_corner
 .text.lv_style_set_color_filter_dsc
                0x000000000000c58c       0x12 ./LVGL/src/misc/lv_style_gen.o
                0x000000000000c58c                lv_style_set_color_filter_dsc
 .text.lv_style_set_color_filter_opa
                0x000000000000c59e       0x12 ./LVGL/src/misc/lv_style_gen.o
                0x000000000000c59e                lv_style_set_color_filter_opa
 .text.lv_style_set_anim_time
                0x000000000000c5b0       0x12 ./LVGL/src/misc/lv_style_gen.o
                0x000000000000c5b0                lv_style_set_anim_time
 .text.lv_style_set_transition
                0x000000000000c5c2       0x12 ./LVGL/src/misc/lv_style_gen.o
                0x000000000000c5c2                lv_style_set_transition
 .text._lv_timer_core_init
                0x000000000000c5d4       0x18 ./LVGL/src/misc/lv_timer.o
                0x000000000000c5d4                _lv_timer_core_init
 .text.lv_timer_create
                0x000000000000c5ec       0x42 ./LVGL/src/misc/lv_timer.o
                0x000000000000c5ec                lv_timer_create
 .text.lv_timer_del
                0x000000000000c62e       0x20 ./LVGL/src/misc/lv_timer.o
                0x000000000000c62e                lv_timer_del
 .text.lv_timer_handler
                0x000000000000c64e      0x19c ./LVGL/src/misc/lv_timer.o
                0x000000000000c64e                lv_timer_handler
 .text.lv_timer_pause
                0x000000000000c7ea        0xa ./LVGL/src/misc/lv_timer.o
                0x000000000000c7ea                lv_timer_pause
 .text.lv_timer_resume
                0x000000000000c7f4        0x8 ./LVGL/src/misc/lv_timer.o
                0x000000000000c7f4                lv_timer_resume
 .text.lv_timer_ready
                0x000000000000c7fc       0x18 ./LVGL/src/misc/lv_timer.o
                0x000000000000c7fc                lv_timer_ready
 .text.block_next
                0x000000000000c814        0xe ./LVGL/src/misc/lv_tlsf.o
 .text.block_link_next
                0x000000000000c822       0x10 ./LVGL/src/misc/lv_tlsf.o
 .text.block_mark_as_used
                0x000000000000c832       0x1a ./LVGL/src/misc/lv_tlsf.o
 .text.block_split
                0x000000000000c84c       0x64 ./LVGL/src/misc/lv_tlsf.o
 .text.remove_free_block
                0x000000000000c8b0       0x50 ./LVGL/src/misc/lv_tlsf.o
 .text.mapping_insert
                0x000000000000c900       0x40 ./LVGL/src/misc/lv_tlsf.o
 .text.block_insert
                0x000000000000c940       0x62 ./LVGL/src/misc/lv_tlsf.o
 .text.block_trim_free
                0x000000000000c9a2       0x46 ./LVGL/src/misc/lv_tlsf.o
 .text.block_remove
                0x000000000000c9e8       0x28 ./LVGL/src/misc/lv_tlsf.o
 .text.block_merge_next
                0x000000000000ca10       0x4a ./LVGL/src/misc/lv_tlsf.o
 .text.block_locate_free
                0x000000000000ca5a       0xb2 ./LVGL/src/misc/lv_tlsf.o
 .text.lv_tlsf_add_pool
                0x000000000000cb0c       0x40 ./LVGL/src/misc/lv_tlsf.o
                0x000000000000cb0c                lv_tlsf_add_pool
 .text.lv_tlsf_create
                0x000000000000cb4c       0x3e ./LVGL/src/misc/lv_tlsf.o
                0x000000000000cb4c                lv_tlsf_create
 .text.lv_tlsf_create_with_pool
                0x000000000000cb8a       0x26 ./LVGL/src/misc/lv_tlsf.o
                0x000000000000cb8a                lv_tlsf_create_with_pool
 .text.lv_tlsf_malloc
                0x000000000000cbb0       0x56 ./LVGL/src/misc/lv_tlsf.o
                0x000000000000cbb0                lv_tlsf_malloc
 .text.lv_tlsf_free
                0x000000000000cc06       0x86 ./LVGL/src/misc/lv_tlsf.o
                0x000000000000cc06                lv_tlsf_free
 .text.lv_tlsf_realloc
                0x000000000000cc8c       0xde ./LVGL/src/misc/lv_tlsf.o
                0x000000000000cc8c                lv_tlsf_realloc
 .text.lv_txt_utf8_size
                0x000000000000cd6a       0x3a ./LVGL/src/misc/lv_txt.o
 .text.lv_txt_utf8_next
                0x000000000000cda4      0x128 ./LVGL/src/misc/lv_txt.o
 .text.lv_txt_utf8_get_byte_id
                0x000000000000cecc       0x36 ./LVGL/src/misc/lv_txt.o
 .text.lv_txt_utf8_get_char_id
                0x000000000000cf02       0x2a ./LVGL/src/misc/lv_txt.o
 .text.lv_txt_utf8_get_length
                0x000000000000cf2c       0x2c ./LVGL/src/misc/lv_txt.o
 .text.lv_txt_unicode_to_utf8
                0x000000000000cf58       0x9e ./LVGL/src/misc/lv_txt.o
 .text.lv_txt_utf8_prev
                0x000000000000cff6       0x46 ./LVGL/src/misc/lv_txt.o
 .text._lv_txt_is_cmd
                0x000000000000d03c       0x46 ./LVGL/src/misc/lv_txt.o
                0x000000000000d03c                _lv_txt_is_cmd
 .text._lv_txt_get_next_line
                0x000000000000d082      0x230 ./LVGL/src/misc/lv_txt.o
                0x000000000000d082                _lv_txt_get_next_line
 .text._lv_txt_ins
                0x000000000000d2b2       0x64 ./LVGL/src/misc/lv_txt.o
                0x000000000000d2b2                _lv_txt_ins
 .text._lv_txt_cut
                0x000000000000d316       0x52 ./LVGL/src/misc/lv_txt.o
                0x000000000000d316                _lv_txt_cut
 .text._lv_txt_set_text_vfmt
                0x000000000000d368       0x42 ./LVGL/src/misc/lv_txt.o
                0x000000000000d368                _lv_txt_set_text_vfmt
 .text._lv_txt_encoded_letter_next_2
                0x000000000000d3aa       0x36 ./LVGL/src/misc/lv_txt.o
                0x000000000000d3aa                _lv_txt_encoded_letter_next_2
 .text.lv_txt_get_width
                0x000000000000d3e0       0x7a ./LVGL/src/misc/lv_txt.o
                0x000000000000d3e0                lv_txt_get_width
 .text.lv_txt_get_size
                0x000000000000d45a       0xbe ./LVGL/src/misc/lv_txt.o
                0x000000000000d45a                lv_txt_get_size
 .text._lv_utils_bsearch
                0x000000000000d518       0x4a ./LVGL/src/misc/lv_utils.o
                0x000000000000d518                _lv_utils_bsearch
 .text.lv_disp_drv_init
                0x000000000000d562       0x50 ./LVGL/src/hal/lv_hal_disp.o
                0x000000000000d562                lv_disp_drv_init
 .text.lv_disp_draw_buf_init
                0x000000000000d5b2       0x26 ./LVGL/src/hal/lv_hal_disp.o
                0x000000000000d5b2                lv_disp_draw_buf_init
 .text.lv_disp_drv_register
                0x000000000000d5d8      0x13a ./LVGL/src/hal/lv_hal_disp.o
                0x000000000000d5d8                lv_disp_drv_register
 .text.lv_disp_get_default
                0x000000000000d712        0x6 ./LVGL/src/hal/lv_hal_disp.o
                0x000000000000d712                lv_disp_get_default
 .text.lv_disp_get_hor_res
                0x000000000000d718       0x2c ./LVGL/src/hal/lv_hal_disp.o
                0x000000000000d718                lv_disp_get_hor_res
 .text.lv_disp_get_ver_res
                0x000000000000d744       0x2c ./LVGL/src/hal/lv_hal_disp.o
                0x000000000000d744                lv_disp_get_ver_res
 .text.lv_disp_get_dpi
                0x000000000000d770       0x1a ./LVGL/src/hal/lv_hal_disp.o
                0x000000000000d770                lv_disp_get_dpi
 .text.lv_disp_flush_ready
                0x000000000000d78a        0xc ./LVGL/src/hal/lv_hal_disp.o
                0x000000000000d78a                lv_disp_flush_ready
 .text.lv_disp_get_next
                0x000000000000d796       0x1a ./LVGL/src/hal/lv_hal_disp.o
                0x000000000000d796                lv_disp_get_next
 .text.lv_disp_get_draw_buf
                0x000000000000d7b0        0x6 ./LVGL/src/hal/lv_hal_disp.o
                0x000000000000d7b0                lv_disp_get_draw_buf
 .text.lv_indev_drv_init
                0x000000000000d7b6       0x2a ./LVGL/src/hal/lv_hal_indev.o
                0x000000000000d7b6                lv_indev_drv_init
 .text.lv_indev_drv_register
                0x000000000000d7e0       0x4e ./LVGL/src/hal/lv_hal_indev.o
                0x000000000000d7e0                lv_indev_drv_register
 .text.lv_indev_get_next
                0x000000000000d82e       0x1a ./LVGL/src/hal/lv_hal_indev.o
                0x000000000000d82e                lv_indev_get_next
 .text._lv_indev_read
                0x000000000000d848       0x44 ./LVGL/src/hal/lv_hal_indev.o
                0x000000000000d848                _lv_indev_read
 .text.lv_tick_get
                0x000000000000d88c        0xc ./LVGL/src/hal/lv_hal_tick.o
                0x000000000000d88c                lv_tick_get
 .text.lv_tick_elaps
                0x000000000000d898       0x10 ./LVGL/src/hal/lv_hal_tick.o
                0x000000000000d898                lv_tick_elaps
 .text.lv_font_get_glyph_bitmap
                0x000000000000d8a8       0x10 ./LVGL/src/font/lv_font.o
                0x000000000000d8a8                lv_font_get_glyph_bitmap
 .text.lv_font_get_glyph_dsc
                0x000000000000d8b8       0xb0 ./LVGL/src/font/lv_font.o
                0x000000000000d8b8                lv_font_get_glyph_dsc
 .text.lv_font_get_glyph_width
                0x000000000000d968       0x1c ./LVGL/src/font/lv_font.o
                0x000000000000d968                lv_font_get_glyph_width
 .text.kern_pair_8_compare
                0x000000000000d984       0x16 ./LVGL/src/font/lv_font_fmt_txt.o
 .text.kern_pair_16_compare
                0x000000000000d99a       0x16 ./LVGL/src/font/lv_font_fmt_txt.o
 .text.unicode_list_compare
                0x000000000000d9b0        0x8 ./LVGL/src/font/lv_font_fmt_txt.o
 .text.get_glyph_dsc_id.isra.0.part.1
                0x000000000000d9b8       0xea ./LVGL/src/font/lv_font_fmt_txt.o
 .text.lv_font_get_bitmap_fmt_txt
                0x000000000000daa2       0x3e ./LVGL/src/font/lv_font_fmt_txt.o
                0x000000000000daa2                lv_font_get_bitmap_fmt_txt
 .text.lv_font_get_glyph_dsc_fmt_txt
                0x000000000000dae0      0x176 ./LVGL/src/font/lv_font_fmt_txt.o
                0x000000000000dae0                lv_font_get_glyph_dsc_fmt_txt
 .text._lv_font_clean_up_fmt_txt
                0x000000000000dc56        0x2 ./LVGL/src/font/lv_font_fmt_txt.o
                0x000000000000dc56                _lv_font_clean_up_fmt_txt
 .text.lv_win_constructor
                0x000000000000dc58       0x76 ./LVGL/src/extra/widgets/win/lv_win.o
 .text.lv_tileview_constructor
                0x000000000000dcce       0x44 ./LVGL/src/extra/widgets/tileview/lv_tileview.o
 .text.tileview_event_cb
                0x000000000000dd12       0xca ./LVGL/src/extra/widgets/tileview/lv_tileview.o
 .text.lv_tileview_tile_constructor
                0x000000000000dddc       0x76 ./LVGL/src/extra/widgets/tileview/lv_tileview.o
 .text.lv_tabview_destructor
                0x000000000000de52       0x6c ./LVGL/src/extra/widgets/tabview/lv_tabview.o
 .text.lv_tabview_constructor
                0x000000000000debe      0x15e ./LVGL/src/extra/widgets/tabview/lv_tabview.o
 .text.lv_tabview_get_content
                0x000000000000e01c        0xe ./LVGL/src/extra/widgets/tabview/lv_tabview.o
                0x000000000000e01c                lv_tabview_get_content
 .text.lv_tabview_get_tab_btns
                0x000000000000e02a        0xe ./LVGL/src/extra/widgets/tabview/lv_tabview.o
                0x000000000000e02a                lv_tabview_get_tab_btns
 .text.lv_tabview_set_act
                0x000000000000e038       0xbe ./LVGL/src/extra/widgets/tabview/lv_tabview.o
                0x000000000000e038                lv_tabview_set_act
 .text.lv_tabview_event
                0x000000000000e0f6       0x3a ./LVGL/src/extra/widgets/tabview/lv_tabview.o
 .text.cont_scroll_end_event_cb
                0x000000000000e130       0xde ./LVGL/src/extra/widgets/tabview/lv_tabview.o
 .text.btns_value_changed_event_cb
                0x000000000000e20e       0x24 ./LVGL/src/extra/widgets/tabview/lv_tabview.o
 .text.lv_spinner_constructor
                0x000000000000e232       0x82 ./LVGL/src/extra/widgets/spinner/lv_spinner.o
 .text.arc_anim_start_angle
                0x000000000000e2b4       0x10 ./LVGL/src/extra/widgets/spinner/lv_spinner.o
 .text.arc_anim_end_angle
                0x000000000000e2c4       0x10 ./LVGL/src/extra/widgets/spinner/lv_spinner.o
 .text.lv_spinbox_updatevalue
                0x000000000000e2d4      0x120 ./LVGL/src/extra/widgets/spinbox/lv_spinbox.o
 .text.lv_spinbox_constructor
                0x000000000000e3f4       0x48 ./LVGL/src/extra/widgets/spinbox/lv_spinbox.o
 .text.lv_spinbox_step_next
                0x000000000000e43c       0x1e ./LVGL/src/extra/widgets/spinbox/lv_spinbox.o
                0x000000000000e43c                lv_spinbox_step_next
 .text.lv_spinbox_step_prev
                0x000000000000e45a       0x2c ./LVGL/src/extra/widgets/spinbox/lv_spinbox.o
                0x000000000000e45a                lv_spinbox_step_prev
 .text.lv_spinbox_increment
                0x000000000000e486       0x44 ./LVGL/src/extra/widgets/spinbox/lv_spinbox.o
                0x000000000000e486                lv_spinbox_increment
 .text.lv_spinbox_decrement
                0x000000000000e4ca       0x44 ./LVGL/src/extra/widgets/spinbox/lv_spinbox.o
                0x000000000000e4ca                lv_spinbox_decrement
 .text.lv_spinbox_event
                0x000000000000e50e      0x188 ./LVGL/src/extra/widgets/spinbox/lv_spinbox.o
 .text.lv_meter_destructor
                0x000000000000e696       0x20 ./LVGL/src/extra/widgets/meter/lv_meter.o
 .text.lv_meter_constructor
                0x000000000000e6b6       0x20 ./LVGL/src/extra/widgets/meter/lv_meter.o
 .text.lv_meter_event
                0x000000000000e6d6      0x8d6 ./LVGL/src/extra/widgets/meter/lv_meter.o
 .text.lv_menu_destructor
                0x000000000000efac       0x10 ./LVGL/src/extra/widgets/menu/lv_menu.o
 .text.lv_menu_section_constructor
                0x000000000000efbc       0x1a ./LVGL/src/extra/widgets/menu/lv_menu.o
 .text.lv_menu_cont_constructor
                0x000000000000efd6       0x26 ./LVGL/src/extra/widgets/menu/lv_menu.o
 .text.lv_menu_constructor
                0x000000000000effc      0x146 ./LVGL/src/extra/widgets/menu/lv_menu.o
 .text.lv_menu_value_changed_event_cb
                0x000000000000f142       0x4e ./LVGL/src/extra/widgets/menu/lv_menu.o
 .text.lv_menu_page_destructor
                0x000000000000f190       0x18 ./LVGL/src/extra/widgets/menu/lv_menu.o
 .text.lv_menu_page_constructor
                0x000000000000f1a8       0x34 ./LVGL/src/extra/widgets/menu/lv_menu.o
 .text.lv_menu_refr_main_header_mode
                0x000000000000f1dc       0x70 ./LVGL/src/extra/widgets/menu/lv_menu.o
 .text.lv_menu_back_btn_is_root
                0x000000000000f24c       0x1e ./LVGL/src/extra/widgets/menu/lv_menu.o
                0x000000000000f24c                lv_menu_back_btn_is_root
 .text.lv_menu_clear_history
                0x000000000000f26a       0x16 ./LVGL/src/extra/widgets/menu/lv_menu.o
                0x000000000000f26a                lv_menu_clear_history
 .text.lv_menu_set_page
                0x000000000000f280       0xd4 ./LVGL/src/extra/widgets/menu/lv_menu.o
                0x000000000000f280                lv_menu_set_page
 .text.lv_menu_back_event_cb
                0x000000000000f354       0x96 ./LVGL/src/extra/widgets/menu/lv_menu.o
 .text.lv_color_to32
                0x000000000000f3ea       0x4e ./LVGL/src/extra/widgets/led/lv_led.o
 .text.lv_color_mix
                0x000000000000f438       0x3c ./LVGL/src/extra/widgets/led/lv_led.o
 .text.lv_color_black
                0x000000000000f474        0x4 ./LVGL/src/extra/widgets/led/lv_led.o
 .text.lv_led_event
                0x000000000000f478      0x2b2 ./LVGL/src/extra/widgets/led/lv_led.o
 .text.lv_led_constructor
                0x000000000000f72a       0x1e ./LVGL/src/extra/widgets/led/lv_led.o
 .text.lv_keyboard_update_ctrl_map
                0x000000000000f748       0x72 ./LVGL/src/extra/widgets/keyboard/lv_keyboard.o
 .text.lv_keyboard_update_map
                0x000000000000f7ba       0x28 ./LVGL/src/extra/widgets/keyboard/lv_keyboard.o
 .text.lv_keyboard_constructor
                0x000000000000f7e2       0x4c ./LVGL/src/extra/widgets/keyboard/lv_keyboard.o
 .text.lv_keyboard_def_event_cb
                0x000000000000f82e      0x212 ./LVGL/src/extra/widgets/keyboard/lv_keyboard.o
                0x000000000000f82e                lv_keyboard_def_event_cb
 .text.lv_keyboard_create
                0x000000000000fa40       0x1e ./LVGL/src/extra/widgets/keyboard/lv_keyboard.o
                0x000000000000fa40                lv_keyboard_create
 .text.lv_keyboard_set_textarea
                0x000000000000fa5e       0x22 ./LVGL/src/extra/widgets/keyboard/lv_keyboard.o
                0x000000000000fa5e                lv_keyboard_set_textarea
 .text.fast_hsv2rgb.part.0
                0x000000000000fa80       0x8a ./LVGL/src/extra/widgets/colorwheel/lv_colorwheel.o
 .text.get_knob_area
                0x000000000000fb0a       0x9a ./LVGL/src/extra/widgets/colorwheel/lv_colorwheel.o
 .text.refr_knob_pos
                0x000000000000fba4       0xc2 ./LVGL/src/extra/widgets/colorwheel/lv_colorwheel.o
 .text.lv_colorwheel_constructor
                0x000000000000fc66       0x4e ./LVGL/src/extra/widgets/colorwheel/lv_colorwheel.o
 .text.lv_colorwheel_set_hsv
                0x000000000000fcb4       0x7a ./LVGL/src/extra/widgets/colorwheel/lv_colorwheel.o
                0x000000000000fcb4                lv_colorwheel_set_hsv
 .text.lv_colorwheel_get_rgb
                0x000000000000fd2e       0x16 ./LVGL/src/extra/widgets/colorwheel/lv_colorwheel.o
                0x000000000000fd2e                lv_colorwheel_get_rgb
 .text.lv_colorwheel_event
                0x000000000000fd44      0x78c ./LVGL/src/extra/widgets/colorwheel/lv_colorwheel.o
 .text.lv_obj_get_style_pad_left
                0x00000000000104d0       0x12 ./LVGL/src/extra/widgets/chart/lv_chart.o
 .text.lv_obj_get_style_width
                0x00000000000104e2       0x12 ./LVGL/src/extra/widgets/chart/lv_chart.o
 .text.lv_obj_get_style_pad_column
                0x00000000000104f4       0x12 ./LVGL/src/extra/widgets/chart/lv_chart.o
 .text.lv_obj_get_style_pad_top
                0x0000000000010506       0x12 ./LVGL/src/extra/widgets/chart/lv_chart.o
 .text.lv_chart_destructor
                0x0000000000010518       0x5e ./LVGL/src/extra/widgets/chart/lv_chart.o
 .text.lv_chart_constructor
                0x0000000000010576       0x5e ./LVGL/src/extra/widgets/chart/lv_chart.o
 .text.lv_obj_get_style_border_width.constprop.8
                0x00000000000105d4       0x16 ./LVGL/src/extra/widgets/chart/lv_chart.o
 .text.invalidate_point
                0x00000000000105ea      0x18c ./LVGL/src/extra/widgets/chart/lv_chart.o
 .text.lv_chart_get_point_pos_by_id
                0x0000000000010776      0x1ba ./LVGL/src/extra/widgets/chart/lv_chart.o
                0x0000000000010776                lv_chart_get_point_pos_by_id
 .text.get_tick_gsc
                0x0000000000010930       0x2c ./LVGL/src/extra/widgets/chart/lv_chart.o
                0x0000000000010930                get_tick_gsc
 .text.draw_y_ticks
                0x000000000001095c      0x2fe ./LVGL/src/extra/widgets/chart/lv_chart.o
 .text.draw_x_ticks
                0x0000000000010c5a      0x35c ./LVGL/src/extra/widgets/chart/lv_chart.o
 .text.lv_chart_event
                0x0000000000010fb6     0x1258 ./LVGL/src/extra/widgets/chart/lv_chart.o
 .text.get_month_length
                0x000000000001220e       0x5c ./LVGL/src/extra/widgets/calendar/lv_calendar.o
 .text.draw_part_begin_event_cb
                0x000000000001226a       0xbc ./LVGL/src/extra/widgets/calendar/lv_calendar.o
 .text.get_day_of_week.constprop.0
                0x0000000000012326       0x4e ./LVGL/src/extra/widgets/calendar/lv_calendar.o
 .text.highlight_update
                0x0000000000012374       0x8c ./LVGL/src/extra/widgets/calendar/lv_calendar.o
 .text.lv_calendar_set_showed_date
                0x0000000000012400      0x168 ./LVGL/src/extra/widgets/calendar/lv_calendar.o
                0x0000000000012400                lv_calendar_set_showed_date
 .text.lv_calendar_constructor
                0x0000000000012568      0x108 ./LVGL/src/extra/widgets/calendar/lv_calendar.o
 .text.lv_calendar_get_showed_date
                0x0000000000012670        0x6 ./LVGL/src/extra/widgets/calendar/lv_calendar.o