Archive member included to satisfy reference by file (symbol)

D:\ch32\CH32V208\Central\LIB\libwchble.a(message.o)
                              ./HAL/MCU.o (tmos_msg_deallocate)
D:\ch32\CH32V208\Central\LIB\libwchble.a(tmos.o)
                              ./APP/central.o (tmos_rand)
D:\ch32\CH32V208\Central\LIB\libwchble.a(tmos_hw.o)
                              D:\ch32\CH32V208\Central\LIB\libwchble.a(tmos.o) (bleClock_t)
D:\ch32\CH32V208\Central\LIB\libwchble.a(tmos_snv.o)
                              D:\ch32\CH32V208\Central\LIB\libwchble.a(tmos.o) (tmos_snv_init)
D:\ch32\CH32V208\Central\LIB\libwchble.a(gap.o)
                              ./APP/central.o (GAP_SetParamValue)
D:\ch32\CH32V208\Central\LIB\libwchble.a(gap_central.o)
                              D:\ch32\CH32V208\Central\LIB\libwchble.a(gap.o) (gapProcessPeriodicAdvertisingSyncEstablishedEvt)
D:\ch32\CH32V208\Central\LIB\libwchble.a(gap_peripheral.o)
                              D:\ch32\CH32V208\Central\LIB\libwchble.a(gap.o) (GAP_PeripheralParamInit)
D:\ch32\CH32V208\Central\LIB\libwchble.a(gatt.o)
                              ./APP/central.o (GATT_DiscAllChars)
D:\ch32\CH32V208\Central\LIB\libwchble.a(gatt_uuid.o)
                              D:\ch32\CH32V208\Central\LIB\libwchble.a(gatt.o) (serviceChangedUUID)
D:\ch32\CH32V208\Central\LIB\libwchble.a(gattclientapp.o)
                              D:\ch32\CH32V208\Central\LIB\libwchble.a(gatt.o) (gattGetClientStatus)
D:\ch32\CH32V208\Central\LIB\libwchble.a(gattservapp.o)
                              D:\ch32\CH32V208\Central\LIB\libwchble.a(gatt.o) (GATT_Indication)
D:\ch32\CH32V208\Central\LIB\libwchble.a(l2cap.o)
                              D:\ch32\CH32V208\Central\LIB\libwchble.a(gatt.o) (L2CAP_GetMTU)
D:\ch32\CH32V208\Central\LIB\libwchble.a(l2cap_input.o)
                              D:\ch32\CH32V208\Central\LIB\libwchble.a(l2cap.o) (l2capProcessRxData)
D:\ch32\CH32V208\Central\LIB\libwchble.a(l2cap_output.o)
                              D:\ch32\CH32V208\Central\LIB\libwchble.a(l2cap_input.o) (l2capNotifyData)
D:\ch32\CH32V208\Central\LIB\libwchble.a(l2cap_sdu.o)
                              D:\ch32\CH32V208\Central\LIB\libwchble.a(l2cap_input.o) (l2capBuildDisconnectRsp)
D:\ch32\CH32V208\Central\LIB\libwchble.a(linkdb.o)
                              D:\ch32\CH32V208\Central\LIB\libwchble.a(l2cap.o) (linkDB_Init)
D:\ch32\CH32V208\Central\LIB\libwchble.a(sm.o)
                              D:\ch32\CH32V208\Central\LIB\libwchble.a(gap.o) (smFreePairingParams)
D:\ch32\CH32V208\Central\LIB\libwchble.a(sm_initiator.o)
                              D:\ch32\CH32V208\Central\LIB\libwchble.a(sm.o) (smInitiatorSendNextKeyInfo)
D:\ch32\CH32V208\Central\LIB\libwchble.a(sm_pdu.o)
                              D:\ch32\CH32V208\Central\LIB\libwchble.a(sm.o) (smpBuildPairingReq)
D:\ch32\CH32V208\Central\LIB\libwchble.a(sm_responding.o)
                              D:\ch32\CH32V208\Central\LIB\libwchble.a(sm.o) (smResponderSendNextKeyInfo)
D:\ch32\CH32V208\Central\LIB\libwchble.a(sm_toolbox.o)
                              D:\ch32\CH32V208\Central\LIB\libwchble.a(sm.o) (sm_ah)
D:\ch32\CH32V208\Central\LIB\libwchble.a(host_input.o)
                              D:\ch32\CH32V208\Central\LIB\libwchble.a(gap.o) (gBleHostPara)
D:\ch32\CH32V208\Central\LIB\libwchble.a(host_output.o)
                              D:\ch32\CH32V208\Central\LIB\libwchble.a(gap.o) (HCI_DisconnectCmd)
D:\ch32\CH32V208\Central\LIB\libwchble.a(ll.o)
                              D:\ch32\CH32V208\Central\LIB\libwchble.a(tmos.o) (gBleLlPara)
D:\ch32\CH32V208\Central\LIB\libwchble.a(ll_advertise.o)
                              D:\ch32\CH32V208\Central\LIB\libwchble.a(ll.o) (LL_AdvertiseEventRegister)
D:\ch32\CH32V208\Central\LIB\libwchble.a(ll_connect.o)
                              D:\ch32\CH32V208\Central\LIB\libwchble.a(ll.o) (LL_ConnectEventRegister)
D:\ch32\CH32V208\Central\LIB\libwchble.a(ll_core.o)
                              D:\ch32\CH32V208\Central\LIB\libwchble.a(ll_advertise.o) (LL_CoreGetCore)
D:\ch32\CH32V208\Central\LIB\libwchble.a(ll_hop.o)
                              D:\ch32\CH32V208\Central\LIB\libwchble.a(ll_connect.o) (LL_HopGetChannel)
D:\ch32\CH32V208\Central\LIB\libwchble.a(ll_master.o)
                              D:\ch32\CH32V208\Central\LIB\libwchble.a(gap_central.o) (LL_SetDataSendPriority)
D:\ch32\CH32V208\Central\LIB\libwchble.a(ll_pdu.o)
                              D:\ch32\CH32V208\Central\LIB\libwchble.a(ll_master.o) (LL_ConnectionUpdateInd)
D:\ch32\CH32V208\Central\LIB\libwchble.a(ll_report.o)
                              D:\ch32\CH32V208\Central\LIB\libwchble.a(ll.o) (LL_ProcessTMOSReportMsg)
D:\ch32\CH32V208\Central\LIB\libwchble.a(ll_resolvinglist.o)
                              D:\ch32\CH32V208\Central\LIB\libwchble.a(ll_advertise.o) (ll_resolvinglist_checkRPA)
D:\ch32\CH32V208\Central\LIB\libwchble.a(ll_scan.o)
[...]
Memory Configuration

Name             Origin             Length             Attributes
FLASH            0x0000000000000000 0x0000000000070000 xr
RAM              0x0000000020000000 0x0000000000010000 xrw
*default*        0x0000000000000000 0xffffffffffffffff

Linker script and memory map

LOAD ./SRC/Startup/startup_ch32v20x_D8W.o
LOAD ./SRC/Peripheral/src/ch32v20x_adc.o
LOAD ./SRC/Peripheral/src/ch32v20x_bkp.o
LOAD ./SRC/Peripheral/src/ch32v20x_can.o
LOAD ./SRC/Peripheral/src/ch32v20x_crc.o
LOAD ./SRC/Peripheral/src/ch32v20x_dbgmcu.o
LOAD ./SRC/Peripheral/src/ch32v20x_dma.o
LOAD ./SRC/Peripheral/src/ch32v20x_exti.o
LOAD ./SRC/Peripheral/src/ch32v20x_flash.o
LOAD ./SRC/Peripheral/src/ch32v20x_gpio.o
LOAD ./SRC/Peripheral/src/ch32v20x_i2c.o
LOAD ./SRC/Peripheral/src/ch32v20x_iwdg.o
LOAD ./SRC/Peripheral/src/ch32v20x_misc.o
LOAD ./SRC/Peripheral/src/ch32v20x_opa.o
LOAD ./SRC/Peripheral/src/ch32v20x_pwr.o
LOAD ./SRC/Peripheral/src/ch32v20x_rcc.o
LOAD ./SRC/Peripheral/src/ch32v20x_rtc.o
LOAD ./SRC/Peripheral/src/ch32v20x_spi.o
LOAD ./SRC/Peripheral/src/ch32v20x_tim.o
LOAD ./SRC/Peripheral/src/ch32v20x_usart.o
LOAD ./SRC/Peripheral/src/ch32v20x_wwdg.o
LOAD ./SRC/Debug/debug.o
LOAD ./SRC/Core/core_riscv.o
LOAD ./LIB/ble_task_scheduler.o
LOAD ./HAL/KEY.o
LOAD ./HAL/LED.o
LOAD ./HAL/MCU.o
LOAD ./HAL/RTC.o
LOAD ./HAL/SLEEP.o
LOAD ./APP/central.o
LOAD ./APP/central_main.o
LOAD ./APP/ch32v20x_it.o
LOAD ./APP/system_ch32v20x.o
LOAD D:\ch32\CH32V208\Central\LIB\libwchble.a
LOAD e:/mouriverstudio/program/mounriver/mounriver_studio/toolchain/risc-v embedded gcc/bin/../lib/gcc/riscv-none-embed/8.2.0/../../../../riscv-none-embed/lib/rv32imacxw/ilp32\libm.a
LOAD e:/mouriverstudio/program/mounriver/mounriver_studio/toolchain/risc-v embedded gcc/bin/../lib/gcc/riscv-none-embed/8.2.0/rv32imacxw/ilp32\libgcc.a
LOAD e:/mouriverstudio/program/mounriver/mounriver_studio/toolchain/risc-v embedded gcc/bin/../lib/gcc/riscv-none-embed/8.2.0/../../../../riscv-none-embed/lib/rv32imacxw/ilp32\libg_nano.a
LOAD e:/mouriverstudio/program/mounriver/mounriver_studio/toolchain/risc-v embedded gcc/bin/../lib/gcc/riscv-none-embed/8.2.0/../../../../riscv-none-embed/lib/rv32imacxw/ilp32\libc_nano.a
LOAD e:/mouriverstudio/program/mounriver/mounriver_studio/toolchain/risc-v embedded gcc/bin/../lib/gcc/riscv-none-embed/8.2.0/rv32imacxw/ilp32\libgcc.a
START GROUP
LOAD e:/mouriverstudio/program/mounriver/mounriver_studio/toolchain/risc-v embedded gcc/bin/../lib/gcc/riscv-none-embed/8.2.0/rv32imacxw/ilp32\libgcc.a
LOAD e:/mouriverstudio/program/mounriver/mounriver_studio/toolchain/risc-v embedded gcc/bin/../lib/gcc/riscv-none-embed/8.2.0/../../../../riscv-none-embed/lib/rv32imacxw/ilp32\libc_nano.a
LOAD e:/mouriverstudio/program/mounriver/mounriver_studio/toolchain/risc-v embedded gcc/bin/../lib/gcc/riscv-none-embed/8.2.0/../../../../riscv-none-embed/lib/rv32imacxw/ilp32\libnosys.a
END GROUP
START GROUP
LOAD e:/mouriverstudio/program/mounriver/mounriver_studio/toolchain/risc-v embedded gcc/bin/../lib/gcc/riscv-none-embed/8.2.0/rv32imacxw/ilp32\libgcc.a
LOAD e:/mouriverstudio/program/mounriver/mounriver_studio/toolchain/risc-v embedded gcc/bin/../lib/gcc/riscv-none-embed/8.2.0/../../../../riscv-none-embed/lib/rv32imacxw/ilp32\libc_nano.a
LOAD e:/mouriverstudio/program/mounriver/mounriver_studio/toolchain/risc-v embedded gcc/bin/../lib/gcc/riscv-none-embed/8.2.0/../../../../riscv-none-embed/lib/rv32imacxw/ilp32\libnosys.a
END GROUP
                0x0000000000000800                __stack_size = 0x800
                [!provide]                        PROVIDE (_stack_size = __stack_size)

.init           0x0000000000000000        0x4
                0x0000000000000000                _sinit = .
                0x0000000000000000                . = ALIGN (0x4)
 *(SORT_NONE(.init))
 .init          0x0000000000000000        0x4 ./SRC/Startup/startup_ch32v20x_D8W.o
                0x0000000000000000                _start
                0x0000000000000004                . = ALIGN (0x4)
                0x0000000000000004                _einit = .

.vector         0x0000000000000004      0x13c
 *(.vector)
 .vector        0x0000000000000004      0x118 ./SRC/Startup/startup_ch32v20x_D8W.o
                0x0000000000000140                . = ALIGN (0x40)
 *fill*         0x000000000000011c       0x24 
 *(SORT_NONE(.handle_reset))

.highcode       0x0000000000000140     0x2f58
                0x0000000000000140                . = ALIGN (0x4)
 *(.highcode)
 .highcode      0x0000000000000140       0x4e ./LIB/ble_task_scheduler.o
                0x0000000000000140                Ecall_U_Mode_Handler
                0x0000000000000140                Ecall_M_Mode_Handler
 .highcode      0x000000000000018e        0x8 ./APP/central_main.o
                0x000000000000018e                Main_Circulation
 .highcode      0x0000000000000196       0xf8 D:\ch32\CH32V208\Central\LIB\libwchble.a(message.o)
                0x0000000000000196                tmos_msg_enqueue
                0x00000000000001b0                tmos_msg_allocate
                0x000000000000020c                tmos_msg_receive
 .highcode      0x000000000000028e      0x6e4 D:\ch32\CH32V208\Central\LIB\libwchble.a(tmos.o)
                0x00000000000002b2                tmos_memcpy
                0x00000000000002ec                tmos_memcpy_word
                0x000000000000031c                tmos_memset
                0x000000000000034a                tmos_strlen
                0x0000000000000376                tmos_memdup
                0x00000000000003c4                tmos_memcmp
                0x000000000000040e                tmos_revmemcpy
                0x0000000000000442                tmos_isbufset
                0x00000000000005c0                tmos_proces_idle
                0x0000000000000748                TMOS_SysRegister
                0x0000000000000756                ble_controller_func
                0x0000000000000782                TMOS_SystemProcess
 .highcode      0x0000000000000972       0x68 D:\ch32\CH32V208\Central\LIB\libwchble.a(tmos_hw.o)
                0x00000000000009a6                TMOS_TimerIRQHandler
 .highcode      0x00000000000009da       0x30 D:\ch32\CH32V208\Central\LIB\libwchble.a(gattclientapp.o)
                0x00000000000009da                gattFindClientInfo
 .highcode      0x0000000000000a0a       0x76 D:\ch32\CH32V208\Central\LIB\libwchble.a(gattservapp.o)
                0x0000000000000a0a                gattFindServerInfo
                0x0000000000000a36                GATT_FindHandle
 .highcode      0x0000000000000a80       0x34 D:\ch32\CH32V208\Central\LIB\libwchble.a(linkdb.o)
                0x0000000000000a80                linkDB_Find
 .highcode      0x0000000000000ab4      0xa8c D:\ch32\CH32V208\Central\LIB\libwchble.a(ll_connect.o)
                0x0000000000000ab4                ll_connect_send_data
                0x0000000000000be0                ll_connect_recv_data
                0x0000000000000cbc                ll_connect_event_continue
                0x0000000000000d82                ll_wait_connect_event
                0x0000000000000d92                ll_connect_start_event
                0x0000000000001184                ll_get_connect_anchorPoint
                0x0000000000001408                ll_process_connect_event
 .highcode      0x0000000000001540      0x7c4 D:\ch32\CH32V208\Central\LIB\libwchble.a(ll_hop.o)
                0x0000000000001540                LL_HopGetChannel
                0x00000000000015de                LL_HopGetChannel2
                0x0000000000001840                LL_PeriodicHopGetChannel2
                0x0000000000001aa2                LL_PeriodicScanHopGetChannel2
 .highcode      0x0000000000001d04      0x136 D:\ch32\CH32V208\Central\LIB\libwchble.a(ll_resolvinglist.o)
                0x0000000000001d04                ll_resolvinglist_checkRPA
                0x0000000000001d6e                LL_ResolvinglistPeerIdentifyAddressGetIrk
                0x0000000000001dc2                LL_ResolvinglistPeerRpaAddressGetIrk
                0x0000000000001dfe                LL_ResolvinglistLocalRpaAddressGetIrk
 .highcode      0x0000000000001e3a       0xa4 D:\ch32\CH32V208\Central\LIB\libwchble.a(ll_scan.o)
                0x0000000000001e3a                ll_scan_duplicate_filter
 .highcode      0x0000000000001ede       0x50 D:\ch32\CH32V208\Central\LIB\libwchble.a(ll_whitelist.o)
                0x0000000000001ede                LL_WhitelistLookup
 .highcode      0x0000000000001f2e      0x2a6 D:\ch32\CH32V208\Central\LIB\libwchble.a(aes.o)
                0x0000000000001f2e                AES_DevAESEnc
                0x00000000000020d8                AES_DevPktEnc
                0x0000000000002150                AES_DevPktDec
 .highcode      0x00000000000021d4      0x114 D:\ch32\CH32V208\Central\LIB\libwchble.a(bb.o)
                0x00000000000021d4                BB_IRQLibHandler
 .highcode      0x00000000000022e8      0x39a D:\ch32\CH32V208\Central\LIB\libwchble.a(ip.o)
                0x00000000000022e8                ll_rx_wait_finish
                0x000000000000231c                ble_ll_chkcrc
                0x00000000000023a8                ll_tx_wait_finish
                0x00000000000024a2                BLE_CheckHoppingMap
 .highcode      0x0000000000002682      0x336 D:\ch32\CH32V208\Central\LIB\libwchble.a(lle.o)
                0x0000000000002682                LLE_IRQSubHandler
                0x000000000000287a                lle_irq_process
 .highcode      0x00000000000029b8       0x3a D:\ch32\CH32V208\Central\LIB\libwchble.a(rfend.o)
                0x00000000000029b8                RFEND_WaitTune
 .highcode      0x00000000000029f2      0x22a D:\ch32\CH32V208\Central\LIB\libwchble.a(memory.o)
                0x00000000000029f2                tmos_memory_allocate
                0x0000000000002ae0                tmos_memory_free
                0x0000000000002be0                tmos_bm_adjust_header
 .highcode      0x0000000000002c1c      0x3b0 D:\ch32\CH32V208\Central\LIB\libwchble.a(ll_periodic .o)
 *(.highcode.*)
 *fill*         0x0000000000002fcc        0x0 
 .highcode.LLE_IRQHandler
                0x0000000000002fcc       0x86 ./LIB/ble_task_scheduler.o
                0x0000000000002fcc                LLE_IRQHandler
 *fill*         0x0000000000003052        0x2 
 .highcode.ble_controller_scheduler
                0x0000000000003054        0xa D:\ch32\CH32V208\Central\LIB\libwchble.a(ble_task_process.o)
 *fill*         0x000000000000305e        0x2 
 .highcode.LLE_IRQLibHandler
                0x0000000000003060       0x36 D:\ch32\CH32V208\Central\LIB\libwchble.a(ble_task_process.o)
                0x0000000000003060                LLE_IRQLibHandler
                0x0000000000003098                . = ALIGN (0x4)
 *fill*         0x0000000000003096        0x2 

.text           0x0000000000003098    0x27500
                0x0000000000003098                . = ALIGN (0x4)
 EXCLUDE_FILE(*wchble.a) *(.text .text*)
 .text.vector_handler
                0x0000000000003098        0x2 ./SRC/Startup/startup_ch32v20x_D8W.o
                0x0000000000003098                EXTI2_IRQHandler
                0x0000000000003098                TIM1_CC_IRQHandler
                0x0000000000003098                SysTick_Handler
                0x0000000000003098                PVD_IRQHandler
                0x0000000000003098                EXTI3_IRQHandler
                0x0000000000003098                USBFS_IRQHandler
                0x0000000000003098                EXTI0_IRQHandler
                0x0000000000003098                I2C2_EV_IRQHandler
                0x0000000000003098                ADC1_2_IRQHandler
                0x0000000000003098                Break_Point_Handler
                0x0000000000003098                SPI1_IRQHandler
                0x0000000000003098                TAMPER_IRQHandler
                0x0000000000003098                OSCWakeUp_IRQHandler
                0x0000000000003098                DMA1_Channel4_IRQHandler
                0x0000000000003098                USART3_IRQHandler
                0x0000000000003098                RTC_IRQHandler
                0x0000000000003098                DMA1_Channel7_IRQHandler
                0x0000000000003098                CAN1_RX1_IRQHandler
                0x0000000000003098                TIM4_IRQHandler
                0x0000000000003098                I2C1_EV_IRQHandler
                0x0000000000003098                DMA1_Channel6_IRQHandler
                0x0000000000003098                UART4_IRQHandler
                0x0000000000003098                TIM3_IRQHandler
                0x0000000000003098                RCC_IRQHandler
                0x0000000000003098                TIM1_TRG_COM_IRQHandler
                0x0000000000003098                DMA1_Channel1_IRQHandler
                0x0000000000003098                EXTI15_10_IRQHandler
                0x0000000000003098                DMA1_Channel8_IRQHandler
                0x0000000000003098                TIM5_IRQHandler
                0x0000000000003098                EXTI9_5_IRQHandler
                0x0000000000003098                SPI2_IRQHandler
                0x0000000000003098                OSC32KCal_IRQHandler
                0x0000000000003098                DMA1_Channel5_IRQHandler
                0x0000000000003098                EXTI4_IRQHandler
                0x0000000000003098                USB_LP_CAN1_RX0_IRQHandler
                0x0000000000003098                USB_HP_CAN1_TX_IRQHandler
                0x0000000000003098                DMA1_Channel3_IRQHandler
                0x0000000000003098                ETH_IRQHandler
                0x0000000000003098                TIM1_UP_IRQHandler
                0x0000000000003098                WWDG_IRQHandler
                0x0000000000003098                TIM2_IRQHandler
                0x0000000000003098                SW_Handler
                0x0000000000003098                TIM1_BRK_IRQHandler
                0x0000000000003098                EXTI1_IRQHandler
                0x0000000000003098                USART2_IRQHandler
                0x0000000000003098                ETHWakeUp_IRQHandler
                0x0000000000003098                I2C2_ER_IRQHandler
                0x0000000000003098                DMA1_Channel2_IRQHandler
                0x0000000000003098                CAN1_SCE_IRQHandler
                0x0000000000003098                FLASH_IRQHandler
                0x0000000000003098                USBFSWakeUp_IRQHandler
                0x0000000000003098                USART1_IRQHandler
                0x0000000000003098                I2C1_ER_IRQHandler
                0x0000000000003098                USBWakeUp_IRQHandler
 .text.handle_reset
                0x000000000000309a       0x8a ./SRC/Startup/startup_ch32v20x_D8W.o
                0x000000000000309a                handle_reset
 .text.ADC_DeInit
                0x0000000000003124       0x40 ./SRC/Peripheral/src/ch32v20x_adc.o
                0x0000000000003124                ADC_DeInit
 .text.ADC_Init
                0x0000000000003164       0x56 ./SRC/Peripheral/src/ch32v20x_adc.o
                0x0000000000003164                ADC_Init
 .text.ADC_Cmd  0x00000000000031ba       0x10 ./SRC/Peripheral/src/ch32v20x_adc.o
                0x00000000000031ba                ADC_Cmd
 .text.ADC_SoftwareStartConvCmd
                0x00000000000031ca       0x18 ./SRC/Peripheral/src/ch32v20x_adc.o
                0x00000000000031ca                ADC_SoftwareStartConvCmd
 .text.ADC_RegularChannelConfig
                0x00000000000031e2       0xb8 ./SRC/Peripheral/src/ch32v20x_adc.o
                0x00000000000031e2                ADC_RegularChannelConfig
 .text.ADC_GetConversionValue
                0x000000000000329a        0x8 ./SRC/Peripheral/src/ch32v20x_adc.o
                0x000000000000329a                ADC_GetConversionValue
 .text.ADC_TempSensorVrefintCmd
                0x00000000000032a2       0x20 ./SRC/Peripheral/src/ch32v20x_adc.o
                0x00000000000032a2                ADC_TempSensorVrefintCmd
 .text.ADC_GetFlagStatus
                0x00000000000032c2        0xa ./SRC/Peripheral/src/ch32v20x_adc.o
                0x00000000000032c2                ADC_GetFlagStatus
 .text.ADC_BufferCmd
                0x00000000000032cc       0x18 ./SRC/Peripheral/src/ch32v20x_adc.o
                0x00000000000032cc                ADC_BufferCmd
 .text.EXTI_ClearITPendingBit
                0x00000000000032e4        0xa ./SRC/Peripheral/src/ch32v20x_exti.o
                0x00000000000032e4                EXTI_ClearITPendingBit
 .text.FLASH_Unlock_Fast
                0x00000000000032ee       0x1e ./SRC/Peripheral/src/ch32v20x_flash.o
                0x00000000000032ee                FLASH_Unlock_Fast
 .text.FLASH_Lock_Fast
                0x000000000000330c        0xe ./SRC/Peripheral/src/ch32v20x_flash.o
                0x000000000000330c                FLASH_Lock_Fast
 .text.FLASH_ErasePage_Fast
                0x000000000000331a       0x2e ./SRC/Peripheral/src/ch32v20x_flash.o
                0x000000000000331a                FLASH_ErasePage_Fast
 .text.FLASH_ProgramPage_Fast
                0x0000000000003348       0x64 ./SRC/Peripheral/src/ch32v20x_flash.o
                0x0000000000003348                FLASH_ProgramPage_Fast
 .text.FLASH_GetMACAddress
                0x00000000000033ac       0x26 ./SRC/Peripheral/src/ch32v20x_flash.o
                0x00000000000033ac                FLASH_GetMACAddress
 .text.GPIO_Init
                0x00000000000033d2       0xc0 ./SRC/Peripheral/src/ch32v20x_gpio.o
                0x00000000000033d2                GPIO_Init
 .text.PWR_BackupAccessCmd
                0x0000000000003492       0x16 ./SRC/Peripheral/src/ch32v20x_pwr.o
                0x0000000000003492                PWR_BackupAccessCmd
 .text.RCC_ADCCLKConfig
                0x00000000000034a8       0x12 ./SRC/Peripheral/src/ch32v20x_rcc.o
                0x00000000000034a8                RCC_ADCCLKConfig
 .text.RCC_LSEConfig
                0x00000000000034ba       0x28 ./SRC/Peripheral/src/ch32v20x_rcc.o
                0x00000000000034ba                RCC_LSEConfig
 .text.RCC_RTCCLKConfig
                0x00000000000034e2        0xc ./SRC/Peripheral/src/ch32v20x_rcc.o
                0x00000000000034e2                RCC_RTCCLKConfig
 .text.RCC_RTCCLKCmd
                0x00000000000034ee       0x20 ./SRC/Peripheral/src/ch32v20x_rcc.o
                0x00000000000034ee                RCC_RTCCLKCmd
 .text.RCC_GetClocksFreq
                0x000000000000350e       0xe2 ./SRC/Peripheral/src/ch32v20x_rcc.o
                0x000000000000350e                RCC_GetClocksFreq
 .text.RCC_AHBPeriphClockCmd
                0x00000000000035f0       0x1e ./SRC/Peripheral/src/ch32v20x_rcc.o
                0x00000000000035f0                RCC_AHBPeriphClockCmd
 .text.RCC_APB2PeriphClockCmd
                0x000000000000360e       0x1e ./SRC/Peripheral/src/ch32v20x_rcc.o
                0x000000000000360e                RCC_APB2PeriphClockCmd
 .text.RCC_APB1PeriphClockCmd
                0x000000000000362c       0x1e ./SRC/Peripheral/src/ch32v20x_rcc.o
                0x000000000000362c                RCC_APB1PeriphClockCmd
 .text.RCC_APB2PeriphResetCmd
                0x000000000000364a       0x1e ./SRC/Peripheral/src/ch32v20x_rcc.o
                0x000000000000364a                RCC_APB2PeriphResetCmd
 .text.RCC_GetFlagStatus
                0x0000000000003668       0x2e ./SRC/Peripheral/src/ch32v20x_rcc.o
                0x0000000000003668                RCC_GetFlagStatus
 .text.RTC_EnterConfigMode
                0x0000000000003696       0x12 ./SRC/Peripheral/src/ch32v20x_rtc.o
                0x0000000000003696                RTC_EnterConfigMode
 .text.RTC_ExitConfigMode
                0x00000000000036a8       0x18 ./SRC/Peripheral/src/ch32v20x_rtc.o
                0x00000000000036a8                RTC_ExitConfigMode
 .text.RTC_GetCounter
                0x00000000000036c0       0x5a ./SRC/Peripheral/src/ch32v20x_rtc.o
                0x00000000000036c0                RTC_GetCounter
 .text.RTC_SetCounter
                0x000000000000371a       0x28 ./SRC/Peripheral/src/ch32v20x_rtc.o
                0x000000000000371a                RTC_SetCounter
 .text.RTC_SetPrescaler
                0x0000000000003742       0x2a ./SRC/Peripheral/src/ch32v20x_rtc.o
                0x0000000000003742                RTC_SetPrescaler
 .text.RTC_WaitForLastTask
                0x000000000000376c       0x10 ./SRC/Peripheral/src/ch32v20x_rtc.o
                0x000000000000376c                RTC_WaitForLastTask
 .text.RTC_ClearFlag
                0x000000000000377c       0x14 ./SRC/Peripheral/src/ch32v20x_rtc.o
                0x000000000000377c                RTC_ClearFlag
 .text.RTC_ClearITPendingBit
                0x0000000000003790        0xa ./SRC/Peripheral/src/ch32v20x_rtc.o
                0x0000000000003790                RTC_ClearITPendingBit
 .text.USART_Init
                0x000000000000379a       0x8e ./SRC/Peripheral/src/ch32v20x_usart.o
                0x000000000000379a                USART_Init
 .text.USART_Cmd
                0x0000000000003828       0x16 ./SRC/Peripheral/src/ch32v20x_usart.o
                0x0000000000003828                USART_Cmd
 .text.USART_SendData
                0x000000000000383e        0x8 ./SRC/Peripheral/src/ch32v20x_usart.o
                0x000000000000383e                USART_SendData
 .text.USART_GetFlagStatus
                0x0000000000003846        0xa ./SRC/Peripheral/src/ch32v20x_usart.o
                0x0000000000003846                USART_GetFlagStatus
 .text.Delay_Init
                0x0000000000003850       0x26 ./SRC/Debug/debug.o
                0x0000000000003850                Delay_Init
 .text.Delay_Us
                0x0000000000003876       0x36 ./SRC/Debug/debug.o
                0x0000000000003876                Delay_Us
 .text.Delay_Ms
                0x00000000000038ac       0x36 ./SRC/Debug/debug.o
                0x00000000000038ac                Delay_Ms
 .text.USART_Printf_Init
                0x00000000000038e2       0x52 ./SRC/Debug/debug.o
                0x00000000000038e2                USART_Printf_Init
 .text._write   0x0000000000003934       0x3a ./SRC/Debug/debug.o
                0x0000000000003934                _write
 .text._sbrk    0x000000000000396e       0x2a ./SRC/Debug/debug.o
                0x000000000000396e                _sbrk
 .text.Lib_Read_Flash
                0x0000000000003998       0x18 ./HAL/MCU.o
                0x0000000000003998                Lib_Read_Flash
 .text.Lib_Write_Flash
                0x00000000000039b0       0x26 ./HAL/MCU.o
                0x00000000000039b0                Lib_Write_Flash
 .text.HAL_GetInterTempValue
                0x00000000000039d6      0x134 ./HAL/MCU.o
                0x00000000000039d6                HAL_GetInterTempValue
 .text.HAL_ProcessEvent
                0x0000000000003b0a       0x76 ./HAL/MCU.o
                0x0000000000003b0a                HAL_ProcessEvent
 .text.WCHBLE_Init
                0x0000000000003b80      0x12e ./HAL/MCU.o
                0x0000000000003b80                WCHBLE_Init
 .text.HAL_Init
                0x0000000000003cae       0x2c ./HAL/MCU.o
                0x0000000000003cae                HAL_Init
 .text.HAL_TimeInit
                0x0000000000003cda       0x9e ./HAL/RTC.o
                0x0000000000003cda                HAL_TimeInit
 .text.RTCAlarm_IRQHandler
                0x0000000000003d78       0x18 ./HAL/RTC.o
                0x0000000000003d78                RTCAlarm_IRQHandler
 .text.centralHciMTUChangeCB
                0x0000000000003d90       0x1a ./APP/central.o
 .text.centralRssiCB
                0x0000000000003daa       0x18 ./APP/central.o
 .text.centralPasscodeCB
                0x0000000000003dc2       0x3e ./APP/central.o
 .text.centralPairStateCB
                0x0000000000003e00       0x68 ./APP/central.o
 .text.centralAddDeviceInfo.part.1
                0x0000000000003e68       0x82 ./APP/central.o
 .text.Central_ProcessEvent
                0x0000000000003eea      0x44c ./APP/central.o
                0x0000000000003eea                Central_ProcessEvent
 .text.centralEventCB
                0x0000000000004336      0x1d0 ./APP/central.o
 .text.Central_Init
                0x0000000000004506       0xa6 ./APP/central.o
                0x0000000000004506                Central_Init
 .text.startup.main
                0x00000000000045ac       0x42 ./APP/central_main.o
                0x00000000000045ac                main
 .text.NMI_Handler
                0x00000000000045ee        0x4 ./APP/ch32v20x_it.o
                0x00000000000045ee                NMI_Handler
 .text.HardFault_Handler
                0x00000000000045f2        0x2 ./APP/ch32v20x_it.o
                0x00000000000045f2                HardFault_Handler
 .text.BB_IRQHandler
                0x00000000000045f4        0x8 ./APP/ch32v20x_it.o
                0x00000000000045f4                BB_IRQHandler
 .text.SystemInit
                0x00000000000045fc       0xea ./APP/system_ch32v20x.o
                0x00000000000045fc                SystemInit
 .text.__lshrdi3
                0x00000000000046e6       0x2c e:/mouriverstudio/program/mounriver/mounriver_studio/toolchain/risc-v embedded gcc/bin/../lib/gcc/riscv-none-embed/8.2.0/rv32imacxw/ilp32\libgcc.a(_lshrdi3.o)
                0x00000000000046e6                __lshrdi3
 .text.__ashldi3
                0x0000000000004712       0x2c e:/mouriverstudio/program/mounriver/mounriver_studio/toolchain/risc-v embedded gcc/bin/../lib/gcc/riscv-none-embed/8.2.0/rv32imacxw/ilp32\libgcc.a(_ashldi3.o)
                0x0000000000004712                __ashldi3
 .text.__udivdi3
                0x000000000000473e      0x392 e:/mouriverstudio/program/mounriver/mounriver_studio/toolchain/risc-v embedded gcc/bin/../lib/gcc/riscv-none-embed/8.2.0/rv32imacxw/ilp32\libgcc.a(_udivdi3.o)
                0x000000000000473e                __udivdi3
 .text          0x0000000000004ad0       0x60 e:/mouriverstudio/program/mounriver/mounriver_studio/toolchain/risc-v embedded gcc/bin/../lib/gcc/riscv-none-embed/8.2.0/rv32imacxw/ilp32\libgcc.a(save-restore.o)
                0x0000000000004ad0                __riscv_save_12
                0x0000000000004ad8                __riscv_save_9
                0x0000000000004ad8                __riscv_save_11
                0x0000000000004ad8                __riscv_save_10
                0x0000000000004ad8                __riscv_save_8
                0x0000000000004ae6                __riscv_save_4
                0x0000000000004ae6                __riscv_save_6
                0x0000000000004ae6                __riscv_save_5
                0x0000000000004ae6                __riscv_save_7
                0x0000000000004b00                __riscv_save_3
                0x0000000000004b00                __riscv_save_2
                0x0000000000004b00                __riscv_save_1
                0x0000000000004b00                __riscv_save_0
                0x0000000000004b0c                __riscv_restore_12
                0x0000000000004b10                __riscv_restore_11
                0x0000000000004b10                __riscv_restore_9
                0x0000000000004b10                __riscv_restore_10
                0x0000000000004b10                __riscv_restore_8
                0x0000000000004b1a                __riscv_restore_5
                0x0000000000004b1a                __riscv_restore_7
                0x0000000000004b1a                __riscv_restore_6
                0x0000000000004b1a                __riscv_restore_4
                0x0000000000004b24                __riscv_restore_3
                0x0000000000004b24                __riscv_restore_0
                0x0000000000004b24                __riscv_restore_2
                0x0000000000004b24                __riscv_restore_1
 .text.memcpy   0x0000000000004b30       0xb2 e:/mouriverstudio/program/mounriver/mounriver_studio/toolchain/risc-v embedded gcc/bin/../lib/gcc/riscv-none-embed/8.2.0/../../../../riscv-none-embed/lib/rv32imacxw/ilp32\libg_nano.a(lib_a-memcpy.o)
                0x0000000000004b30                memcpy
 .text          0x0000000000004be2       0xa8 e:/mouriverstudio/program/mounriver/mounriver_studio/toolchain/risc-v embedded gcc/bin/../lib/gcc/riscv-none-embed/8.2.0/../../../../riscv-none-embed/lib/rv32imacxw/ilp32\libg_nano.a(lib_a-memset.o)
                0x0000000000004be2                memset
 .text.printf   0x0000000000004c8a       0x40 e:/mouriverstudio/program/mounriver/mounriver_studio/toolchain/risc-v embedded gcc/bin/../lib/gcc/riscv-none-embed/8.2.0/../../../../riscv-none-embed/lib/rv32imacxw/ilp32\libg_nano.a(lib_a-printf.o)
                0x0000000000004c8a                iprintf
                0x0000000000004c8a                printf
 .text.putchar  0x0000000000004cca       0x2a e:/mouriverstudio/program/mounriver/mounriver_studio/toolchain/risc-v embedded gcc/bin/../lib/gcc/riscv-none-embed/8.2.0/../../../../riscv-none-embed/lib/rv32imacxw/ilp32\libg_nano.a(lib_a-putchar.o)
                0x0000000000004cca                putchar
 .text._puts_r  0x0000000000004cf4       0xd4 e:/mouriverstudio/program/mounriver/mounriver_studio/toolchain/risc-v embedded gcc/bin/../lib/gcc/riscv-none-embed/8.2.0/../../../../riscv-none-embed/lib/rv32imacxw/ilp32\libg_nano.a(lib_a-puts.o)
                0x0000000000004cf4                _puts_r
 .text.puts     0x0000000000004dc8        0xa e:/mouriverstudio/program/mounriver/mounriver_studio/toolchain/risc-v embedded gcc/bin/../lib/gcc/riscv-none-embed/8.2.0/../../../../riscv-none-embed/lib/rv32imacxw/ilp32\libg_nano.a(lib_a-puts.o)
                0x0000000000004dc8                puts
 .text.__swbuf_r
                0x0000000000004dd2       0xbc e:/mouriverstudio/program/mounriver/mounriver_studio/toolchain/risc-v embedded gcc/bin/../lib/gcc/riscv-none-embed/8.2.0/../../../../riscv-none-embed/lib/rv32imacxw/ilp32\libg_nano.a(lib_a-wbuf.o)
                0x0000000000004dd2                __swbuf_r
 .text.__swsetup_r
                0x0000000000004e8e       0xfc e:/mouriverstudio/program/mounriver/mounriver_studio/toolchain/risc-v embedded gcc/bin/../lib/gcc/riscv-none-embed/8.2.0/../../../../riscv-none-embed/lib/rv32imacxw/ilp32\libg_nano.a(lib_a-wsetup.o)
                0x0000000000004e8e                __swsetup_r
 .text.__sflush_r
                0x0000000000004f8a      0x130 e:/mouriverstudio/program/mounriver/mounriver_studio/toolchain/risc-v embedded gcc/bin/../lib/gcc/riscv-none-embed/8.2.0/../../../../riscv-none-embed/lib/rv32imacxw/ilp32\libg_nano.a(lib_a-fflush.o)
                0x0000000000004f8a                __sflush_r
 .text._fflush_r
                0x00000000000050ba       0x64 e:/mouriverstudio/program/mounriver/mounriver_studio/toolchain/risc-v embedded gcc/bin/../lib/gcc/riscv-none-embed/8.2.0/../../../../riscv-none-embed/lib/rv32imacxw/ilp32\libg_nano.a(lib_a-fflush.o)
                0x00000000000050ba                _fflush_r
 .text.std      0x000000000000511e       0x66 e:/mouriverstudio/program/mounriver/mounriver_studio/toolchain/risc-v embedded gcc/bin/../lib/gcc/riscv-none-embed/8.2.0/../../../../riscv-none-embed/lib/rv32imacxw/ilp32\libg_nano.a(lib_a-findfp.o)
 .text._cleanup_r
                0x0000000000005184        0xa e:/mouriverstudio/program/mounriver/mounriver_studio/toolchain/risc-v embedded gcc/bin/../lib/gcc/riscv-none-embed/8.2.0/../../../../riscv-none-embed/lib/rv32imacxw/ilp32\libg_nano.a(lib_a-findfp.o)
                0x0000000000005184                _cleanup_r
 .text.__sfmoreglue
                0x000000000000518e       0x46 e:/mouriverstudio/program/mounriver/mounriver_studio/toolchain/risc-v embedded gcc/bin/../lib/gcc/riscv-none-embed/8.2.0/../../../../riscv-none-embed/lib/rv32imacxw/ilp32\libg_nano.a(lib_a-findfp.o)
                0x000000000000518e                __sfmoreglue
 .text.__sinit  0x00000000000051d4       0x6a e:/mouriverstudio/program/mounriver/mounriver_studio/toolchain/risc-v embedded gcc/bin/../lib/gcc/riscv-none-embed/8.2.0/../../../../riscv-none-embed/lib/rv32imacxw/ilp32\libg_nano.a(lib_a-findfp.o)
                0x00000000000051d4                __sinit
 .text.__sfp    0x000000000000523e       0xa0 e:/mouriverstudio/program/mounriver/mounriver_studio/toolchain/risc-v embedded gcc/bin/../lib/gcc/riscv-none-embed/8.2.0/../../../../riscv-none-embed/lib/rv32imacxw/ilp32\libg_nano.a(lib_a-findfp.o)
                0x000000000000523e                __sfp
 .text._fwalk_reent
                0x00000000000052de       0x6a e:/mouriverstudio/program/mounriver/mounriver_studio/toolchain/risc-v embedded gcc/bin/../lib/gcc/riscv-none-embed/8.2.0/../../../../riscv-none-embed/lib/rv32imacxw/ilp32\libg_nano.a(lib_a-fwalk.o)
                0x00000000000052de                _fwalk_reent
 .text.__swhatbuf_r
                0x0000000000005348       0x58 e:/mouriverstudio/program/mounriver/mounriver_studio/toolchain/risc-v embedded gcc/bin/../lib/gcc/riscv-none-embed/8.2.0/../../../../riscv-none-embed/lib/rv32imacxw/ilp32\libg_nano.a(lib_a-makebuf.o)
                0x0000000000005348                __swhatbuf_r
 .text.__smakebuf_r
                0x00000000000053a0       0x90 e:/mouriverstudio/program/mounriver/mounriver_studio/toolchain/risc-v embedded gcc/bin/../lib/gcc/riscv-none-embed/8.2.0/../../../../riscv-none-embed/lib/rv32imacxw/ilp32\libg_nano.a(lib_a-makebuf.o)
                0x00000000000053a0                __smakebuf_r
 .text._free_r  0x0000000000005430       0xa8 e:/mouriverstudio/program/mounriver/mounriver_studio/toolchain/risc-v embedded gcc/bin/../lib/gcc/riscv-none-embed/8.2.0/../../../../riscv-none-embed/lib/rv32imacxw/ilp32\libg_nano.a(lib_a-nano-freer.o)
                0x0000000000005430                _free_r
 .text._malloc_r
                0x00000000000054d8       0xd8 e:/mouriverstudio/program/mounriver/mounriver_studio/toolchain/risc-v embedded gcc/bin/../lib/gcc/riscv-none-embed/8.2.0/../../../../riscv-none-embed/lib/rv32imacxw/ilp32\libg_nano.a(lib_a-nano-mallocr.o)
                0x00000000000054d8                _malloc_r
 .text.__sfputc_r
                0x00000000000055b0       0x28 e:/mouriverstudio/program/mounriver/mounriver_studio/toolchain/risc-v embedded gcc/bin/../lib/gcc/riscv-none-embed/8.2.0/../../../../riscv-none-embed/lib/rv32imacxw/ilp32\libg_nano.a(lib_a-nano-vfprintf.o)
 .text.__sfputs_r
                0x00000000000055d8       0x40 e:/mouriverstudio/program/mounriver/mounriver_studio/toolchain/risc-v embedded gcc/bin/../lib/gcc/riscv-none-embed/8.2.0/../../../../riscv-none-embed/lib/rv32imacxw/ilp32\libg_nano.a(lib_a-nano-vfprintf.o)
                0x00000000000055d8                __sfputs_r
 .text._vfprintf_r
                0x0000000000005618      0x288 e:/mouriverstudio/program/mounriver/mounriver_studio/toolchain/risc-v embedded gcc/bin/../lib/gcc/riscv-none-embed/8.2.0/../../../../riscv-none-embed/lib/rv32imacxw/ilp32\libg_nano.a(lib_a-nano-vfprintf.o)
                0x0000000000005618                _vfprintf_r
                0x0000000000005618                _vfiprintf_r
 .text._printf_common
                0x00000000000058a0      0x10c e:/mouriverstudio/program/mounriver/mounriver_studio/toolchain/risc-v embedded gcc/bin/../lib/gcc/riscv-none-embed/8.2.0/../../../../riscv-none-embed/lib/rv32imacxw/ilp32\libg_nano.a(lib_a-nano-vfprintf_i.o)
                0x00000000000058a0                _printf_common
 .text._printf_i
                0x00000000000059ac      0x2a2 e:/mouriverstudio/program/mounriver/mounriver_studio/toolchain/risc-v embedded gcc/bin/../lib/gcc/riscv-none-embed/8.2.0/../../../../riscv-none-embed/lib/rv32imacxw/ilp32\libg_nano.a(lib_a-nano-vfprintf_i.o)
                0x00000000000059ac                _printf_i
 .text._putc_r  0x0000000000005c4e       0x84 e:/mouriverstudio/program/mounriver/mounriver_studio/toolchain/risc-v embedded gcc/bin/../lib/gcc/riscv-none-embed/8.2.0/../../../../riscv-none-embed/lib/rv32imacxw/ilp32\libg_nano.a(lib_a-putc.o)
                0x0000000000005c4e                _putc_r
 .text._sbrk_r  0x0000000000005cd2       0x32 e:/mouriverstudio/program/mounriver/mounriver_studio/toolchain/risc-v embedded gcc/bin/../lib/gcc/riscv-none-embed/8.2.0/../../../../riscv-none-embed/lib/rv32imacxw/ilp32\libg_nano.a(lib_a-sbrkr.o)
                0x0000000000005cd2                _sbrk_r
 .text.__sread  0x0000000000005d04       0x2c e:/mouriverstudio/program/mounriver/mounriver_studio/toolchain/risc-v embedded gcc/bin/../lib/gcc/riscv-none-embed/8.2.0/../../../../riscv-none-embed/lib/rv32imacxw/ilp32\libg_nano.a(lib_a-stdio.o)
                0x0000000000005d04                __sread
 .text.__swrite
                0x0000000000005d30       0x48 e:/mouriverstudio/program/mounriver/mounriver_studio/toolchain/risc-v embedded gcc/bin/../lib/gcc/riscv-none-embed/8.2.0/../../../../riscv-none-embed/lib/rv32imacxw/ilp32\libg_nano.a(lib_a-stdio.o)
                0x0000000000005d30                __swrite
 .text.__sseek  0x0000000000005d78       0x30 e:/mouriverstudio/program/mounriver/mounriver_studio/toolchain/risc-v embedded gcc/bin/../lib/gcc/riscv-none-embed/8.2.0/../../../../riscv-none-embed/lib/rv32imacxw/ilp32\libg_nano.a(lib_a-stdio.o)
                0x0000000000005d78                __sseek
 .text.__sclose
                0x0000000000005da8        0x6 e:/mouriverstudio/program/mounriver/mounriver_studio/toolchain/risc-v embedded gcc/bin/../lib/gcc/riscv-none-embed/8.2.0/../../../../riscv-none-embed/lib/rv32imacxw/ilp32\libg_nano.a(lib_a-stdio.o)
                0x0000000000005da8                __sclose
 .text._write_r
                0x0000000000005dae       0x36 e:/mouriverstudio/program/mounriver/mounriver_studio/toolchain/risc-v embedded gcc/bin/../lib/gcc/riscv-none-embed/8.2.0/../../../../riscv-none-embed/lib/rv32imacxw/ilp32\libg_nano.a(lib_a-writer.o)
                0x0000000000005dae                _write_r
 .text._close_r
                0x0000000000005de4       0x30 e:/mouriverstudio/program/mounriver/mounriver_studio/toolchain/risc-v embedded gcc/bin/../lib/gcc/riscv-none-embed/8.2.0/../../../../riscv-none-embed/lib/rv32imacxw/ilp32\libg_nano.a(lib_a-closer.o)
                0x0000000000005de4                _close_r
 .text._fstat_r
                0x0000000000005e14       0x32 e:/mouriverstudio/program/mounriver/mounriver_studio/toolchain/risc-v embedded gcc/bin/../lib/gcc/riscv-none-embed/8.2.0/../../../../riscv-none-embed/lib/rv32imacxw/ilp32\libg_nano.a(lib_a-fstatr.o)
                0x0000000000005e14                _fstat_r
 .text._isatty_r
                0x0000000000005e46       0x30 e:/mouriverstudio/program/mounriver/mounriver_studio/toolchain/risc-v embedded gcc/bin/../lib/gcc/riscv-none-embed/8.2.0/../../../../riscv-none-embed/lib/rv32imacxw/ilp32\libg_nano.a(lib_a-isattyr.o)
                0x0000000000005e46                _isatty_r
 .text._lseek_r
                0x0000000000005e76       0x34 e:/mouriverstudio/program/mounriver/mounriver_studio/toolchain/risc-v embedded gcc/bin/../lib/gcc/riscv-none-embed/8.2.0/../../../../riscv-none-embed/lib/rv32imacxw/ilp32\libg_nano.a(lib_a-lseekr.o)
                0x0000000000005e76                _lseek_r
 .text.memchr   0x0000000000005eaa       0x18 e:/mouriverstudio/program/mounriver/mounriver_studio/toolchain/risc-v embedded gcc/bin/../lib/gcc/riscv-none-embed/8.2.0/../../../../riscv-none-embed/lib/rv32imacxw/ilp32\libg_nano.a(lib_a-memchr.o)
                0x0000000000005eaa                memchr
 .text.__malloc_lock
                0x0000000000005ec2        0x2 e:/mouriverstudio/program/mounriver/mounriver_studio/toolchain/risc-v embedded gcc/bin/../lib/gcc/riscv-none-embed/8.2.0/../../../../riscv-none-embed/lib/rv32imacxw/ilp32\libg_nano.a(lib_a-mlock.o)
                0x0000000000005ec2                __malloc_lock
 .text.__malloc_unlock
                0x0000000000005ec4        0x2 e:/mouriverstudio/program/mounriver/mounriver_studio/toolchain/risc-v embedded gcc/bin/../lib/gcc/riscv-none-embed/8.2.0/../../../../riscv-none-embed/lib/rv32imacxw/ilp32\libg_nano.a(lib_a-mlock.o)
                0x0000000000005ec4                __malloc_unlock
 .text._read_r  0x0000000000005ec6       0x34 e:/mouriverstudio/program/mounriver/mounriver_studio/toolchain/risc-v embedded gcc/bin/../lib/gcc/riscv-none-embed/8.2.0/../../../../riscv-none-embed/lib/rv32imacxw/ilp32\libg_nano.a(lib_a-readr.o)
                0x0000000000005ec6                _read_r
 .text._close   0x0000000000005efa       0x10 e:/mouriverstudio/program/mounriver/mounriver_studio/toolchain/risc-v embedded gcc/bin/../lib/gcc/riscv-none-embed/8.2.0/../../../../riscv-none-embed/lib/rv32imacxw/ilp32\libnosys.a(close.o)
                0x0000000000005efa                _close
 .text._fstat   0x0000000000005f0a       0x10 e:/mouriverstudio/program/mounriver/mounriver_studio/toolchain/risc-v embedded gcc/bin/../lib/gcc/riscv-none-embed/8.2.0/../../../../riscv-none-embed/lib/rv32imacxw/ilp32\libnosys.a(fstat.o)
                0x0000000000005f0a                _fstat
 .text._isatty  0x0000000000005f1a       0x10 e:/mouriverstudio/program/mounriver/mounriver_studio/toolchain/risc-v embedded gcc/bin/../lib/gcc/riscv-none-embed/8.2.0/../../../../riscv-none-embed/lib/rv32imacxw/ilp32\libnosys.a(isatty.o)
                0x0000000000005f1a                _isatty
 .text._lseek   0x0000000000005f2a       0x10 e:/mouriverstudio/program/mounriver/mounriver_studio/toolchain/risc-v embedded gcc/bin/../lib/gcc/riscv-none-embed/8.2.0/../../../../riscv-none-embed/lib/rv32imacxw/ilp32\libnosys.a(lseek.o)
                0x0000000000005f2a                _lseek
 .text._read    0x0000000000005f3a       0x10 e:/mouriverstudio/program/mounriver/mounriver_studio/toolchain/risc-v embedded gcc/bin/../lib/gcc/riscv-none-embed/8.2.0/../../../../riscv-none-embed/lib/rv32imacxw/ilp32\libnosys.a(read.o)
                0x0000000000005f3a                _read
 *(.text)
 *(.text.*)
 .text.tmos_msg_extract
                0x0000000000005f4a       0x1e D:\ch32\CH32V208\Central\LIB\libwchble.a(message.o)
                0x0000000000005f4a                tmos_msg_extract
 .text.tmos_msg_deallocate
                0x0000000000005f68       0x4a D:\ch32\CH32V208\Central\LIB\libwchble.a(message.o)
                0x0000000000005f68                tmos_msg_deallocate
 .text.tmos_msg_send
                0x0000000000005fb2       0x8e D:\ch32\CH32V208\Central\LIB\libwchble.a(message.o)
                0x0000000000005fb2                tmos_msg_send
 .text.tmos_msg_init
                0x0000000000006040        0xa D:\ch32\CH32V208\Central\LIB\libwchble.a(message.o)
                0x0000000000006040                tmos_msg_init
 .text.TMOS_CB_PeriodicProcessEvent
                0x000000000000604a       0x86 D:\ch32\CH32V208\Central\LIB\libwchble.a(tmos.o)
                0x000000000000604a                TMOS_CB_PeriodicProcessEvent
 .text.TMOS_CB_ProcessEvent
                0x00000000000060d0       0x82 D:\ch32\CH32V208\Central\LIB\libwchble.a(tmos.o)
                0x00000000000060d0                TMOS_CB_ProcessEvent
 .text.tmos_rand
                0x0000000000006152       0x70 D:\ch32\CH32V208\Central\LIB\libwchble.a(tmos.o)
                0x0000000000006152                tmos_rand
 .text.tmos_start_periodic_callback_task
                0x00000000000061c2      0x116 D:\ch32\CH32V208\Central\LIB\libwchble.a(tmos.o)
                0x00000000000061c2                tmos_start_periodic_callback_task
 .text.tmos_set_event
                0x00000000000062d8       0x46 D:\ch32\CH32V208\Central\LIB\libwchble.a(tmos.o)
                0x00000000000062d8                tmos_set_event
 .text.tmos_clear_event
                0x000000000000631e       0x4a D:\ch32\CH32V208\Central\LIB\libwchble.a(tmos.o)
                0x000000000000631e                tmos_clear_event
 .text.tmos_update_callback_timer
                0x0000000000006368       0xe0 D:\ch32\CH32V208\Central\LIB\libwchble.a(tmos.o)
                0x0000000000006368                tmos_update_callback_timer
 .text.tmos_update_periodic_callback_timer
                0x0000000000006448       0x7e D:\ch32\CH32V208\Central\LIB\libwchble.a(tmos.o)
                0x0000000000006448                tmos_update_periodic_callback_timer
 .text.tmos_start_task
                0x00000000000064c6      0x15c D:\ch32\CH32V208\Central\LIB\libwchble.a(tmos.o)
                0x00000000000064c6                tmos_start_task
 .text.tmos_start_callback_task
                0x0000000000006622       0xc2 D:\ch32\CH32V208\Central\LIB\libwchble.a(tmos.o)
                0x0000000000006622                tmos_start_callback_task
 .text.tmos_start_reload_task
                0x00000000000066e4       0x74 D:\ch32\CH32V208\Central\LIB\libwchble.a(tmos.o)
                0x00000000000066e4                tmos_start_reload_task
 .text.tmos_stop_task
                0x0000000000006758       0x6e D:\ch32\CH32V208\Central\LIB\libwchble.a(tmos.o)
                0x0000000000006758                tmos_stop_task
 .text.tmos_stop_callback_task
                0x00000000000067c6       0x7c D:\ch32\CH32V208\Central\LIB\libwchble.a(tmos.o)
                0x00000000000067c6                tmos_stop_callback_task
 .text.tmos_get_task_timer
                0x0000000000006842       0x7e D:\ch32\CH32V208\Central\LIB\libwchble.a(tmos.o)
                0x0000000000006842                tmos_get_task_timer
 .text.TMOS_TimerRegister
                0x00000000000068c0       0x1e D:\ch32\CH32V208\Central\LIB\libwchble.a(tmos.o)
                0x00000000000068c0                TMOS_TimerRegister
 .text.TMOS_ProcessRegister
                0x00000000000068de       0x16 D:\ch32\CH32V208\Central\LIB\libwchble.a(tmos.o)
                0x00000000000068de                TMOS_ProcessRegister
 .text.TMOS_Init
                0x00000000000068f4      0x11e D:\ch32\CH32V208\Central\LIB\libwchble.a(tmos.o)
                0x00000000000068f4                TMOS_Init
 .text.TMOS_ProcessEventRegister
                0x0000000000006a12       0x3c D:\ch32\CH32V208\Central\LIB\libwchble.a(tmos.o)
                0x0000000000006a12                TMOS_ProcessEventRegister
 .text.BLE_LibInit
                0x0000000000006a4e      0x142 D:\ch32\CH32V208\Central\LIB\libwchble.a(tmos.o)
                0x0000000000006a4e                BLE_LibInit
 .text.clockGetTickValve
                0x0000000000006b90       0x7e D:\ch32\CH32V208\Central\LIB\libwchble.a(tmos_hw.o)
 .text.ll_get_sca_divisor
                0x0000000000006c0e       0x40 D:\ch32\CH32V208\Central\LIB\libwchble.a(tmos_hw.o)
                0x0000000000006c0e                ll_get_sca_divisor
 .text.ll_get_sca_own
                0x0000000000006c4e       0x46 D:\ch32\CH32V208\Central\LIB\libwchble.a(tmos_hw.o)
                0x0000000000006c4e                ll_get_sca_own
 .text.ble_ll_common_rand8
                0x0000000000006c94       0x24 D:\ch32\CH32V208\Central\LIB\libwchble.a(tmos_hw.o)
                0x0000000000006c94                ble_ll_common_rand8
 .text.ble_ll_common_rand16
                0x0000000000006cb8       0x24 D:\ch32\CH32V208\Central\LIB\libwchble.a(tmos_hw.o)
                0x0000000000006cb8                ble_ll_common_rand16
 .text.ble_ll_common_rand32
                0x0000000000006cdc       0x20 D:\ch32\CH32V208\Central\LIB\libwchble.a(tmos_hw.o)
                0x0000000000006cdc                ble_ll_common_rand32
 .text.TMOS_IrqProcessRegister
                0x0000000000006cfc        0xa D:\ch32\CH32V208\Central\LIB\libwchble.a(tmos_hw.o)
                0x0000000000006cfc                TMOS_IrqProcessRegister
 .text.TMOS_TempSample
                0x0000000000006d06       0x62 D:\ch32\CH32V208\Central\LIB\libwchble.a(tmos_hw.o)
                0x0000000000006d06                TMOS_TempSample
 .text.TMOS_TimerInit
                0x0000000000006d68       0xfe D:\ch32\CH32V208\Central\LIB\libwchble.a(tmos_hw.o)
                0x0000000000006d68                TMOS_TimerInit
 .text.tmos_snv_init
                0x0000000000006e66       0xb4 D:\ch32\CH32V208\Central\LIB\libwchble.a(tmos_snv.o)
                0x0000000000006e66                tmos_snv_init
 .text.tmos_snv_read
                0x0000000000006f1a      0x274 D:\ch32\CH32V208\Central\LIB\libwchble.a(tmos_snv.o)
                0x0000000000006f1a                tmos_snv_read
 .text.tmos_snv_notify
                0x000000000000718e       0x56 D:\ch32\CH32V208\Central\LIB\libwchble.a(tmos_snv.o)
                0x000000000000718e                tmos_snv_notify
 .text.tmos_snv_write
                0x00000000000071e4      0x2c2 D:\ch32\CH32V208\Central\LIB\libwchble.a(tmos_snv.o)
                0x00000000000071e4                tmos_snv_write
 .text.tmos_snv_compact
                0x00000000000074a6        0x4 D:\ch32\CH32V208\Central\LIB\libwchble.a(tmos_snv.o)
                0x00000000000074a6                tmos_snv_compact
 .text.disconnectNext
                0x00000000000074aa       0x22 D:\ch32\CH32V208\Central\LIB\libwchble.a(gap.o)
 .text.GAP_ParamInit
                0x00000000000074cc      0x16c D:\ch32\CH32V208\Central\LIB\libwchble.a(gap.o)
                0x00000000000074cc                GAP_ParamInit
 .text.sendTerminateEvent
                0x0000000000007638       0x58 D:\ch32\CH32V208\Central\LIB\libwchble.a(gap.o)
                0x0000000000007638                sendTerminateEvent
 .text.gapRegisterCentral
                0x0000000000007690        0x6 D:\ch32\CH32V208\Central\LIB\libwchble.a(gap.o)
                0x0000000000007690                gapRegisterCentral
 .text.gapRegisterCentralConn
                0x0000000000007696        0x6 D:\ch32\CH32V208\Central\LIB\libwchble.a(gap.o)
                0x0000000000007696                gapRegisterCentralConn
 .text.gapRegisterPeripheral
                0x000000000000769c        0x6 D:\ch32\CH32V208\Central\LIB\libwchble.a(gap.o)
                0x000000000000769c                gapRegisterPeripheral
 .text.gapRegisterPeripheralConn
                0x00000000000076a2        0x6 D:\ch32\CH32V208\Central\LIB\libwchble.a(gap.o)
                0x00000000000076a2                gapRegisterPeripheralConn
 .text.smGenerateRandBuf
                0x00000000000076a8       0x56 D:\ch32\CH32V208\Central\LIB\libwchble.a(gap.o)
                0x00000000000076a8                smGenerateRandBuf
 .text.gapL2capConnParamUpdateReq
                0x00000000000076fe       0x36 D:\ch32\CH32V208\Central\LIB\libwchble.a(gap.o)
                0x00000000000076fe                gapL2capConnParamUpdateReq
 .text.gapValidADType
                0x0000000000007734       0x16 D:\ch32\CH32V208\Central\LIB\libwchble.a(gap.o)
                0x0000000000007734                gapValidADType
 .text.gapFindADType
                0x000000000000774a       0x92 D:\ch32\CH32V208\Central\LIB\libwchble.a(gap.o)
                0x000000000000774a                gapFindADType
 .text.GAP_SecParamsInit
                0x00000000000077dc       0x9e D:\ch32\CH32V208\Central\LIB\libwchble.a(gap.o)
                0x00000000000077dc                GAP_SecParamsInit
 .text.GAP_ParamsInit
                0x000000000000787a       0x4c D:\ch32\CH32V208\Central\LIB\libwchble.a(gap.o)
                0x000000000000787a                GAP_ParamsInit
 .text.gapAddAddrAdj
                0x00000000000078c6       0x48 D:\ch32\CH32V208\Central\LIB\libwchble.a(gap.o)
                0x00000000000078c6                gapAddAddrAdj
 .text.gapDetermineAddrType
                0x000000000000790e       0x28 D:\ch32\CH32V208\Central\LIB\libwchble.a(gap.o)
                0x000000000000790e                gapDetermineAddrType
 .text.gapFreeAuthLink
                0x0000000000007936       0x3a D:\ch32\CH32V208\Central\LIB\libwchble.a(gap.o)
                0x0000000000007936                gapFreeAuthLink
 .text.gapGetDevAddress
                0x0000000000007970       0x24 D:\ch32\CH32V208\Central\LIB\libwchble.a(gap.o)
                0x0000000000007970                gapGetDevAddress
 .text.gapGetDevAddressMode
                0x0000000000007994        0xa D:\ch32\CH32V208\Central\LIB\libwchble.a(gap.o)
                0x0000000000007994                gapGetDevAddressMode
 .text.gapGetIRK
                0x000000000000799e        0xc D:\ch32\CH32V208\Central\LIB\libwchble.a(gap.o)
                0x000000000000799e                gapGetIRK
 .text.gapGetSRK
                0x00000000000079aa        0xc D:\ch32\CH32V208\Central\LIB\libwchble.a(gap.o)
                0x00000000000079aa                gapGetSRK
 .text.gapGetSignCounter
                0x00000000000079b6        0xe D:\ch32\CH32V208\Central\LIB\libwchble.a(gap.o)
                0x00000000000079b6                gapGetSignCounter
 .text.gapIncSignCounter
                0x00000000000079c4       0x28 D:\ch32\CH32V208\Central\LIB\libwchble.a(gap.o)
                0x00000000000079c4                gapIncSignCounter
 .text.gapProcessConnEvt
                0x00000000000079ec       0x48 D:\ch32\CH32V208\Central\LIB\libwchble.a(gap.o)
                0x00000000000079ec                gapProcessConnEvt
 .text.gapProcessDisconnectCompleteEvt
                0x0000000000007a34       0xaa D:\ch32\CH32V208\Central\LIB\libwchble.a(gap.o)
                0x0000000000007a34                gapProcessDisconnectCompleteEvt
 .text.sendAuthEvent
                0x0000000000007ade      0x10c D:\ch32\CH32V208\Central\LIB\libwchble.a(gap.o)
                0x0000000000007ade                sendAuthEvent
 .text.gapSendBondCompleteEvent
                0x0000000000007bea       0x70 D:\ch32\CH32V208\Central\LIB\libwchble.a(gap.o)
                0x0000000000007bea                gapSendBondCompleteEvent
 .text.gapSendPairingReqEvent
                0x0000000000007c5a       0x92 D:\ch32\CH32V208\Central\LIB\libwchble.a(gap.o)
                0x0000000000007c5a                gapSendPairingReqEvent
 .text.gapSendSlaveSecurityReqEvent
                0x0000000000007cec       0x64 D:\ch32\CH32V208\Central\LIB\libwchble.a(gap.o)
                0x0000000000007cec                gapSendSlaveSecurityReqEvent
 .text.gapSendDeviceInitDoneEvent
                0x0000000000007d50       0x84 D:\ch32\CH32V208\Central\LIB\libwchble.a(gap.o)
                0x0000000000007d50                gapSendDeviceInitDoneEvent
 .text.gapSendLinkUpdateEvent
                0x0000000000007dd4       0xb2 D:\ch32\CH32V208\Central\LIB\libwchble.a(gap.o)
                0x0000000000007dd4                gapSendLinkUpdateEvent
 .text.gapSendPhyUpdateEvent
                0x0000000000007e86       0x58 D:\ch32\CH32V208\Central\LIB\libwchble.a(gap.o)
                0x0000000000007e86                gapSendPhyUpdateEvent
 .text.gapSendPeriodicAdvSyncTransferReceivedEvent
                0x0000000000007ede       0xb8 D:\ch32\CH32V208\Central\LIB\libwchble.a(gap.o)
                0x0000000000007ede                gapSendPeriodicAdvSyncTransferReceivedEvent
 .text.gapSendEstLinkEvent
                0x0000000000007f96       0xa4 D:\ch32\CH32V208\Central\LIB\libwchble.a(gap.o)
                0x0000000000007f96                gapSendEstLinkEvent
 .text.gapProcessNewAddr
                0x000000000000803a       0x3a D:\ch32\CH32V208\Central\LIB\libwchble.a(gap.o)
                0x000000000000803a                gapProcessNewAddr
 .text.gapProcessRandomAddrComplete
                0x0000000000008074       0xb2 D:\ch32\CH32V208\Central\LIB\libwchble.a(gap.o)
                0x0000000000008074                gapProcessRandomAddrComplete
 .text.GAP_Authenticate
                0x0000000000008126       0xd2 D:\ch32\CH32V208\Central\LIB\libwchble.a(gap.o)
                0x0000000000008126                GAP_Authenticate
 .text.GAP_Bond
                0x00000000000081f8       0xa2 D:\ch32\CH32V208\Central\LIB\libwchble.a(gap.o)
                0x00000000000081f8                GAP_Bond
 .text.GAP_GetParamValue
                0x000000000000829a       0x20 D:\ch32\CH32V208\Central\LIB\libwchble.a(gap.o)
                0x000000000000829a                GAP_GetParamValue
 .text.GAP_PasscodeUpdate
                0x00000000000082ba       0x50 D:\ch32\CH32V208\Central\LIB\libwchble.a(gap.o)
                0x00000000000082ba                GAP_PasscodeUpdate
 .text.GAP_RegisterForMsgs
                0x000000000000830a        0xa D:\ch32\CH32V208\Central\LIB\libwchble.a(gap.o)
                0x000000000000830a                GAP_RegisterForMsgs
 .text.GAP_ResolvePrivateAddr
                0x0000000000008314        0x4 D:\ch32\CH32V208\Central\LIB\libwchble.a(gap.o)
                0x0000000000008314                GAP_ResolvePrivateAddr
 .text.gapPairingCompleteCB
                0x0000000000008318      0x164 D:\ch32\CH32V208\Central\LIB\libwchble.a(gap.o)
                0x0000000000008318                gapPairingCompleteCB
 .text.gapPasskeyNeededCB
                0x000000000000847c       0x8a D:\ch32\CH32V208\Central\LIB\libwchble.a(gap.o)
                0x000000000000847c                gapPasskeyNeededCB
 .text.gapOobNeededCB
                0x0000000000008506       0x9a D:\ch32\CH32V208\Central\LIB\libwchble.a(gap.o)
                0x0000000000008506                gapOobNeededCB
 .text.gapFreeEstLink
                0x00000000000085a0       0x1c D:\ch32\CH32V208\Central\LIB\libwchble.a(gap.o)
                0x00000000000085a0                gapFreeEstLink
 .text.gapUpdateConnSignCounter
                0x00000000000085bc       0x76 D:\ch32\CH32V208\Central\LIB\libwchble.a(gap.o)
                0x00000000000085bc                gapUpdateConnSignCounter
 .text.GAP_SendSlaveSecurityRequest
                0x0000000000008632       0x4a D:\ch32\CH32V208\Central\LIB\libwchble.a(gap.o)
                0x0000000000008632                GAP_SendSlaveSecurityRequest
 .text.GAP_Signable
                0x000000000000867c       0x66 D:\ch32\CH32V208\Central\LIB\libwchble.a(gap.o)
                0x000000000000867c                GAP_Signable
 .text.GAP_TerminateAuth
                0x00000000000086e2       0x2a D:\ch32\CH32V208\Central\LIB\libwchble.a(gap.o)
                0x00000000000086e2                GAP_TerminateAuth
 .text.GAP_NumActiveConnections
                0x000000000000870c        0x4 D:\ch32\CH32V208\Central\LIB\libwchble.a(gap.o)
                0x000000000000870c                GAP_NumActiveConnections
 .text.GAP_TerminateLinkReq
                0x0000000000008710       0x8e D:\ch32\CH32V208\Central\LIB\libwchble.a(gap.o)
                0x0000000000008710                GAP_TerminateLinkReq
 .text.GAP_SetParamValue
                0x000000000000879e       0x6c D:\ch32\CH32V208\Central\LIB\libwchble.a(gap.o)
                0x000000000000879e                GAP_SetParamValue
 .text.GAP_Init
                0x000000000000880a       0x48 D:\ch32\CH32V208\Central\LIB\libwchble.a(gap.o)
                0x000000000000880a                GAP_Init
 .text.GAP_ProcessEvent
                0x0000000000008852      0x694 D:\ch32\CH32V208\Central\LIB\libwchble.a(gap.o)
                0x0000000000008852                GAP_ProcessEvent
 .text.gapSendScanEnable
                0x0000000000008ee6       0x3a D:\ch32\CH32V208\Central\LIB\libwchble.a(gap_central.o)
 .text.gapCentProcessConnEvt
                0x0000000000008f20      0x19a D:\ch32\CH32V208\Central\LIB\libwchble.a(gap_central.o)
                0x0000000000008f20                gapCentProcessConnEvt
 .text.gapProcessScanningPeriodicAdvEvt
                0x00000000000090ba       0x9c D:\ch32\CH32V208\Central\LIB\libwchble.a(gap_central.o)
                0x00000000000090ba                gapProcessScanningPeriodicAdvEvt
 .text.gapCancelLinkReq
                0x0000000000009156       0x38 D:\ch32\CH32V208\Central\LIB\libwchble.a(gap_central.o)
                0x0000000000009156                gapCancelLinkReq
 .text.gapProcessAdvertDevInfo
                0x000000000000918e      0x21e D:\ch32\CH32V208\Central\LIB\libwchble.a(gap_central.o)
                0x000000000000918e                gapProcessAdvertDevInfo
 .text.gapProcessExtAdvertDevInfo
                0x00000000000093ac      0x23c D:\ch32\CH32V208\Central\LIB\libwchble.a(gap_central.o)
                0x00000000000093ac                gapProcessExtAdvertDevInfo
 .text.gapProcessPeriodicAdvertisingSyncEstablishedEvt
                0x00000000000095e8       0xca D:\ch32\CH32V208\Central\LIB\libwchble.a(gap_central.o)
                0x00000000000095e8                gapProcessPeriodicAdvertisingSyncEstablishedEvt
 .text.gapProcessPeriodicAdvertisingSyncLostEvt
                0x00000000000096b2       0x56 D:\ch32\CH32V208\Central\LIB\libwchble.a(gap_central.o)
                0x00000000000096b2                gapProcessPeriodicAdvertisingSyncLostEvt
 .text.gapFreeScanRecs
                0x0000000000009708       0x96 D:\ch32\CH32V208\Central\LIB\libwchble.a(gap_central.o)
                0x0000000000009708                gapFreeScanRecs
 .text.gapSendDevDiscEvent
                0x000000000000979e      0x11e D:\ch32\CH32V208\Central\LIB\libwchble.a(gap_central.o)
                0x000000000000979e                gapSendDevDiscEvent
 .text.gapSetScanParamStatus
                0x00000000000098bc       0x58 D:\ch32\CH32V208\Central\LIB\libwchble.a(gap_central.o)
 .text.gapCentProcessHCICmdEvt
                0x0000000000009914       0x3e D:\ch32\CH32V208\Central\LIB\libwchble.a(gap_central.o)
                0x0000000000009914                gapCentProcessHCICmdEvt
 .text.gapProcessScanningEvt
                0x0000000000009952      0x108 D:\ch32\CH32V208\Central\LIB\libwchble.a(gap_central.o)
                0x0000000000009952                gapProcessScanningEvt
 .text.gapProcessScanningDirectEvt
                0x0000000000009a5a       0xf6 D:\ch32\CH32V208\Central\LIB\libwchble.a(gap_central.o)
                0x0000000000009a5a                gapProcessScanningDirectEvt
 .text.gapProcessScanningExtAdvEvt
                0x0000000000009b50      0x2b0 D:\ch32\CH32V208\Central\LIB\libwchble.a(gap_central.o)
                0x0000000000009b50                gapProcessScanningExtAdvEvt
 .text.GAP_DeviceDiscoveryRequest
                0x0000000000009e00      0x128 D:\ch32\CH32V208\Central\LIB\libwchble.a(gap_central.o)
                0x0000000000009e00                GAP_DeviceDiscoveryRequest
 .text.GAP_EstablishLinkReq
                0x0000000000009f28      0x280 D:\ch32\CH32V208\Central\LIB\libwchble.a(gap_central.o)
                0x0000000000009f28                GAP_EstablishLinkReq
 .text.GAP_CentConnRegister
                0x000000000000a1a8       0x1a D:\ch32\CH32V208\Central\LIB\libwchble.a(gap_central.o)
                0x000000000000a1a8                GAP_CentConnRegister
 .text.GAP_CentralParamInit
                0x000000000000a1c2       0x6e D:\ch32\CH32V208\Central\LIB\libwchble.a(gap_central.o)
                0x000000000000a1c2                GAP_CentralParamInit
 .text.GAP_CentDevMgrInit
                0x000000000000a230       0x94 D:\ch32\CH32V208\Central\LIB\libwchble.a(gap_central.o)
                0x000000000000a230                GAP_CentDevMgrInit
 .text.gapFreeAdvertState
                0x000000000000a2c4       0x1c D:\ch32\CH32V208\Central\LIB\libwchble.a(gap_peripheral.o)
 .text.gapSetPeriodicAdvParams
                0x000000000000a2e0       0x30 D:\ch32\CH32V208\Central\LIB\libwchble.a(gap_peripheral.o)
 .text.gapSetConnectionlessCTEParams
                0x000000000000a310       0x54 D:\ch32\CH32V208\Central\LIB\libwchble.a(gap_peripheral.o)
 .text.gapSetAdvParams
                0x000000000000a364      0x126 D:\ch32\CH32V208\Central\LIB\libwchble.a(gap_peripheral.o)
 .text.gapPeriProcessConnEvt
                0x000000000000a48a       0xe6 D:\ch32\CH32V208\Central\LIB\libwchble.a(gap_peripheral.o)
 .text.gapWriteAdvDataStatus
                0x000000000000a570       0x8a D:\ch32\CH32V208\Central\LIB\libwchble.a(gap_peripheral.o)
 .text.GAP_EndDiscoverable
                0x000000000000a5fa       0x66 D:\ch32\CH32V208\Central\LIB\libwchble.a(gap_peripheral.o)
                0x000000000000a5fa                GAP_EndDiscoverable
 .text.gapProcessAdvertisingEvt
                0x000000000000a660      0x114 D:\ch32\CH32V208\Central\LIB\libwchble.a(gap_peripheral.o)
 .text.GAP_GetAdvertisingAdvData
                0x000000000000a774       0x22 D:\ch32\CH32V208\Central\LIB\libwchble.a(gap_peripheral.o)
                0x000000000000a774                GAP_GetAdvertisingAdvData
 .text.GAP_GetAdvertisingRspData
                0x000000000000a796       0x30 D:\ch32\CH32V208\Central\LIB\libwchble.a(gap_peripheral.o)
                0x000000000000a796                GAP_GetAdvertisingRspData
 .text.GAP_GetPeriodicAdvertisingData
                0x000000000000a7c6       0x30 D:\ch32\CH32V208\Central\LIB\libwchble.a(gap_peripheral.o)
                0x000000000000a7c6                GAP_GetPeriodicAdvertisingData
 .text.GAP_PeriConnRegister
                0x000000000000a7f6       0x2e D:\ch32\CH32V208\Central\LIB\libwchble.a(gap_peripheral.o)
                0x000000000000a7f6                GAP_PeriConnRegister
 .text.GAP_PeripheralParamInit
                0x000000000000a824       0x70 D:\ch32\CH32V208\Central\LIB\libwchble.a(gap_peripheral.o)
                0x000000000000a824                GAP_PeripheralParamInit
 .text.gapSendMakeDiscEvent
                0x000000000000a894       0x50 D:\ch32\CH32V208\Central\LIB\libwchble.a(gap_peripheral.o)
                0x000000000000a894                gapSendMakeDiscEvent
 .text.gapWriteAdvEnableStatus
                0x000000000000a8e4      0x110 D:\ch32\CH32V208\Central\LIB\libwchble.a(gap_peripheral.o)
 .text.gapSendMakePeriodicEvent
                0x000000000000a9f4       0x3a D:\ch32\CH32V208\Central\LIB\libwchble.a(gap_peripheral.o)
                0x000000000000a9f4                gapSendMakePeriodicEvent
 .text.gapSendMakeConnectionlessCTEEvent
                0x000000000000aa2e       0x3a D:\ch32\CH32V208\Central\LIB\libwchble.a(gap_peripheral.o)
                0x000000000000aa2e                gapSendMakeConnectionlessCTEEvent
 .text.gapPeriProcessHCICmdCompleteEvt
                0x000000000000aa68      0x232 D:\ch32\CH32V208\Central\LIB\libwchble.a(gap_peripheral.o)
 .text.GAP_PeriDevMgrInit
                0x000000000000ac9a       0x2e D:\ch32\CH32V208\Central\LIB\libwchble.a(gap_peripheral.o)
                0x000000000000ac9a                GAP_PeriDevMgrInit
 .text.gattRead
                0x000000000000acc8       0x4c D:\ch32\CH32V208\Central\LIB\libwchble.a(gatt.o)
 .text.gattWrite.part.0
                0x000000000000ad14       0x4c D:\ch32\CH32V208\Central\LIB\libwchble.a(gatt.o)
 .text.gattReadByType
                0x000000000000ad60       0x88 D:\ch32\CH32V208\Central\LIB\libwchble.a(gatt.o)
                0x000000000000ad60                gattReadByType
 .text.gattGetPayload
                0x000000000000ade8       0x7e D:\ch32\CH32V208\Central\LIB\libwchble.a(gatt.o)
                0x000000000000ade8                gattGetPayload
 .text.gattNotifyEvent
                0x000000000000ae66       0x7c D:\ch32\CH32V208\Central\LIB\libwchble.a(gatt.o)
                0x000000000000ae66                gattNotifyEvent
 .text.gattSendFlowCtrlEvt
                0x000000000000aee2       0x52 D:\ch32\CH32V208\Central\LIB\libwchble.a(gatt.o)
                0x000000000000aee2                gattSendFlowCtrlEvt
 .text.gattStartTimer
                0x000000000000af34        0xc D:\ch32\CH32V208\Central\LIB\libwchble.a(gatt.o)
                0x000000000000af34                gattStartTimer
 .text.gattStopTimer
                0x000000000000af40       0x32 D:\ch32\CH32V208\Central\LIB\libwchble.a(gatt.o)
                0x000000000000af40                gattStopTimer
 .text.GATT_AppCompletedMsg
                0x000000000000af72       0x30 D:\ch32\CH32V208\Central\LIB\libwchble.a(gatt.o)
                0x000000000000af72                GATT_AppCompletedMsg
 .text.GATT_DiscAllChars
                0x000000000000afa2       0x2a D:\ch32\CH32V208\Central\LIB\libwchble.a(gatt.o)
                0x000000000000afa2                GATT_DiscAllChars
 .text.GATT_DiscAllPrimaryServices
                0x000000000000afcc       0x5a D:\ch32\CH32V208\Central\LIB\libwchble.a(gatt.o)
                0x000000000000afcc                GATT_DiscAllPrimaryServices
 .text.GATT_ExchangeMTU
                0x000000000000b026       0x4c D:\ch32\CH32V208\Central\LIB\libwchble.a(gatt.o)
                0x000000000000b026                GATT_ExchangeMTU
 .text.GATT_NotifyEvent
                0x000000000000b072       0x56 D:\ch32\CH32V208\Central\LIB\libwchble.a(gatt.o)
                0x000000000000b072                GATT_NotifyEvent
 .text.GATT_ReadCharValue
                0x000000000000b0c8        0x4 D:\ch32\CH32V208\Central\LIB\libwchble.a(gatt.o)
                0x000000000000b0c8                GATT_ReadCharValue
 .text.GATT_WriteCharValue
                0x000000000000b0cc       0x12 D:\ch32\CH32V208\Central\LIB\libwchble.a(gatt.o)
                0x000000000000b0cc                GATT_WriteCharValue
 .text.gattRegisterClient
                0x000000000000b0de        0x6 D:\ch32\CH32V208\Central\LIB\libwchble.a(gatt.o)
                0x000000000000b0de                gattRegisterClient
 .text.gattRegisterServer
                0x000000000000b0e4        0x6 D:\ch32\CH32V208\Central\LIB\libwchble.a(gatt.o)
                0x000000000000b0e4                gattRegisterServer
 .text.GATT_UpdateMTU
                0x000000000000b0ea       0x5a D:\ch32\CH32V208\Central\LIB\libwchble.a(gatt.o)
                0x000000000000b0ea                GATT_UpdateMTU
 .text.GATT_bm_alloc
                0x000000000000b144       0xe8 D:\ch32\CH32V208\Central\LIB\libwchble.a(gatt.o)
                0x000000000000b144                GATT_bm_alloc
 .text.gattFindByTypeValue
                0x000000000000b22c       0x74 D:\ch32\CH32V208\Central\LIB\libwchble.a(gatt.o)
                0x000000000000b22c                gattFindByTypeValue
 .text.gattPrepareWriteReq
                0x000000000000b2a0       0x66 D:\ch32\CH32V208\Central\LIB\libwchble.a(gatt.o)
                0x000000000000b2a0                gattPrepareWriteReq
 .text.gattProcessReliableWrites
                0x000000000000b306       0xd0 D:\ch32\CH32V208\Central\LIB\libwchble.a(gatt.o)
                0x000000000000b306                gattProcessReliableWrites
 .text.gattProcessWriteLong
                0x000000000000b3d6       0xc0 D:\ch32\CH32V208\Central\LIB\libwchble.a(gatt.o)
                0x000000000000b3d6                gattProcessWriteLong
 .text.GATT_ServiceChangedInd
                0x000000000000b496       0x90 D:\ch32\CH32V208\Central\LIB\libwchble.a(gatt.o)
                0x000000000000b496                GATT_ServiceChangedInd
 .text.GATT_bm_free
                0x000000000000b526       0x18 D:\ch32\CH32V208\Central\LIB\libwchble.a(gatt.o)
                0x000000000000b526                GATT_bm_free
 .text.GATT_Init
                0x000000000000b53e       0x2a D:\ch32\CH32V208\Central\LIB\libwchble.a(gatt.o)
                0x000000000000b53e                GATT_Init
 .text.GATT_ProcessEvent
                0x000000000000b568      0x13c D:\ch32\CH32V208\Central\LIB\libwchble.a(gatt.o)
                0x000000000000b568                GATT_ProcessEvent
 .text.gattProcessReadByType
                0x000000000000b6a4      0x1d4 D:\ch32\CH32V208\Central\LIB\libwchble.a(gattclientapp.o)
                0x000000000000b6a4                gattProcessReadByType
 .text.gattClientNotifyTxCB
                0x000000000000b878       0x28 D:\ch32\CH32V208\Central\LIB\libwchble.a(gattclientapp.o)
                0x000000000000b878                gattClientNotifyTxCB
 .text.gattGetClientStatus
                0x000000000000b8a0       0x36 D:\ch32\CH32V208\Central\LIB\libwchble.a(gattclientapp.o)
                0x000000000000b8a0                gattGetClientStatus
 .text.gattResetClientInfo
                0x000000000000b8d6       0x7e D:\ch32\CH32V208\Central\LIB\libwchble.a(gattclientapp.o)
                0x000000000000b8d6                gattResetClientInfo
 .text.gattClientHandleConnStatusCB
                0x000000000000b954       0x9a D:\ch32\CH32V208\Central\LIB\libwchble.a(gattclientapp.o)
                0x000000000000b954                gattClientHandleConnStatusCB
 .text.gattClientHandleTimerCB
                0x000000000000b9ee       0x58 D:\ch32\CH32V208\Central\LIB\libwchble.a(gattclientapp.o)
                0x000000000000b9ee                gattClientHandleTimerCB
 .text.gattStoreClientInfo
                0x000000000000ba46       0x6e D:\ch32\CH32V208\Central\LIB\libwchble.a(gattclientapp.o)
                0x000000000000ba46                gattStoreClientInfo
 .text.GATT_RegisterForInd
                0x000000000000bab4        0x6 D:\ch32\CH32V208\Central\LIB\libwchble.a(gattclientapp.o)
                0x000000000000bab4                GATT_RegisterForInd
 .text.gattProcessFindInfo
                0x000000000000baba       0x92 D:\ch32\CH32V208\Central\LIB\libwchble.a(gattclientapp.o)
                0x000000000000baba                gattProcessFindInfo
 .text.gattProcessFindByTypeValue
                0x000000000000bb4c       0x7e D:\ch32\CH32V208\Central\LIB\libwchble.a(gattclientapp.o)
                0x000000000000bb4c                gattProcessFindByTypeValue
 .text.gattProcessReadLong
                0x000000000000bbca       0x78 D:\ch32\CH32V208\Central\LIB\libwchble.a(gattclientapp.o)
                0x000000000000bbca                gattProcessReadLong
 .text.gattProcessReadByGrpType
                0x000000000000bc42       0x92 D:\ch32\CH32V208\Central\LIB\libwchble.a(gattclientapp.o)
                0x000000000000bc42                gattProcessReadByGrpType
 .text.gattProcessMultiReqs
                0x000000000000bcd4      0x134 D:\ch32\CH32V208\Central\LIB\libwchble.a(gattclientapp.o)
                0x000000000000bcd4                gattProcessMultiReqs
 .text.gattClientProcessMsgCB
                0x000000000000be08      0x1e6 D:\ch32\CH32V208\Central\LIB\libwchble.a(gattclientapp.o)
                0x000000000000be08                gattClientProcessMsgCB
 .text.GATT_InitClient
                0x000000000000bfee       0xc0 D:\ch32\CH32V208\Central\LIB\libwchble.a(gattclientapp.o)
                0x000000000000bfee                GATT_InitClient
 .text.gattProcessExchangeMTUReq
                0x000000000000c0ae        0x4 D:\ch32\CH32V208\Central\LIB\libwchble.a(gattservapp.o)
 .text.gattServApp_FindCharCfgItem
                0x000000000000c0b2       0x24 D:\ch32\CH32V208\Central\LIB\libwchble.a(gattservapp.o)
 .text.gattServerHandleTimerCB
                0x000000000000c0d6       0x3c D:\ch32\CH32V208\Central\LIB\libwchble.a(gattservapp.o)
 .text.GATTServApp_InitCharCfg.part.12
                0x000000000000c112       0x20 D:\ch32\CH32V208\Central\LIB\libwchble.a(gattservapp.o)
 .text.gattProcessExecuteWriteReq
                0x000000000000c132        0x4 D:\ch32\CH32V208\Central\LIB\libwchble.a(gattservapp.o)
 .text.GATTServApp_ParamInit
                0x000000000000c136       0xd6 D:\ch32\CH32V208\Central\LIB\libwchble.a(gattservapp.o)
                0x000000000000c136                GATTServApp_ParamInit
 .text.GATTServApp_ReadCharCfg
                0x000000000000c20c       0x18 D:\ch32\CH32V208\Central\LIB\libwchble.a(gattservapp.o)
                0x000000000000c20c                GATTServApp_ReadCharCfg
 .text.GATTServApp_WriteCharCfg
                0x000000000000c224       0x3c D:\ch32\CH32V208\Central\LIB\libwchble.a(gattservapp.o)
                0x000000000000c224                GATTServApp_WriteCharCfg
 .text.GATTServApp_ProcessCCCWriteReq
                0x000000000000c260       0x60 D:\ch32\CH32V208\Central\LIB\libwchble.a(gattservapp.o)
                0x000000000000c260                GATTServApp_ProcessCCCWriteReq
 .text.gattServApp_WriteAttrCB
                0x000000000000c2c0       0x34 D:\ch32\CH32V208\Central\LIB\libwchble.a(gattservapp.o)
                0x000000000000c2c0                gattServApp_WriteAttrCB
 .text.GATTServApp_SendCCCUpdatedEvent
                0x000000000000c2f4       0x5e D:\ch32\CH32V208\Central\LIB\libwchble.a(gattservapp.o)
                0x000000000000c2f4                GATTServApp_SendCCCUpdatedEvent
 .text.GATTServApp_SendServiceChangedInd
                0x000000000000c352       0x36 D:\ch32\CH32V208\Central\LIB\libwchble.a(gattservapp.o)
                0x000000000000c352                GATTServApp_SendServiceChangedInd
 .text.gattServApp_ClearPrepareWriteQ
                0x000000000000c388       0x48 D:\ch32\CH32V208\Central\LIB\libwchble.a(gattservapp.o)
                0x000000000000c388                gattServApp_ClearPrepareWriteQ
 .text.gattServApp_FindPrepareWriteQ
                0x000000000000c3d0       0x30 D:\ch32\CH32V208\Central\LIB\libwchble.a(gattservapp.o)
                0x000000000000c3d0                gattServApp_FindPrepareWriteQ
 .text.gattServApp_FindServiceCBs
                0x000000000000c400       0x18 D:\ch32\CH32V208\Central\LIB\libwchble.a(gattservapp.o)
                0x000000000000c400                gattServApp_FindServiceCBs
 .text.gattServApp_FindAuthorizeAttrCB
                0x000000000000c418       0x16 D:\ch32\CH32V208\Central\LIB\libwchble.a(gattservapp.o)
                0x000000000000c418                gattServApp_FindAuthorizeAttrCB
 .text.gattServApp_IsWriteLong
                0x000000000000c42e       0xda D:\ch32\CH32V208\Central\LIB\libwchble.a(gattservapp.o)
                0x000000000000c42e                gattServApp_IsWriteLong
 .text.gattFindService
                0x000000000000c508       0x1c D:\ch32\CH32V208\Central\LIB\libwchble.a(gattservapp.o)
                0x000000000000c508                gattFindService
 .text.GATT_ServiceNumAttrs
                0x000000000000c524       0x18 D:\ch32\CH32V208\Central\LIB\libwchble.a(gattservapp.o)
                0x000000000000c524                GATT_ServiceNumAttrs
 .text.GATT_ServiceEncKeySize
                0x000000000000c53c       0x18 D:\ch32\CH32V208\Central\LIB\libwchble.a(gattservapp.o)
                0x000000000000c53c                GATT_ServiceEncKeySize
 .text.GATT_VerifyWritePermissions.part.7
                0x000000000000c554       0x2e D:\ch32\CH32V208\Central\LIB\libwchble.a(gattservapp.o)
 .text.gattResetServerInfo
                0x000000000000c582       0x1c D:\ch32\CH32V208\Central\LIB\libwchble.a(gattservapp.o)
                0x000000000000c582                gattResetServerInfo
 .text.gattServerHandleConnStatusCB
                0x000000000000c59e       0x98 D:\ch32\CH32V208\Central\LIB\libwchble.a(gattservapp.o)
                0x000000000000c59e                gattServerHandleConnStatusCB
 .text.gattServerProcessMsgCB
                0x000000000000c636      0x1c0 D:\ch32\CH32V208\Central\LIB\libwchble.a(gattservapp.o)
                0x000000000000c636                gattServerProcessMsgCB
 .text.gattServerNotifyTxCB
                0x000000000000c7f6       0x28 D:\ch32\CH32V208\Central\LIB\libwchble.a(gattservapp.o)
 .text.GATTServApp_WriteAttr
                0x000000000000c81e       0xa8 D:\ch32\CH32V208\Central\LIB\libwchble.a(gattservapp.o)
                0x000000000000c81e                GATTServApp_WriteAttr
 .text.gattServApp_ProcessExecuteWriteReq
                0x000000000000c8c6      0x100 D:\ch32\CH32V208\Central\LIB\libwchble.a(gattservapp.o)
                0x000000000000c8c6                gattServApp_ProcessExecuteWriteReq
 .text.GATTServApp_UpdateCharCfg
                0x000000000000c9c6       0x1e D:\ch32\CH32V208\Central\LIB\libwchble.a(gattservapp.o)
                0x000000000000c9c6                GATTServApp_UpdateCharCfg
 .text.gattServApp_ProcessPrepareWriteReq
                0x000000000000c9e4      0x102 D:\ch32\CH32V208\Central\LIB\libwchble.a(gattservapp.o)
                0x000000000000c9e4                gattServApp_ProcessPrepareWriteReq
 .text.gattServApp_ProcessWriteReq
                0x000000000000cae6       0xb0 D:\ch32\CH32V208\Central\LIB\libwchble.a(gattservapp.o)
                0x000000000000cae6                gattServApp_ProcessWriteReq
 .text.GATT_Indication
                0x000000000000cb96       0xa4 D:\ch32\CH32V208\Central\LIB\libwchble.a(gattservapp.o)
                0x000000000000cb96                GATT_Indication
 .text.GATT_FindHandleUUID
                0x000000000000cc3a       0x94 D:\ch32\CH32V208\Central\LIB\libwchble.a(gattservapp.o)
                0x000000000000cc3a                GATT_FindHandleUUID
 .text.gattProcessReadByGrpTypeReq
                0x000000000000ccce       0x60 D:\ch32\CH32V208\Central\LIB\libwchble.a(gattservapp.o)
 .text.gattProcessReadByTypeReq
                0x000000000000cd2e       0x34 D:\ch32\CH32V208\Central\LIB\libwchble.a(gattservapp.o)
 .text.gattProcessFindByTypeValueReq
                0x000000000000cd62       0x34 D:\ch32\CH32V208\Central\LIB\libwchble.a(gattservapp.o)
 .text.gattProcessFindInfoReq
                0x000000000000cd96      0x19e D:\ch32\CH32V208\Central\LIB\libwchble.a(gattservapp.o)
 .text.GATT_VerifyWritePermissions
                0x000000000000cf34       0x6a D:\ch32\CH32V208\Central\LIB\libwchble.a(gattservapp.o)
                0x000000000000cf34                GATT_VerifyWritePermissions
 .text.gattProcessWriteReq
                0x000000000000cf9e       0x36 D:\ch32\CH32V208\Central\LIB\libwchble.a(gattservapp.o)
 .text.GATT_VerifyPrepareWritePermissions
                0x000000000000cfd4       0x56 D:\ch32\CH32V208\Central\LIB\libwchble.a(gattservapp.o)
                0x000000000000cfd4                GATT_VerifyPrepareWritePermissions
 .text.gattProcessPrepareWriteReq
                0x000000000000d02a       0x36 D:\ch32\CH32V208\Central\LIB\libwchble.a(gattservapp.o)
 .text.GATT_FindNextAttr
                0x000000000000d060       0xc2 D:\ch32\CH32V208\Central\LIB\libwchble.a(gattservapp.o)
                0x000000000000d060                GATT_FindNextAttr
 .text.GATTServApp_ReadAttr
                0x000000000000d122      0x2da D:\ch32\CH32V208\Central\LIB\libwchble.a(gattservapp.o)
                0x000000000000d122                GATTServApp_ReadAttr
 .text.gattServApp_ProcessReadMultiReq
                0x000000000000d3fc      0x166 D:\ch32\CH32V208\Central\LIB\libwchble.a(gattservapp.o)
                0x000000000000d3fc                gattServApp_ProcessReadMultiReq
 .text.gattServApp_ProcessFindByTypeValueReq
                0x000000000000d562      0x19c D:\ch32\CH32V208\Central\LIB\libwchble.a(gattservapp.o)
                0x000000000000d562                gattServApp_ProcessFindByTypeValueReq
 .text.GATT_VerifyReadPermissions
                0x000000000000d6fe       0x68 D:\ch32\CH32V208\Central\LIB\libwchble.a(gattservapp.o)
                0x000000000000d6fe                GATT_VerifyReadPermissions
 .text.gattProcessReadMultiReq
                0x000000000000d766       0xae D:\ch32\CH32V208\Central\LIB\libwchble.a(gattservapp.o)
 .text.gattProcessReadReq
                0x000000000000d814       0x30 D:\ch32\CH32V208\Central\LIB\libwchble.a(gattservapp.o)
 .text.gattServApp_ProcessReadByGrpTypeReq
                0x000000000000d844      0x214 D:\ch32\CH32V208\Central\LIB\libwchble.a(gattservapp.o)
                0x000000000000d844                gattServApp_ProcessReadByGrpTypeReq
 .text.gattServApp_ProcessReadByTypeReq
                0x000000000000da58      0x1aa D:\ch32\CH32V208\Central\LIB\libwchble.a(gattservapp.o)
                0x000000000000da58                gattServApp_ProcessReadByTypeReq
 .text.GATTServApp_RegisterForMsg
                0x000000000000dc02        0x6 D:\ch32\CH32V208\Central\LIB\libwchble.a(gattservapp.o)
                0x000000000000dc02                GATTServApp_RegisterForMsg
 .text.GATTServApp_InitCharCfg
                0x000000000000dc08       0x28 D:\ch32\CH32V208\Central\LIB\libwchble.a(gattservapp.o)
                0x000000000000dc08                GATTServApp_InitCharCfg
 .text.gattServApp_HandleConnStatusCB
                0x000000000000dc30       0x74 D:\ch32\CH32V208\Central\LIB\libwchble.a(gattservapp.o)
                0x000000000000dc30                gattServApp_HandleConnStatusCB
 .text.GATT_InitServer
                0x000000000000dca4       0xf2 D:\ch32\CH32V208\Central\LIB\libwchble.a(gattservapp.o)
                0x000000000000dca4                GATT_InitServer
 .text.GATTServApp_Init
                0x000000000000dd96       0x34 D:\ch32\CH32V208\Central\LIB\libwchble.a(gattservapp.o)
                0x000000000000dd96                GATTServApp_Init
 .text.GATTServApp_ProcessEvent
                0x000000000000ddca      0x35e D:\ch32\CH32V208\Central\LIB\libwchble.a(gattservapp.o)
                0x000000000000ddca                GATTServApp_ProcessEvent
 .text.l2capAllocConnChannel
                0x000000000000e128       0xd8 D:\ch32\CH32V208\Central\LIB\libwchble.a(l2cap.o)
                0x000000000000e128                l2capAllocConnChannel
 .text.l2capFindLocalCID
                0x000000000000e200       0x2c D:\ch32\CH32V208\Central\LIB\libwchble.a(l2cap.o)
                0x000000000000e200                l2capFindLocalCID
 .text.l2capFindLocalId
                0x000000000000e22c       0x30 D:\ch32\CH32V208\Central\LIB\libwchble.a(l2cap.o)
                0x000000000000e22c                l2capFindLocalId
 .text.l2capFindPsm
                0x000000000000e25c       0x30 D:\ch32\CH32V208\Central\LIB\libwchble.a(l2cap.o)
                0x000000000000e25c                l2capFindPsm
 .text.l2capFindRemoteCID
                0x000000000000e28c       0x3c D:\ch32\CH32V208\Central\LIB\libwchble.a(l2cap.o)
                0x000000000000e28c                l2capFindRemoteCID
 .text.l2capFreeChannel
                0x000000000000e2c8       0x3e D:\ch32\CH32V208\Central\LIB\libwchble.a(l2cap.o)
                0x000000000000e2c8                l2capFreeChannel
 .text.l2capDisconnectChannel
                0x000000000000e306       0x28 D:\ch32\CH32V208\Central\LIB\libwchble.a(l2cap.o)
                0x000000000000e306                l2capDisconnectChannel
 .text.l2capHandleTimerCB
                0x000000000000e32e       0x2c D:\ch32\CH32V208\Central\LIB\libwchble.a(l2cap.o)
                0x000000000000e32e                l2capHandleTimerCB
 .text.l2capFreePendingPkt
                0x000000000000e35a       0x54 D:\ch32\CH32V208\Central\LIB\libwchble.a(l2cap.o)
                0x000000000000e35a                l2capFreePendingPkt
 .text.l2capGetCoChannelInfo
                0x000000000000e3ae       0x82 D:\ch32\CH32V208\Central\LIB\libwchble.a(l2cap.o)
                0x000000000000e3ae                l2capGetCoChannelInfo
 .text.l2capNumActiveChannnels
                0x000000000000e430       0x48 D:\ch32\CH32V208\Central\LIB\libwchble.a(l2cap.o)
                0x000000000000e430                l2capNumActiveChannnels
 .text.l2capStartTimer
                0x000000000000e478       0x1a D:\ch32\CH32V208\Central\LIB\libwchble.a(l2cap.o)
                0x000000000000e478                l2capStartTimer
 .text.l2capStopTimer
                0x000000000000e492       0x1e D:\ch32\CH32V208\Central\LIB\libwchble.a(l2cap.o)
                0x000000000000e492                l2capStopTimer
 .text.l2capDisconnectAllChannels
                0x000000000000e4b0       0xdc D:\ch32\CH32V208\Central\LIB\libwchble.a(l2cap.o)
                0x000000000000e4b0                l2capDisconnectAllChannels
 .text.l2capHandleConnStatusCB
                0x000000000000e58c       0x3c D:\ch32\CH32V208\Central\LIB\libwchble.a(l2cap.o)
                0x000000000000e58c                l2capHandleConnStatusCB
 .text.l2capHandleRxError
                0x000000000000e5c8        0x6 D:\ch32\CH32V208\Central\LIB\libwchble.a(l2cap.o)
                0x000000000000e5c8                l2capHandleRxError
 .text.L2CAP_GetMTU
                0x000000000000e5ce        0x6 D:\ch32\CH32V208\Central\LIB\libwchble.a(l2cap.o)
                0x000000000000e5ce                L2CAP_GetMTU
 .text.L2CAP_HostNumCompletedPkts
                0x000000000000e5d4       0x28 D:\ch32\CH32V208\Central\LIB\libwchble.a(l2cap.o)
                0x000000000000e5d4                L2CAP_HostNumCompletedPkts
 .text.L2CAP_ParseConnectReq
                0x000000000000e5fc       0x5e D:\ch32\CH32V208\Central\LIB\libwchble.a(l2cap.o)
                0x000000000000e5fc                L2CAP_ParseConnectReq
 .text.L2CAP_ParseFlowCtrlCredit
                0x000000000000e65a       0x2e D:\ch32\CH32V208\Central\LIB\libwchble.a(l2cap.o)
                0x000000000000e65a                L2CAP_ParseFlowCtrlCredit
 .text.L2CAP_RegisterApp
                0x000000000000e688       0x30 D:\ch32\CH32V208\Central\LIB\libwchble.a(l2cap.o)
                0x000000000000e688                L2CAP_RegisterApp
 .text.L2CAP_SetBufSize
                0x000000000000e6b8       0x1e D:\ch32\CH32V208\Central\LIB\libwchble.a(l2cap.o)
                0x000000000000e6b8                L2CAP_SetBufSize
 .text.L2CAP_bm_alloc
                0x000000000000e6d6       0x26 D:\ch32\CH32V208\Central\LIB\libwchble.a(l2cap.o)
                0x000000000000e6d6                L2CAP_bm_alloc
 .text.L2CAP_Init
                0x000000000000e6fc      0x142 D:\ch32\CH32V208\Central\LIB\libwchble.a(l2cap.o)
                0x000000000000e6fc                L2CAP_Init
 .text.L2CAP_ProcessEvent
                0x000000000000e83e       0xd4 D:\ch32\CH32V208\Central\LIB\libwchble.a(l2cap.o)
                0x000000000000e83e                L2CAP_ProcessEvent
 .text.l2capParseCmdReject
                0x000000000000e912       0x5e D:\ch32\CH32V208\Central\LIB\libwchble.a(l2cap_input.o)
                0x000000000000e912                l2capParseCmdReject
 .text.l2capParseDisconnectReq
                0x000000000000e970       0x2e D:\ch32\CH32V208\Central\LIB\libwchble.a(l2cap_input.o)
                0x000000000000e970                l2capParseDisconnectReq
 .text.l2capParseDisconnectRsp
                0x000000000000e99e       0x2e D:\ch32\CH32V208\Central\LIB\libwchble.a(l2cap_input.o)
                0x000000000000e99e                l2capParseDisconnectRsp
 .text.L2CAP_ParseParamUpdateReq
                0x000000000000e9cc       0x4e D:\ch32\CH32V208\Central\LIB\libwchble.a(l2cap_input.o)
                0x000000000000e9cc                L2CAP_ParseParamUpdateReq
 .text.l2capParseParamUpdateRsp
                0x000000000000ea1a       0x1e D:\ch32\CH32V208\Central\LIB\libwchble.a(l2cap_input.o)
                0x000000000000ea1a                l2capParseParamUpdateRsp
 .text.l2capProcessConnectReq
                0x000000000000ea38       0xfc D:\ch32\CH32V208\Central\LIB\libwchble.a(l2cap_input.o)
                0x000000000000ea38                l2capProcessConnectReq
 .text.l2capParseConnectRsp
                0x000000000000eb34       0x5e D:\ch32\CH32V208\Central\LIB\libwchble.a(l2cap_input.o)
                0x000000000000eb34                l2capParseConnectRsp
 .text.l2capParseSignalHdr
                0x000000000000eb92       0x22 D:\ch32\CH32V208\Central\LIB\libwchble.a(l2cap_input.o)
                0x000000000000eb92                l2capParseSignalHdr
 .text.l2capParsePacket
                0x000000000000ebb4       0x8c D:\ch32\CH32V208\Central\LIB\libwchble.a(l2cap_input.o)
                0x000000000000ebb4                l2capParsePacket
 .text.l2capProcessReq
                0x000000000000ec40      0x15e D:\ch32\CH32V208\Central\LIB\libwchble.a(l2cap_input.o)
                0x000000000000ec40                l2capProcessReq
 .text.l2capProcessRsp
                0x000000000000ed9e      0x150 D:\ch32\CH32V208\Central\LIB\libwchble.a(l2cap_input.o)
                0x000000000000ed9e                l2capProcessRsp
 .text.l2capProcessRxData
                0x000000000000eeee       0xf4 D:\ch32\CH32V208\Central\LIB\libwchble.a(l2cap_input.o)
                0x000000000000eeee                l2capProcessRxData
 .text.l2capNotifyData
                0x000000000000efe2       0x56 D:\ch32\CH32V208\Central\LIB\libwchble.a(l2cap_output.o)
                0x000000000000efe2                l2capNotifyData
 .text.l2capNotifySignal
                0x000000000000f038       0x72 D:\ch32\CH32V208\Central\LIB\libwchble.a(l2cap_output.o)
                0x000000000000f038                l2capNotifySignal
 .text.l2capNotifyCreditEvt
                0x000000000000f0aa       0xa0 D:\ch32\CH32V208\Central\LIB\libwchble.a(l2cap_output.o)
                0x000000000000f0aa                l2capNotifyCreditEvt
 .text.l2capNotifyChannelEstEvt
                0x000000000000f14a       0x58 D:\ch32\CH32V208\Central\LIB\libwchble.a(l2cap_output.o)
                0x000000000000f14a                l2capNotifyChannelEstEvt
 .text.l2capNotifyChannelTermEvt
                0x000000000000f1a2       0x3e D:\ch32\CH32V208\Central\LIB\libwchble.a(l2cap_output.o)
                0x000000000000f1a2                l2capNotifyChannelTermEvt
 .text.l2capNotifyEvent
                0x000000000000f1e0       0x66 D:\ch32\CH32V208\Central\LIB\libwchble.a(l2cap_output.o)
                0x000000000000f1e0                l2capNotifyEvent
 .text.l2capStoreFCPkt
                0x000000000000f246       0x32 D:\ch32\CH32V208\Central\LIB\libwchble.a(l2cap_output.o)
                0x000000000000f246                l2capStoreFCPkt
 .text.l2capFreeTxSDU
                0x000000000000f278       0x96 D:\ch32\CH32V208\Central\LIB\libwchble.a(l2cap_output.o)
                0x000000000000f278                l2capFreeTxSDU
 .text.l2capReassembleSegment
                0x000000000000f30e      0x16c D:\ch32\CH32V208\Central\LIB\libwchble.a(l2cap_output.o)
                0x000000000000f30e                l2capReassembleSegment
 .text.l2capEncapSendData
                0x000000000000f47a       0xf0 D:\ch32\CH32V208\Central\LIB\libwchble.a(l2cap_output.o)
                0x000000000000f47a                l2capEncapSendData
 .text.l2capSendFCPkt.part.3
                0x000000000000f56a       0x6c D:\ch32\CH32V208\Central\LIB\libwchble.a(l2cap_output.o)
 .text.l2capSendSegment