Archive member included to satisfy reference by file (symbol)

C:\Users\rgyzd9870\Documents\WeChat Files\wxid_plo8ozlnxa4u22\FileStorage\File\2024-07\Central(1)\Central\LIB\libwchble.a(message.o)
                              ./HAL/MCU.o (tmos_msg_deallocate)
C:\Users\rgyzd9870\Documents\WeChat Files\wxid_plo8ozlnxa4u22\FileStorage\File\2024-07\Central(1)\Central\LIB\libwchble.a(tmos.o)
                              ./APP/central.o (tmos_rand)
C:\Users\rgyzd9870\Documents\WeChat Files\wxid_plo8ozlnxa4u22\FileStorage\File\2024-07\Central(1)\Central\LIB\libwchble.a(tmos_hw.o)
                              C:\Users\rgyzd9870\Documents\WeChat Files\wxid_plo8ozlnxa4u22\FileStorage\File\2024-07\Central(1)\Central\LIB\libwchble.a(tmos.o) (bleClock_t)
C:\Users\rgyzd9870\Documents\WeChat Files\wxid_plo8ozlnxa4u22\FileStorage\File\2024-07\Central(1)\Central\LIB\libwchble.a(tmos_snv.o)
                              C:\Users\rgyzd9870\Documents\WeChat Files\wxid_plo8ozlnxa4u22\FileStorage\File\2024-07\Central(1)\Central\LIB\libwchble.a(tmos.o) (tmos_snv_init)
C:\Users\rgyzd9870\Documents\WeChat Files\wxid_plo8ozlnxa4u22\FileStorage\File\2024-07\Central(1)\Central\LIB\libwchble.a(gap.o)
                              ./APP/central.o (GAP_SetParamValue)
C:\Users\rgyzd9870\Documents\WeChat Files\wxid_plo8ozlnxa4u22\FileStorage\File\2024-07\Central(1)\Central\LIB\libwchble.a(gap_central.o)
                              C:\Users\rgyzd9870\Documents\WeChat Files\wxid_plo8ozlnxa4u22\FileStorage\File\2024-07\Central(1)\Central\LIB\libwchble.a(gap.o) (gapProcessPeriodicAdvertisingSyncEstablishedEvt)
C:\Users\rgyzd9870\Documents\WeChat Files\wxid_plo8ozlnxa4u22\FileStorage\File\2024-07\Central(1)\Central\LIB\libwchble.a(gap_peripheral.o)
                              C:\Users\rgyzd9870\Documents\WeChat Files\wxid_plo8ozlnxa4u22\FileStorage\File\2024-07\Central(1)\Central\LIB\libwchble.a(gap.o) (GAP_PeripheralParamInit)
C:\Users\rgyzd9870\Documents\WeChat Files\wxid_plo8ozlnxa4u22\FileStorage\File\2024-07\Central(1)\Central\LIB\libwchble.a(gatt.o)
                              ./APP/central.o (GATT_DiscAllChars)
C:\Users\rgyzd9870\Documents\WeChat Files\wxid_plo8ozlnxa4u22\FileStorage\File\2024-07\Central(1)\Central\LIB\libwchble.a(gatt_uuid.o)
                              C:\Users\rgyzd9870\Documents\WeChat Files\wxid_plo8ozlnxa4u22\FileStorage\File\2024-07\Central(1)\Central\LIB\libwchble.a(gatt.o) (serviceChangedUUID)
C:\Users\rgyzd9870\Documents\WeChat Files\wxid_plo8ozlnxa4u22\FileStorage\File\2024-07\Central(1)\Central\LIB\libwchble.a(gattclientapp.o)
                              C:\Users\rgyzd9870\Documents\WeChat Files\wxid_plo8ozlnxa4u22\FileStorage\File\2024-07\Central(1)\Central\LIB\libwchble.a(gatt.o) (gattGetClientStatus)
C:\Users\rgyzd9870\Documents\WeChat Files\wxid_plo8ozlnxa4u22\FileStorage\File\2024-07\Central(1)\Central\LIB\libwchble.a(gattservapp.o)
                              C:\Users\rgyzd9870\Documents\WeChat Files\wxid_plo8ozlnxa4u22\FileStorage\File\2024-07\Central(1)\Central\LIB\libwchble.a(gatt.o) (GATT_Indication)
C:\Users\rgyzd9870\Documents\WeChat Files\wxid_plo8ozlnxa4u22\FileStorage\File\2024-07\Central(1)\Central\LIB\libwchble.a(l2cap.o)
                              C:\Users\rgyzd9870\Documents\WeChat Files\wxid_plo8ozlnxa4u22\FileStorage\File\2024-07\Central(1)\Central\LIB\libwchble.a(gatt.o) (L2CAP_GetMTU)
C:\Users\rgyzd9870\Documents\WeChat Files\wxid_plo8ozlnxa4u22\FileStorage\File\2024-07\Central(1)\Central\LIB\libwchble.a(l2cap_input.o)
                              C:\Users\rgyzd9870\Documents\WeChat Files\wxid_plo8ozlnxa4u22\FileStorage\File\2024-07\Central(1)\Central\LIB\libwchble.a(l2cap.o) (l2capProcessRxData)
C:\Users\rgyzd9870\Documents\WeChat Files\wxid_plo8ozlnxa4u22\FileStorage\File\2024-07\Central(1)\Central\LIB\libwchble.a(l2cap_output.o)
                              C:\Users\rgyzd9870\Documents\WeChat Files\wxid_plo8ozlnxa4u22\FileStorage\File\2024-07\Central(1)\Central\LIB\libwchble.a(l2cap_input.o) (l2capNotifyData)
C:\Users\rgyzd9870\Documents\WeChat Files\wxid_plo8ozlnxa4u22\FileStorage\File\2024-07\Central(1)\Central\LIB\libwchble.a(l2cap_sdu.o)
                              C:\Users\rgyzd9870\Documents\WeChat Files\wxid_plo8ozlnxa4u22\FileStorage\File\2024-07\Central(1)\Central\LIB\libwchble.a(l2cap_input.o) (l2capBuildDisconnectRsp)
C:\Users\rgyzd9870\Documents\WeChat Files\wxid_plo8ozlnxa4u22\FileStorage\File\2024-07\Central(1)\Central\LIB\libwchble.a(linkdb.o)
                              C:\Users\rgyzd9870\Documents\WeChat Files\wxid_plo8ozlnxa4u22\FileStorage\File\2024-07\Central(1)\Central\LIB\libwchble.a(l2cap.o) (linkDB_Init)
C:\Users\rgyzd9870\Documents\WeChat Files\wxid_plo8ozlnxa4u22\FileStorage\File\2024-07\Central(1)\Central\LIB\libwchble.a(sm.o)
                              C:\Users\rgyzd9870\Documents\WeChat Files\wxid_plo8ozlnxa4u22\FileStorage\File\2024-07\Central(1)\Central\LIB\libwchble.a(gap.o) (smFreePairingParams)
[...]
Memory Configuration

Name             Origin             Length             Attributes
FLASH            0x0000000000000000 0x0000000000070000 xr
RAM              0x0000000020000000 0x0000000000010000 xrw
*default*        0x0000000000000000 0xffffffffffffffff

Linker script and memory map

LOAD ./SRC/Startup/startup_ch32v20x_D8W.o
LOAD ./SRC/Peripheral/src/ch32v20x_adc.o
LOAD ./SRC/Peripheral/src/ch32v20x_bkp.o
LOAD ./SRC/Peripheral/src/ch32v20x_can.o
LOAD ./SRC/Peripheral/src/ch32v20x_crc.o
LOAD ./SRC/Peripheral/src/ch32v20x_dbgmcu.o
LOAD ./SRC/Peripheral/src/ch32v20x_dma.o
LOAD ./SRC/Peripheral/src/ch32v20x_exti.o
LOAD ./SRC/Peripheral/src/ch32v20x_flash.o
LOAD ./SRC/Peripheral/src/ch32v20x_gpio.o
LOAD ./SRC/Peripheral/src/ch32v20x_i2c.o
LOAD ./SRC/Peripheral/src/ch32v20x_iwdg.o
LOAD ./SRC/Peripheral/src/ch32v20x_misc.o
LOAD ./SRC/Peripheral/src/ch32v20x_opa.o
LOAD ./SRC/Peripheral/src/ch32v20x_pwr.o
LOAD ./SRC/Peripheral/src/ch32v20x_rcc.o
LOAD ./SRC/Peripheral/src/ch32v20x_rtc.o
LOAD ./SRC/Peripheral/src/ch32v20x_spi.o
LOAD ./SRC/Peripheral/src/ch32v20x_tim.o
LOAD ./SRC/Peripheral/src/ch32v20x_usart.o
LOAD ./SRC/Peripheral/src/ch32v20x_wwdg.o
LOAD ./SRC/Debug/debug.o
LOAD ./SRC/Core/core_riscv.o
LOAD ./LIB/ble_task_scheduler.o
LOAD ./Hardware/algorithm/algorithm.o
LOAD ./Hardware/MPU6050/Fall Detection/Fall_detection.o
LOAD ./Hardware/MPU6050/DMP/inv_mpu.o
LOAD ./Hardware/MPU6050/DMP/inv_mpu_dmp_motion_driver.o
LOAD ./Hardware/MPU6050/mpu6050.o
LOAD ./Hardware/MAX30102/MAX30102.o
LOAD ./Hardware/IIC/myiic.o
LOAD ./Hardware/mytask.o
LOAD ./HAL/KEY.o
LOAD ./HAL/LED.o
LOAD ./HAL/MCU.o
LOAD ./HAL/RTC.o
LOAD ./HAL/SLEEP.o
LOAD ./APP/central.o
LOAD ./APP/central_main.o
LOAD ./APP/ch32v20x_it.o
LOAD ./APP/system_ch32v20x.o
LOAD C:\Users\rgyzd9870\Documents\WeChat Files\wxid_plo8ozlnxa4u22\FileStorage\File\2024-07\Central(1)\Central\LIB\libwchble.a
LOAD c:/mounriver/mounriver_studio/toolchain/risc-v embedded gcc/bin/../lib/gcc/riscv-none-embed/8.2.0/../../../../riscv-none-embed/lib/rv32imacxw/ilp32\libm.a
LOAD c:/mounriver/mounriver_studio/toolchain/risc-v embedded gcc/bin/../lib/gcc/riscv-none-embed/8.2.0/rv32imacxw/ilp32\libgcc.a
LOAD c:/mounriver/mounriver_studio/toolchain/risc-v embedded gcc/bin/../lib/gcc/riscv-none-embed/8.2.0/../../../../riscv-none-embed/lib/rv32imacxw/ilp32\libg_nano.a
LOAD c:/mounriver/mounriver_studio/toolchain/risc-v embedded gcc/bin/../lib/gcc/riscv-none-embed/8.2.0/../../../../riscv-none-embed/lib/rv32imacxw/ilp32\libc_nano.a
LOAD c:/mounriver/mounriver_studio/toolchain/risc-v embedded gcc/bin/../lib/gcc/riscv-none-embed/8.2.0/rv32imacxw/ilp32\libgcc.a
START GROUP
LOAD c:/mounriver/mounriver_studio/toolchain/risc-v embedded gcc/bin/../lib/gcc/riscv-none-embed/8.2.0/rv32imacxw/ilp32\libgcc.a
LOAD c:/mounriver/mounriver_studio/toolchain/risc-v embedded gcc/bin/../lib/gcc/riscv-none-embed/8.2.0/../../../../riscv-none-embed/lib/rv32imacxw/ilp32\libc_nano.a
LOAD c:/mounriver/mounriver_studio/toolchain/risc-v embedded gcc/bin/../lib/gcc/riscv-none-embed/8.2.0/../../../../riscv-none-embed/lib/rv32imacxw/ilp32\libnosys.a
END GROUP
START GROUP
LOAD c:/mounriver/mounriver_studio/toolchain/risc-v embedded gcc/bin/../lib/gcc/riscv-none-embed/8.2.0/rv32imacxw/ilp32\libgcc.a
LOAD c:/mounriver/mounriver_studio/toolchain/risc-v embedded gcc/bin/../lib/gcc/riscv-none-embed/8.2.0/../../../../riscv-none-embed/lib/rv32imacxw/ilp32\libc_nano.a
LOAD c:/mounriver/mounriver_studio/toolchain/risc-v embedded gcc/bin/../lib/gcc/riscv-none-embed/8.2.0/../../../../riscv-none-embed/lib/rv32imacxw/ilp32\libnosys.a
END GROUP
                0x0000000000000800                __stack_size = 0x800
                [!provide]                        PROVIDE (_stack_size = __stack_size)

.init           0x0000000000000000        0x4
                0x0000000000000000                _sinit = .
                0x0000000000000000                . = ALIGN (0x4)
 *(SORT_NONE(.init))
 .init          0x0000000000000000        0x4 ./SRC/Startup/startup_ch32v20x_D8W.o
                0x0000000000000000                _start
                0x0000000000000004                . = ALIGN (0x4)
                0x0000000000000004                _einit = .

.vector         0x0000000000000004      0x13c
 *(.vector)
 .vector        0x0000000000000004      0x118 ./SRC/Startup/startup_ch32v20x_D8W.o
                0x0000000000000140                . = ALIGN (0x40)
 *fill*         0x000000000000011c       0x24 
 *(SORT_NONE(.handle_reset))

.highcode       0x0000000000000140     0x2f5c
                0x0000000000000140                . = ALIGN (0x4)
 *(.highcode)
 .highcode      0x0000000000000140       0x4e ./LIB/ble_task_scheduler.o
                0x0000000000000140                Ecall_U_Mode_Handler
                0x0000000000000140                Ecall_M_Mode_Handler
 .highcode      0x000000000000018e        0xc ./APP/central_main.o
                0x000000000000018e                Main_Circulation
 .highcode      0x000000000000019a       0xf8 C:\Users\rgyzd9870\Documents\WeChat Files\wxid_plo8ozlnxa4u22\FileStorage\File\2024-07\Central(1)\Central\LIB\libwchble.a(message.o)
                0x000000000000019a                tmos_msg_enqueue
                0x00000000000001b4                tmos_msg_allocate
                0x0000000000000210                tmos_msg_receive
 .highcode      0x0000000000000292      0x6e4 C:\Users\rgyzd9870\Documents\WeChat Files\wxid_plo8ozlnxa4u22\FileStorage\File\2024-07\Central(1)\Central\LIB\libwchble.a(tmos.o)
                0x00000000000002b6                tmos_memcpy
                0x00000000000002f0                tmos_memcpy_word
                0x0000000000000320                tmos_memset
                0x000000000000034e                tmos_strlen
                0x000000000000037a                tmos_memdup
                0x00000000000003c8                tmos_memcmp
                0x0000000000000412                tmos_revmemcpy
                0x0000000000000446                tmos_isbufset
                0x00000000000005c4                tmos_proces_idle
                0x000000000000074c                TMOS_SysRegister
                0x000000000000075a                ble_controller_func
                0x0000000000000786                TMOS_SystemProcess
 .highcode      0x0000000000000976       0x68 C:\Users\rgyzd9870\Documents\WeChat Files\wxid_plo8ozlnxa4u22\FileStorage\File\2024-07\Central(1)\Central\LIB\libwchble.a(tmos_hw.o)
                0x00000000000009aa                TMOS_TimerIRQHandler
 .highcode      0x00000000000009de       0x30 C:\Users\rgyzd9870\Documents\WeChat Files\wxid_plo8ozlnxa4u22\FileStorage\File\2024-07\Central(1)\Central\LIB\libwchble.a(gattclientapp.o)
                0x00000000000009de                gattFindClientInfo
 .highcode      0x0000000000000a0e       0x76 C:\Users\rgyzd9870\Documents\WeChat Files\wxid_plo8ozlnxa4u22\FileStorage\File\2024-07\Central(1)\Central\LIB\libwchble.a(gattservapp.o)
                0x0000000000000a0e                gattFindServerInfo
                0x0000000000000a3a                GATT_FindHandle
 .highcode      0x0000000000000a84       0x34 C:\Users\rgyzd9870\Documents\WeChat Files\wxid_plo8ozlnxa4u22\FileStorage\File\2024-07\Central(1)\Central\LIB\libwchble.a(linkdb.o)
                0x0000000000000a84                linkDB_Find
 .highcode      0x0000000000000ab8      0xa8c C:\Users\rgyzd9870\Documents\WeChat Files\wxid_plo8ozlnxa4u22\FileStorage\File\2024-07\Central(1)\Central\LIB\libwchble.a(ll_connect.o)
                0x0000000000000ab8                ll_connect_send_data
                0x0000000000000be4                ll_connect_recv_data
                0x0000000000000cc0                ll_connect_event_continue
                0x0000000000000d86                ll_wait_connect_event
                0x0000000000000d96                ll_connect_start_event
                0x0000000000001188                ll_get_connect_anchorPoint
                0x000000000000140c                ll_process_connect_event
 .highcode      0x0000000000001544      0x7c4 C:\Users\rgyzd9870\Documents\WeChat Files\wxid_plo8ozlnxa4u22\FileStorage\File\2024-07\Central(1)\Central\LIB\libwchble.a(ll_hop.o)
                0x0000000000001544                LL_HopGetChannel
                0x00000000000015e2                LL_HopGetChannel2
                0x0000000000001844                LL_PeriodicHopGetChannel2
                0x0000000000001aa6                LL_PeriodicScanHopGetChannel2
 .highcode      0x0000000000001d08      0x136 C:\Users\rgyzd9870\Documents\WeChat Files\wxid_plo8ozlnxa4u22\FileStorage\File\2024-07\Central(1)\Central\LIB\libwchble.a(ll_resolvinglist.o)
                0x0000000000001d08                ll_resolvinglist_checkRPA
                0x0000000000001d72                LL_ResolvinglistPeerIdentifyAddressGetIrk
                0x0000000000001dc6                LL_ResolvinglistPeerRpaAddressGetIrk
                0x0000000000001e02                LL_ResolvinglistLocalRpaAddressGetIrk
 .highcode      0x0000000000001e3e       0xa4 C:\Users\rgyzd9870\Documents\WeChat Files\wxid_plo8ozlnxa4u22\FileStorage\File\2024-07\Central(1)\Central\LIB\libwchble.a(ll_scan.o)
                0x0000000000001e3e                ll_scan_duplicate_filter
 .highcode      0x0000000000001ee2       0x50 C:\Users\rgyzd9870\Documents\WeChat Files\wxid_plo8ozlnxa4u22\FileStorage\File\2024-07\Central(1)\Central\LIB\libwchble.a(ll_whitelist.o)
                0x0000000000001ee2                LL_WhitelistLookup
 .highcode      0x0000000000001f32      0x2a6 C:\Users\rgyzd9870\Documents\WeChat Files\wxid_plo8ozlnxa4u22\FileStorage\File\2024-07\Central(1)\Central\LIB\libwchble.a(aes.o)
                0x0000000000001f32                AES_DevAESEnc
                0x00000000000020dc                AES_DevPktEnc
                0x0000000000002154                AES_DevPktDec
 .highcode      0x00000000000021d8      0x114 C:\Users\rgyzd9870\Documents\WeChat Files\wxid_plo8ozlnxa4u22\FileStorage\File\2024-07\Central(1)\Central\LIB\libwchble.a(bb.o)
                0x00000000000021d8                BB_IRQLibHandler
 .highcode      0x00000000000022ec      0x39a C:\Users\rgyzd9870\Documents\WeChat Files\wxid_plo8ozlnxa4u22\FileStorage\File\2024-07\Central(1)\Central\LIB\libwchble.a(ip.o)
                0x00000000000022ec                ll_rx_wait_finish
                0x0000000000002320                ble_ll_chkcrc
                0x00000000000023ac                ll_tx_wait_finish
                0x00000000000024a6                BLE_CheckHoppingMap
 .highcode      0x0000000000002686      0x336 C:\Users\rgyzd9870\Documents\WeChat Files\wxid_plo8ozlnxa4u22\FileStorage\File\2024-07\Central(1)\Central\LIB\libwchble.a(lle.o)
                0x0000000000002686                LLE_IRQSubHandler
                0x000000000000287e                lle_irq_process
 .highcode      0x00000000000029bc       0x3a C:\Users\rgyzd9870\Documents\WeChat Files\wxid_plo8ozlnxa4u22\FileStorage\File\2024-07\Central(1)\Central\LIB\libwchble.a(rfend.o)
                0x00000000000029bc                RFEND_WaitTune
 .highcode      0x00000000000029f6      0x22a C:\Users\rgyzd9870\Documents\WeChat Files\wxid_plo8ozlnxa4u22\FileStorage\File\2024-07\Central(1)\Central\LIB\libwchble.a(memory.o)
                0x00000000000029f6                tmos_memory_allocate
                0x0000000000002ae4                tmos_memory_free
                0x0000000000002be4                tmos_bm_adjust_header
 .highcode      0x0000000000002c20      0x3b0 C:\Users\rgyzd9870\Documents\WeChat Files\wxid_plo8ozlnxa4u22\FileStorage\File\2024-07\Central(1)\Central\LIB\libwchble.a(ll_periodic .o)
 *(.highcode.*)
 *fill*         0x0000000000002fd0        0x0 
 .highcode.LLE_IRQHandler
                0x0000000000002fd0       0x86 ./LIB/ble_task_scheduler.o
                0x0000000000002fd0                LLE_IRQHandler
 *fill*         0x0000000000003056        0x2 
 .highcode.ble_controller_scheduler
                0x0000000000003058        0xa C:\Users\rgyzd9870\Documents\WeChat Files\wxid_plo8ozlnxa4u22\FileStorage\File\2024-07\Central(1)\Central\LIB\libwchble.a(ble_task_process.o)
 *fill*         0x0000000000003062        0x2 
 .highcode.LLE_IRQLibHandler
                0x0000000000003064       0x36 C:\Users\rgyzd9870\Documents\WeChat Files\wxid_plo8ozlnxa4u22\FileStorage\File\2024-07\Central(1)\Central\LIB\libwchble.a(ble_task_process.o)
                0x0000000000003064                LLE_IRQLibHandler
                0x000000000000309c                . = ALIGN (0x4)
 *fill*         0x000000000000309a        0x2 

.text           0x00000000000030a0    0x2f90c
                0x00000000000030a0                . = ALIGN (0x4)
 EXCLUDE_FILE(*wchble.a) *(.text .text*)
 .text.vector_handler
                0x00000000000030a0        0x2 ./SRC/Startup/startup_ch32v20x_D8W.o
                0x00000000000030a0                EXTI2_IRQHandler
                0x00000000000030a0                TIM1_CC_IRQHandler
                0x00000000000030a0                SysTick_Handler
                0x00000000000030a0                PVD_IRQHandler
                0x00000000000030a0                EXTI3_IRQHandler
                0x00000000000030a0                USBFS_IRQHandler
                0x00000000000030a0                EXTI0_IRQHandler
                0x00000000000030a0                I2C2_EV_IRQHandler
                0x00000000000030a0                ADC1_2_IRQHandler
                0x00000000000030a0                Break_Point_Handler
                0x00000000000030a0                SPI1_IRQHandler
                0x00000000000030a0                TAMPER_IRQHandler
                0x00000000000030a0                OSCWakeUp_IRQHandler
                0x00000000000030a0                DMA1_Channel4_IRQHandler
                0x00000000000030a0                USART3_IRQHandler
                0x00000000000030a0                RTC_IRQHandler
                0x00000000000030a0                DMA1_Channel7_IRQHandler
                0x00000000000030a0                CAN1_RX1_IRQHandler
                0x00000000000030a0                TIM4_IRQHandler
                0x00000000000030a0                I2C1_EV_IRQHandler
                0x00000000000030a0                DMA1_Channel6_IRQHandler
                0x00000000000030a0                UART4_IRQHandler
                0x00000000000030a0                TIM3_IRQHandler
                0x00000000000030a0                RCC_IRQHandler
                0x00000000000030a0                TIM1_TRG_COM_IRQHandler
                0x00000000000030a0                DMA1_Channel1_IRQHandler
                0x00000000000030a0                EXTI15_10_IRQHandler
                0x00000000000030a0                DMA1_Channel8_IRQHandler
                0x00000000000030a0                TIM5_IRQHandler
                0x00000000000030a0                EXTI9_5_IRQHandler
                0x00000000000030a0                SPI2_IRQHandler
                0x00000000000030a0                OSC32KCal_IRQHandler
                0x00000000000030a0                DMA1_Channel5_IRQHandler
                0x00000000000030a0                EXTI4_IRQHandler
                0x00000000000030a0                USB_LP_CAN1_RX0_IRQHandler
                0x00000000000030a0                USB_HP_CAN1_TX_IRQHandler
                0x00000000000030a0                DMA1_Channel3_IRQHandler
                0x00000000000030a0                ETH_IRQHandler
                0x00000000000030a0                TIM1_UP_IRQHandler
                0x00000000000030a0                WWDG_IRQHandler
                0x00000000000030a0                TIM2_IRQHandler
                0x00000000000030a0                SW_Handler
                0x00000000000030a0                TIM1_BRK_IRQHandler
                0x00000000000030a0                EXTI1_IRQHandler
                0x00000000000030a0                USART2_IRQHandler
                0x00000000000030a0                ETHWakeUp_IRQHandler
                0x00000000000030a0                I2C2_ER_IRQHandler
                0x00000000000030a0                DMA1_Channel2_IRQHandler
                0x00000000000030a0                CAN1_SCE_IRQHandler
                0x00000000000030a0                FLASH_IRQHandler
                0x00000000000030a0                USBFSWakeUp_IRQHandler
                0x00000000000030a0                USART1_IRQHandler
                0x00000000000030a0                I2C1_ER_IRQHandler
                0x00000000000030a0                USBWakeUp_IRQHandler
 .text.handle_reset
                0x00000000000030a2       0x8a ./SRC/Startup/startup_ch32v20x_D8W.o
                0x00000000000030a2                handle_reset
 .text.ADC_DeInit
                0x000000000000312c       0x40 ./SRC/Peripheral/src/ch32v20x_adc.o
                0x000000000000312c                ADC_DeInit
 .text.ADC_Init
                0x000000000000316c       0x56 ./SRC/Peripheral/src/ch32v20x_adc.o
                0x000000000000316c                ADC_Init
 .text.ADC_Cmd  0x00000000000031c2       0x10 ./SRC/Peripheral/src/ch32v20x_adc.o
                0x00000000000031c2                ADC_Cmd
 .text.ADC_SoftwareStartConvCmd
                0x00000000000031d2       0x18 ./SRC/Peripheral/src/ch32v20x_adc.o
                0x00000000000031d2                ADC_SoftwareStartConvCmd
 .text.ADC_RegularChannelConfig
                0x00000000000031ea       0xb8 ./SRC/Peripheral/src/ch32v20x_adc.o
                0x00000000000031ea                ADC_RegularChannelConfig
 .text.ADC_GetConversionValue
                0x00000000000032a2        0x8 ./SRC/Peripheral/src/ch32v20x_adc.o
                0x00000000000032a2                ADC_GetConversionValue
 .text.ADC_TempSensorVrefintCmd
                0x00000000000032aa       0x20 ./SRC/Peripheral/src/ch32v20x_adc.o
                0x00000000000032aa                ADC_TempSensorVrefintCmd
 .text.ADC_GetFlagStatus
                0x00000000000032ca        0xa ./SRC/Peripheral/src/ch32v20x_adc.o
                0x00000000000032ca                ADC_GetFlagStatus
 .text.ADC_BufferCmd
                0x00000000000032d4       0x18 ./SRC/Peripheral/src/ch32v20x_adc.o
                0x00000000000032d4                ADC_BufferCmd
 .text.EXTI_ClearITPendingBit
                0x00000000000032ec        0xa ./SRC/Peripheral/src/ch32v20x_exti.o
                0x00000000000032ec                EXTI_ClearITPendingBit
 .text.FLASH_Unlock_Fast
                0x00000000000032f6       0x1e ./SRC/Peripheral/src/ch32v20x_flash.o
                0x00000000000032f6                FLASH_Unlock_Fast
 .text.FLASH_Lock_Fast
                0x0000000000003314        0xe ./SRC/Peripheral/src/ch32v20x_flash.o
                0x0000000000003314                FLASH_Lock_Fast
 .text.FLASH_ErasePage_Fast
                0x0000000000003322       0x2e ./SRC/Peripheral/src/ch32v20x_flash.o
                0x0000000000003322                FLASH_ErasePage_Fast
 .text.FLASH_ProgramPage_Fast
                0x0000000000003350       0x64 ./SRC/Peripheral/src/ch32v20x_flash.o
                0x0000000000003350                FLASH_ProgramPage_Fast
 .text.FLASH_GetMACAddress
                0x00000000000033b4       0x26 ./SRC/Peripheral/src/ch32v20x_flash.o
                0x00000000000033b4                FLASH_GetMACAddress
 .text.GPIO_Init
                0x00000000000033da       0xc0 ./SRC/Peripheral/src/ch32v20x_gpio.o
                0x00000000000033da                GPIO_Init
 .text.GPIO_ReadInputDataBit
                0x000000000000349a        0xa ./SRC/Peripheral/src/ch32v20x_gpio.o
                0x000000000000349a                GPIO_ReadInputDataBit
 .text.GPIO_SetBits
                0x00000000000034a4        0x4 ./SRC/Peripheral/src/ch32v20x_gpio.o
                0x00000000000034a4                GPIO_SetBits
 .text.GPIO_ResetBits
                0x00000000000034a8        0x4 ./SRC/Peripheral/src/ch32v20x_gpio.o
                0x00000000000034a8                GPIO_ResetBits
 .text.PWR_BackupAccessCmd
                0x00000000000034ac       0x16 ./SRC/Peripheral/src/ch32v20x_pwr.o
                0x00000000000034ac                PWR_BackupAccessCmd
 .text.RCC_ADCCLKConfig
                0x00000000000034c2       0x12 ./SRC/Peripheral/src/ch32v20x_rcc.o
                0x00000000000034c2                RCC_ADCCLKConfig
 .text.RCC_LSEConfig
                0x00000000000034d4       0x28 ./SRC/Peripheral/src/ch32v20x_rcc.o
                0x00000000000034d4                RCC_LSEConfig
 .text.RCC_RTCCLKConfig
                0x00000000000034fc        0xc ./SRC/Peripheral/src/ch32v20x_rcc.o
                0x00000000000034fc                RCC_RTCCLKConfig
 .text.RCC_RTCCLKCmd
                0x0000000000003508       0x20 ./SRC/Peripheral/src/ch32v20x_rcc.o
                0x0000000000003508                RCC_RTCCLKCmd
 .text.RCC_GetClocksFreq
                0x0000000000003528       0xe2 ./SRC/Peripheral/src/ch32v20x_rcc.o
                0x0000000000003528                RCC_GetClocksFreq
 .text.RCC_AHBPeriphClockCmd
                0x000000000000360a       0x1e ./SRC/Peripheral/src/ch32v20x_rcc.o
                0x000000000000360a                RCC_AHBPeriphClockCmd
 .text.RCC_APB2PeriphClockCmd
                0x0000000000003628       0x1e ./SRC/Peripheral/src/ch32v20x_rcc.o
                0x0000000000003628                RCC_APB2PeriphClockCmd
 .text.RCC_APB1PeriphClockCmd
                0x0000000000003646       0x1e ./SRC/Peripheral/src/ch32v20x_rcc.o
                0x0000000000003646                RCC_APB1PeriphClockCmd
 .text.RCC_APB2PeriphResetCmd
                0x0000000000003664       0x1e ./SRC/Peripheral/src/ch32v20x_rcc.o
                0x0000000000003664                RCC_APB2PeriphResetCmd
 .text.RCC_GetFlagStatus
                0x0000000000003682       0x2e ./SRC/Peripheral/src/ch32v20x_rcc.o
                0x0000000000003682                RCC_GetFlagStatus
 .text.RTC_EnterConfigMode
                0x00000000000036b0       0x12 ./SRC/Peripheral/src/ch32v20x_rtc.o
                0x00000000000036b0                RTC_EnterConfigMode
 .text.RTC_ExitConfigMode
                0x00000000000036c2       0x18 ./SRC/Peripheral/src/ch32v20x_rtc.o
                0x00000000000036c2                RTC_ExitConfigMode
 .text.RTC_GetCounter
                0x00000000000036da       0x5a ./SRC/Peripheral/src/ch32v20x_rtc.o
                0x00000000000036da                RTC_GetCounter
 .text.RTC_SetCounter
                0x0000000000003734       0x28 ./SRC/Peripheral/src/ch32v20x_rtc.o
                0x0000000000003734                RTC_SetCounter
 .text.RTC_SetPrescaler
                0x000000000000375c       0x2a ./SRC/Peripheral/src/ch32v20x_rtc.o
                0x000000000000375c                RTC_SetPrescaler
 .text.RTC_WaitForLastTask
                0x0000000000003786       0x10 ./SRC/Peripheral/src/ch32v20x_rtc.o
                0x0000000000003786                RTC_WaitForLastTask
 .text.RTC_ClearFlag
                0x0000000000003796       0x14 ./SRC/Peripheral/src/ch32v20x_rtc.o
                0x0000000000003796                RTC_ClearFlag
 .text.RTC_ClearITPendingBit
                0x00000000000037aa        0xa ./SRC/Peripheral/src/ch32v20x_rtc.o
                0x00000000000037aa                RTC_ClearITPendingBit
 .text.USART_Init
                0x00000000000037b4       0x8e ./SRC/Peripheral/src/ch32v20x_usart.o
                0x00000000000037b4                USART_Init
 .text.USART_Cmd
                0x0000000000003842       0x16 ./SRC/Peripheral/src/ch32v20x_usart.o
                0x0000000000003842                USART_Cmd
 .text.USART_SendData
                0x0000000000003858        0x8 ./SRC/Peripheral/src/ch32v20x_usart.o
                0x0000000000003858                USART_SendData
 .text.USART_GetFlagStatus
                0x0000000000003860        0xa ./SRC/Peripheral/src/ch32v20x_usart.o
                0x0000000000003860                USART_GetFlagStatus
 .text.Delay_Init
                0x000000000000386a       0x26 ./SRC/Debug/debug.o
                0x000000000000386a                Delay_Init
 .text.Delay_Us
                0x0000000000003890       0x36 ./SRC/Debug/debug.o
                0x0000000000003890                Delay_Us
 .text.Delay_Ms
                0x00000000000038c6       0x36 ./SRC/Debug/debug.o
                0x00000000000038c6                Delay_Ms
 .text.USART_Printf_Init
                0x00000000000038fc       0x52 ./SRC/Debug/debug.o
                0x00000000000038fc                USART_Printf_Init
 .text._write   0x000000000000394e       0x3a ./SRC/Debug/debug.o
                0x000000000000394e                _write
 .text._sbrk    0x0000000000003988       0x2a ./SRC/Debug/debug.o
                0x0000000000003988                _sbrk
 .text.maxim_peaks_above_min_height
                0x00000000000039b2       0x6e ./Hardware/algorithm/algorithm.o
                0x00000000000039b2                maxim_peaks_above_min_height
 .text.maxim_sort_ascend
                0x0000000000003a20       0x34 ./Hardware/algorithm/algorithm.o
                0x0000000000003a20                maxim_sort_ascend
 .text.maxim_sort_indices_descend
                0x0000000000003a54       0x48 ./Hardware/algorithm/algorithm.o
                0x0000000000003a54                maxim_sort_indices_descend
 .text.maxim_remove_close_peaks
                0x0000000000003a9c       0x76 ./Hardware/algorithm/algorithm.o
                0x0000000000003a9c                maxim_remove_close_peaks
 .text.maxim_find_peaks
                0x0000000000003b12       0x30 ./Hardware/algorithm/algorithm.o
                0x0000000000003b12                maxim_find_peaks
 .text.maxim_heart_rate_and_oxygen_saturation
                0x0000000000003b42      0x3e4 ./Hardware/algorithm/algorithm.o
                0x0000000000003b42                maxim_heart_rate_and_oxygen_saturation
 .text.Fall_detection
                0x0000000000003f26      0x128 ./Hardware/MPU6050/Fall Detection/Fall_detection.o
                0x0000000000003f26                Fall_detection
 .text.get_st_biases
                0x000000000000404e      0x39a ./Hardware/MPU6050/DMP/inv_mpu.o
 .text.set_int_enable
                0x00000000000043e8       0x70 ./Hardware/MPU6050/DMP/inv_mpu.o
 .text.mpu_reset_fifo
                0x0000000000004458      0x150 ./Hardware/MPU6050/DMP/inv_mpu.o
                0x0000000000004458                mpu_reset_fifo
 .text.mpu_get_gyro_fsr
                0x00000000000045a8       0x3e ./Hardware/MPU6050/DMP/inv_mpu.o
                0x00000000000045a8                mpu_get_gyro_fsr
 .text.mpu_set_gyro_fsr
                0x00000000000045e6       0x7c ./Hardware/MPU6050/DMP/inv_mpu.o
                0x00000000000045e6                mpu_set_gyro_fsr
 .text.mpu_get_accel_fsr
                0x0000000000004662       0x46 ./Hardware/MPU6050/DMP/inv_mpu.o
                0x0000000000004662                mpu_get_accel_fsr
 .text.mpu_set_accel_fsr
                0x00000000000046a8       0x74 ./Hardware/MPU6050/DMP/inv_mpu.o
                0x00000000000046a8                mpu_set_accel_fsr
 .text.mpu_get_lpf
                0x000000000000471c       0x4c ./Hardware/MPU6050/DMP/inv_mpu.o
                0x000000000000471c                mpu_get_lpf
 .text.mpu_set_lpf
                0x0000000000004768       0x7e ./Hardware/MPU6050/DMP/inv_mpu.o
                0x0000000000004768                mpu_set_lpf
 .text.mpu_get_sample_rate
                0x00000000000047e6       0x1a ./Hardware/MPU6050/DMP/inv_mpu.o
                0x00000000000047e6                mpu_get_sample_rate
 .text.mpu_get_gyro_sens
                0x0000000000004800       0x4c ./Hardware/MPU6050/DMP/inv_mpu.o
                0x0000000000004800                mpu_get_gyro_sens
 .text.mpu_get_accel_sens
                0x000000000000484c       0x4e ./Hardware/MPU6050/DMP/inv_mpu.o
                0x000000000000484c                mpu_get_accel_sens
 .text.mpu_configure_fifo
                0x000000000000489a       0x52 ./Hardware/MPU6050/DMP/inv_mpu.o
                0x000000000000489a                mpu_configure_fifo
 .text.mpu_read_fifo_stream
                0x00000000000048ec       0x98 ./Hardware/MPU6050/DMP/inv_mpu.o
                0x00000000000048ec                mpu_read_fifo_stream
 .text.mpu_set_bypass
                0x0000000000004984       0xd8 ./Hardware/MPU6050/DMP/inv_mpu.o
                0x0000000000004984                mpu_set_bypass
 .text.mpu_set_int_latched
                0x0000000000004a5c       0x62 ./Hardware/MPU6050/DMP/inv_mpu.o
                0x0000000000004a5c                mpu_set_int_latched
 .text.mpu_lp_accel_mode
                0x0000000000004abe       0xb0 ./Hardware/MPU6050/DMP/inv_mpu.o
                0x0000000000004abe                mpu_lp_accel_mode
 .text.mpu_set_sample_rate
                0x0000000000004b6e       0x98 ./Hardware/MPU6050/DMP/inv_mpu.o
                0x0000000000004b6e                mpu_set_sample_rate
 .text.mpu_set_sensors
                0x0000000000004c06       0xbc ./Hardware/MPU6050/DMP/inv_mpu.o
                0x0000000000004c06                mpu_set_sensors
 .text.mpu_init
                0x0000000000004cc2      0x13a ./Hardware/MPU6050/DMP/inv_mpu.o
                0x0000000000004cc2                mpu_init
 .text.mpu_write_mem
                0x0000000000004dfc       0x6a ./Hardware/MPU6050/DMP/inv_mpu.o
                0x0000000000004dfc                mpu_write_mem
 .text.mpu_read_mem
                0x0000000000004e66       0x6a ./Hardware/MPU6050/DMP/inv_mpu.o
                0x0000000000004e66                mpu_read_mem
 .text.mpu_load_firmware
                0x0000000000004ed0       0xa8 ./Hardware/MPU6050/DMP/inv_mpu.o
                0x0000000000004ed0                mpu_load_firmware
 .text.mpu_set_dmp_state
                0x0000000000004f78       0x7e ./Hardware/MPU6050/DMP/inv_mpu.o
                0x0000000000004f78                mpu_set_dmp_state
 .text.mpu_run_self_test
                0x0000000000004ff6      0x354 ./Hardware/MPU6050/DMP/inv_mpu.o
                0x0000000000004ff6                mpu_run_self_test
 .text.run_self_test
                0x000000000000534a       0x6c ./Hardware/MPU6050/DMP/inv_mpu.o
                0x000000000000534a                run_self_test
 .text.inv_row_2_scale
                0x00000000000053b6       0x30 ./Hardware/MPU6050/DMP/inv_mpu.o
                0x00000000000053b6                inv_row_2_scale
 .text.inv_orientation_matrix_to_scalar
                0x00000000000053e6       0x2c ./Hardware/MPU6050/DMP/inv_mpu.o
                0x00000000000053e6                inv_orientation_matrix_to_scalar
 .text.mget_ms  0x0000000000005412        0x2 ./Hardware/MPU6050/DMP/inv_mpu.o
                0x0000000000005412                mget_ms
 .text.mpu_dmp_init
                0x0000000000005414       0x96 ./Hardware/MPU6050/DMP/inv_mpu.o
                0x0000000000005414                mpu_dmp_init
 .text.mpu_dmp_get_data
                0x00000000000054aa      0x1cc ./Hardware/MPU6050/DMP/inv_mpu.o
                0x00000000000054aa                mpu_dmp_get_data
 .text.dmp_enable_gyro_cal.part.0
                0x0000000000005676       0x32 ./Hardware/MPU6050/DMP/inv_mpu_dmp_motion_driver.o
 .text.dmp_load_motion_driver_firmware
                0x00000000000056a8       0x22 ./Hardware/MPU6050/DMP/inv_mpu_dmp_motion_driver.o
                0x00000000000056a8                dmp_load_motion_driver_firmware
 .text.dmp_set_orientation
                0x00000000000056ca       0xfe ./Hardware/MPU6050/DMP/inv_mpu_dmp_motion_driver.o
                0x00000000000056ca                dmp_set_orientation
 .text.dmp_set_gyro_bias
                0x00000000000057c8       0xfc ./Hardware/MPU6050/DMP/inv_mpu_dmp_motion_driver.o
                0x00000000000057c8                dmp_set_gyro_bias
 .text.dmp_set_accel_bias
                0x00000000000058c4      0x100 ./Hardware/MPU6050/DMP/inv_mpu_dmp_motion_driver.o
                0x00000000000058c4                dmp_set_accel_bias
 .text.dmp_set_fifo_rate
                0x00000000000059c4       0x5c ./Hardware/MPU6050/DMP/inv_mpu_dmp_motion_driver.o
                0x00000000000059c4                dmp_set_fifo_rate
 .text.dmp_set_tap_thresh
                0x0000000000005a20      0x18a ./Hardware/MPU6050/DMP/inv_mpu_dmp_motion_driver.o
                0x0000000000005a20                dmp_set_tap_thresh
 .text.dmp_set_tap_axes
                0x0000000000005baa       0x46 ./Hardware/MPU6050/DMP/inv_mpu_dmp_motion_driver.o
                0x0000000000005baa                dmp_set_tap_axes
 .text.dmp_set_tap_count
                0x0000000000005bf0       0x2e ./Hardware/MPU6050/DMP/inv_mpu_dmp_motion_driver.o
                0x0000000000005bf0                dmp_set_tap_count
 .text.dmp_set_tap_time
                0x0000000000005c1e       0x28 ./Hardware/MPU6050/DMP/inv_mpu_dmp_motion_driver.o
                0x0000000000005c1e                dmp_set_tap_time
 .text.dmp_set_tap_time_multi
                0x0000000000005c46       0x28 ./Hardware/MPU6050/DMP/inv_mpu_dmp_motion_driver.o
                0x0000000000005c46                dmp_set_tap_time_multi
 .text.dmp_set_shake_reject_thresh
                0x0000000000005c6e       0x3e ./Hardware/MPU6050/DMP/inv_mpu_dmp_motion_driver.o
                0x0000000000005c6e                dmp_set_shake_reject_thresh
 .text.dmp_set_shake_reject_time
                0x0000000000005cac       0x28 ./Hardware/MPU6050/DMP/inv_mpu_dmp_motion_driver.o
                0x0000000000005cac                dmp_set_shake_reject_time
 .text.dmp_set_shake_reject_timeout
                0x0000000000005cd4       0x28 ./Hardware/MPU6050/DMP/inv_mpu_dmp_motion_driver.o
                0x0000000000005cd4                dmp_set_shake_reject_timeout
 .text.dmp_enable_gyro_cal
                0x0000000000005cfc       0x30 ./Hardware/MPU6050/DMP/inv_mpu_dmp_motion_driver.o
                0x0000000000005cfc                dmp_enable_gyro_cal
 .text.dmp_enable_lp_quat
                0x0000000000005d2c       0x34 ./Hardware/MPU6050/DMP/inv_mpu_dmp_motion_driver.o
                0x0000000000005d2c                dmp_enable_lp_quat
 .text.dmp_enable_6x_lp_quat
                0x0000000000005d60       0x34 ./Hardware/MPU6050/DMP/inv_mpu_dmp_motion_driver.o
                0x0000000000005d60                dmp_enable_6x_lp_quat
 .text.dmp_enable_feature
                0x0000000000005d94      0x1da ./Hardware/MPU6050/DMP/inv_mpu_dmp_motion_driver.o
                0x0000000000005d94                dmp_enable_feature
 .text.dmp_read_fifo
                0x0000000000005f6e      0x1c8 ./Hardware/MPU6050/DMP/inv_mpu_dmp_motion_driver.o
                0x0000000000005f6e                dmp_read_fifo
 .text.MPU_IIC_Delay
                0x0000000000006136        0xe ./Hardware/MPU6050/mpu6050.o
 .text.MPU_IIC_Start
                0x0000000000006144       0x42 ./Hardware/MPU6050/mpu6050.o
 .text.MPU_IIC_Send_Byte
                0x0000000000006186       0x78 ./Hardware/MPU6050/mpu6050.o
 .text.MPU_IIC_Stop
                0x00000000000061fe       0x48 ./Hardware/MPU6050/mpu6050.o
 .text.MPU_IIC_Wait_Ack
                0x0000000000006246       0x66 ./Hardware/MPU6050/mpu6050.o
 .text.MPU_IIC_Read_Byte
                0x00000000000062ac       0xd8 ./Hardware/MPU6050/mpu6050.o
 .text.MPU_IIC_Init
                0x0000000000006384       0x60 ./Hardware/MPU6050/mpu6050.o
                0x0000000000006384                MPU_IIC_Init
 .text.MPU_Write_Len
                0x00000000000063e4       0x5c ./Hardware/MPU6050/mpu6050.o
                0x00000000000063e4                MPU_Write_Len
 .text.MPU_Read_Len
                0x0000000000006440       0x80 ./Hardware/MPU6050/mpu6050.o
                0x0000000000006440                MPU_Read_Len
 .text.MPU_Get_Accelerometer
                0x00000000000064c0       0x44 ./Hardware/MPU6050/mpu6050.o
                0x00000000000064c0                MPU_Get_Accelerometer
 .text.MPU_Write_Byte
                0x0000000000006504       0x48 ./Hardware/MPU6050/mpu6050.o
                0x0000000000006504                MPU_Write_Byte
 .text.MPU_Set_Gyro_Fsr
                0x000000000000654c       0x16 ./Hardware/MPU6050/mpu6050.o
                0x000000000000654c                MPU_Set_Gyro_Fsr
 .text.MPU_Set_Accel_Fsr
                0x0000000000006562       0x16 ./Hardware/MPU6050/mpu6050.o
                0x0000000000006562                MPU_Set_Accel_Fsr
 .text.MPU_Set_LPF
                0x0000000000006578       0x3e ./Hardware/MPU6050/mpu6050.o
                0x0000000000006578                MPU_Set_LPF
 .text.MPU_Set_Rate
                0x00000000000065b6       0x48 ./Hardware/MPU6050/mpu6050.o
                0x00000000000065b6                MPU_Set_Rate
 .text.MPU_Read_Byte
                0x00000000000065fe       0x46 ./Hardware/MPU6050/mpu6050.o
                0x00000000000065fe                MPU_Read_Byte
 .text.MPU_Init
                0x0000000000006644       0x9a ./Hardware/MPU6050/mpu6050.o
                0x0000000000006644                MPU_Init
 .text.MAX30102_Write_Byte
                0x00000000000066de       0x30 ./Hardware/MAX30102/MAX30102.o
                0x00000000000066de                MAX30102_Write_Byte
 .text.MAX30102_Read_Byte
                0x000000000000670e       0x32 ./Hardware/MAX30102/MAX30102.o
                0x000000000000670e                MAX30102_Read_Byte
 .text.MAX30102_Read_Bytes
                0x0000000000006740       0x4e ./Hardware/MAX30102/MAX30102.o
                0x0000000000006740                MAX30102_Read_Bytes
 .text.MAX30102_Reset
                0x000000000000678e       0x12 ./Hardware/MAX30102/MAX30102.o
                0x000000000000678e                MAX30102_Reset
 .text.MAX30102_Read_IntStatus
                0x00000000000067a0       0x22 ./Hardware/MAX30102/MAX30102.o
                0x00000000000067a0                MAX30102_Read_IntStatus
 .text.MAX30102_Read_FIFO
                0x00000000000067c2       0x68 ./Hardware/MAX30102/MAX30102.o
                0x00000000000067c2                MAX30102_Read_FIFO
 .text.MAX30102_Init
                0x000000000000682a       0x80 ./Hardware/MAX30102/MAX30102.o
                0x000000000000682a                MAX30102_Init
 .text.MAX30102_INT_Init
                0x00000000000068aa       0x2e ./Hardware/MAX30102/MAX30102.o
                0x00000000000068aa                MAX30102_INT_Init
 .text.iic_delay
                0x00000000000068d8        0xe ./Hardware/IIC/myiic.o
 .text.iic_start
                0x00000000000068e6       0x4a ./Hardware/IIC/myiic.o
                0x00000000000068e6                iic_start
 .text.iic_stop
                0x0000000000006930       0x3e ./Hardware/IIC/myiic.o
                0x0000000000006930                iic_stop
 .text.iic_init
                0x000000000000696e       0x4e ./Hardware/IIC/myiic.o
                0x000000000000696e                iic_init
 .text.iic_wait_ack
                0x00000000000069bc       0x6a ./Hardware/IIC/myiic.o
                0x00000000000069bc                iic_wait_ack
 .text.iic_ack  0x0000000000006a26       0x4e ./Hardware/IIC/myiic.o
                0x0000000000006a26                iic_ack
 .text.iic_nack
                0x0000000000006a74       0x3e ./Hardware/IIC/myiic.o
                0x0000000000006a74                iic_nack
 .text.iic_send_byte
                0x0000000000006ab2       0x6a ./Hardware/IIC/myiic.o
                0x0000000000006ab2                iic_send_byte
 .text.iic_read_byte
                0x0000000000006b1c       0x66 ./Hardware/IIC/myiic.o
                0x0000000000006b1c                iic_read_byte
 .text.MyTask_ProcessEvent
                0x0000000000006b82       0xe2 ./Hardware/mytask.o
                0x0000000000006b82                MyTask_ProcessEvent
 .text.MyTask_Init
                0x0000000000006c64       0x62 ./Hardware/mytask.o
                0x0000000000006c64                MyTask_Init
 .text.MAX30102_ReadData
                0x0000000000006cc6       0x78 ./Hardware/mytask.o
                0x0000000000006cc6                MAX30102_ReadData
 .text.Lib_Read_Flash
                0x0000000000006d3e       0x18 ./HAL/MCU.o
                0x0000000000006d3e                Lib_Read_Flash
 .text.Lib_Write_Flash
                0x0000000000006d56       0x30 ./HAL/MCU.o
                0x0000000000006d56                Lib_Write_Flash
 .text.HAL_GetInterTempValue
                0x0000000000006d86      0x138 ./HAL/MCU.o
                0x0000000000006d86                HAL_GetInterTempValue
 .text.HAL_ProcessEvent
                0x0000000000006ebe       0x76 ./HAL/MCU.o
                0x0000000000006ebe                HAL_ProcessEvent
 .text.WCHBLE_Init
                0x0000000000006f34      0x130 ./HAL/MCU.o
                0x0000000000006f34                WCHBLE_Init
 .text.HAL_Init
                0x0000000000007064       0x2c ./HAL/MCU.o
                0x0000000000007064                HAL_Init
 .text.HAL_TimeInit
                0x0000000000007090       0xac ./HAL/RTC.o
                0x0000000000007090                HAL_TimeInit
 .text.RTCAlarm_IRQHandler
                0x000000000000713c       0x1c ./HAL/RTC.o
                0x000000000000713c                RTCAlarm_IRQHandler
 .text.centralRssiCB
                0x0000000000007158        0x2 ./APP/central.o
 .text.centralHciMTUChangeCB
                0x000000000000715a       0x1a ./APP/central.o
 .text.centralPasscodeCB
                0x0000000000007174       0x3e ./APP/central.o
 .text.centralPairStateCB
                0x00000000000071b2       0x68 ./APP/central.o
 .text.centralAddDeviceInfo.part.1
                0x000000000000721a       0x86 ./APP/central.o
 .text.Central_ProcessEvent
                0x00000000000072a0      0x45c ./APP/central.o
                0x00000000000072a0                Central_ProcessEvent
 .text.centralEventCB
                0x00000000000076fc      0x1da ./APP/central.o
 .text.Central_Init
                0x00000000000078d6       0xa8 ./APP/central.o
                0x00000000000078d6                Central_Init
 .text.startup.main
                0x000000000000797e       0x4a ./APP/central_main.o
                0x000000000000797e                main
 .text.NMI_Handler
                0x00000000000079c8        0x4 ./APP/ch32v20x_it.o
                0x00000000000079c8                NMI_Handler
 .text.HardFault_Handler
                0x00000000000079cc        0x2 ./APP/ch32v20x_it.o
                0x00000000000079cc                HardFault_Handler
 .text.BB_IRQHandler
                0x00000000000079ce        0x8 ./APP/ch32v20x_it.o
                0x00000000000079ce                BB_IRQHandler
 .text.SystemInit
                0x00000000000079d6       0xea ./APP/system_ch32v20x.o
                0x00000000000079d6                SystemInit
 .text.asin     0x0000000000007ac0       0xbe c:/mounriver/mounriver_studio/toolchain/risc-v embedded gcc/bin/../lib/gcc/riscv-none-embed/8.2.0/../../../../riscv-none-embed/lib/rv32imacxw/ilp32\libm.a(lib_a-w_asin.o)
                0x0000000000007ac0                asin
 .text.atan2    0x0000000000007b7e        0x2 c:/mounriver/mounriver_studio/toolchain/risc-v embedded gcc/bin/../lib/gcc/riscv-none-embed/8.2.0/../../../../riscv-none-embed/lib/rv32imacxw/ilp32\libm.a(lib_a-w_atan2.o)
                0x0000000000007b7e                atan2
 .text.sqrtf    0x0000000000007b80       0xba c:/mounriver/mounriver_studio/toolchain/risc-v embedded gcc/bin/../lib/gcc/riscv-none-embed/8.2.0/../../../../riscv-none-embed/lib/rv32imacxw/ilp32\libm.a(lib_a-wf_sqrt.o)
                0x0000000000007b80                sqrtf
 .text.__ieee754_asin
                0x0000000000007c3a      0x466 c:/mounriver/mounriver_studio/toolchain/risc-v embedded gcc/bin/../lib/gcc/riscv-none-embed/8.2.0/../../../../riscv-none-embed/lib/rv32imacxw/ilp32\libm.a(lib_a-e_asin.o)
                0x0000000000007c3a                __ieee754_asin
 .text.__ieee754_atan2
                0x00000000000080a0      0x1e0 c:/mounriver/mounriver_studio/toolchain/risc-v embedded gcc/bin/../lib/gcc/riscv-none-embed/8.2.0/../../../../riscv-none-embed/lib/rv32imacxw/ilp32\libm.a(lib_a-e_atan2.o)
                0x00000000000080a0                __ieee754_atan2
 .text.__ieee754_sqrt
                0x0000000000008280      0x1d6 c:/mounriver/mounriver_studio/toolchain/risc-v embedded gcc/bin/../lib/gcc/riscv-none-embed/8.2.0/../../../../riscv-none-embed/lib/rv32imacxw/ilp32\libm.a(lib_a-e_sqrt.o)
                0x0000000000008280                __ieee754_sqrt
 .text.__ieee754_sqrtf
                0x0000000000008456       0xdc c:/mounriver/mounriver_studio/toolchain/risc-v embedded gcc/bin/../lib/gcc/riscv-none-embed/8.2.0/../../../../riscv-none-embed/lib/rv32imacxw/ilp32\libm.a(lib_a-ef_sqrt.o)
                0x0000000000008456                __ieee754_sqrtf
 .text.atan     0x0000000000008532      0x33a c:/mounriver/mounriver_studio/toolchain/risc-v embedded gcc/bin/../lib/gcc/riscv-none-embed/8.2.0/../../../../riscv-none-embed/lib/rv32imacxw/ilp32\libm.a(lib_a-s_atan.o)
                0x0000000000008532                atan
 .text.fabs     0x000000000000886c        0x6 c:/mounriver/mounriver_studio/toolchain/risc-v embedded gcc/bin/../lib/gcc/riscv-none-embed/8.2.0/../../../../riscv-none-embed/lib/rv32imacxw/ilp32\libm.a(lib_a-s_fabs.o)
                0x000000000000886c                fabs
 .text.matherr  0x0000000000008872        0x4 c:/mounriver/mounriver_studio/toolchain/risc-v embedded gcc/bin/../lib/gcc/riscv-none-embed/8.2.0/../../../../riscv-none-embed/lib/rv32imacxw/ilp32\libm.a(lib_a-s_matherr.o)
                0x0000000000008872                matherr
 .text.nan      0x0000000000008876        0xe c:/mounriver/mounriver_studio/toolchain/risc-v embedded gcc/bin/../lib/gcc/riscv-none-embed/8.2.0/../../../../riscv-none-embed/lib/rv32imacxw/ilp32\libm.a(lib_a-s_nan.o)
                0x0000000000008876                nan
 .text.__lshrdi3
                0x0000000000008884       0x2c c:/mounriver/mounriver_studio/toolchain/risc-v embedded gcc/bin/../lib/gcc/riscv-none-embed/8.2.0/rv32imacxw/ilp32\libgcc.a(_lshrdi3.o)
                0x0000000000008884                __lshrdi3
 .text.__ashldi3
                0x00000000000088b0       0x2c c:/mounriver/mounriver_studio/toolchain/risc-v embedded gcc/bin/../lib/gcc/riscv-none-embed/8.2.0/rv32imacxw/ilp32\libgcc.a(_ashldi3.o)
                0x00000000000088b0                __ashldi3
 .text.__divdi3
                0x00000000000088dc      0x3d4 c:/mounriver/mounriver_studio/toolchain/risc-v embedded gcc/bin/../lib/gcc/riscv-none-embed/8.2.0/rv32imacxw/ilp32\libgcc.a(_divdi3.o)
                0x00000000000088dc                __divdi3
 .text.__udivdi3
                0x0000000000008cb0      0x392 c:/mounriver/mounriver_studio/toolchain/risc-v embedded gcc/bin/../lib/gcc/riscv-none-embed/8.2.0/rv32imacxw/ilp32\libgcc.a(_udivdi3.o)
                0x0000000000008cb0                __udivdi3
 .text.__adddf3
                0x0000000000009042      0x730 c:/mounriver/mounriver_studio/toolchain/risc-v embedded gcc/bin/../lib/gcc/riscv-none-embed/8.2.0/rv32imacxw/ilp32\libgcc.a(adddf3.o)
                0x0000000000009042                __adddf3
 .text.__divdf3
                0x0000000000009772      0x5b4 c:/mounriver/mounriver_studio/toolchain/risc-v embedded gcc/bin/../lib/gcc/riscv-none-embed/8.2.0/rv32imacxw/ilp32\libgcc.a(divdf3.o)
                0x0000000000009772                __divdf3
 .text.__gedf2  0x0000000000009d26       0xae c:/mounriver/mounriver_studio/toolchain/risc-v embedded gcc/bin/../lib/gcc/riscv-none-embed/8.2.0/rv32imacxw/ilp32\libgcc.a(gedf2.o)
                0x0000000000009d26                __gedf2
                0x0000000000009d26                __gtdf2
 .text.__muldf3
                0x0000000000009dd4      0x4b8 c:/mounriver/mounriver_studio/toolchain/risc-v embedded gcc/bin/../lib/gcc/riscv-none-embed/8.2.0/rv32imacxw/ilp32\libgcc.a(muldf3.o)
                0x0000000000009dd4                __muldf3
 .text.__subdf3
                0x000000000000a28c      0x73e c:/mounriver/mounriver_studio/toolchain/risc-v embedded gcc/bin/../lib/gcc/riscv-none-embed/8.2.0/rv32imacxw/ilp32\libgcc.a(subdf3.o)
                0x000000000000a28c                __subdf3
 .text.__unorddf2
                0x000000000000a9ca       0x3c c:/mounriver/mounriver_studio/toolchain/risc-v embedded gcc/bin/../lib/gcc/riscv-none-embed/8.2.0/rv32imacxw/ilp32\libgcc.a(unorddf2.o)
                0x000000000000a9ca                __unorddf2
 .text.__addsf3
                0x000000000000aa06      0x36a c:/mounriver/mounriver_studio/toolchain/risc-v embedded gcc/bin/../lib/gcc/riscv-none-embed/8.2.0/rv32imacxw/ilp32\libgcc.a(addsf3.o)
                0x000000000000aa06                __addsf3
 .text.__divsf3
                0x000000000000ad70      0x2b2 c:/mounriver/mounriver_studio/toolchain/risc-v embedded gcc/bin/../lib/gcc/riscv-none-embed/8.2.0/rv32imacxw/ilp32\libgcc.a(divsf3.o)
                0x000000000000ad70                __divsf3
 .text.__eqsf2  0x000000000000b022       0x5c c:/mounriver/mounriver_studio/toolchain/risc-v embedded gcc/bin/../lib/gcc/riscv-none-embed/8.2.0/rv32imacxw/ilp32\libgcc.a(eqsf2.o)
                0x000000000000b022                __eqsf2
                0x000000000000b022                __nesf2
 .text.__gesf2  0x000000000000b07e       0x86 c:/mounriver/mounriver_studio/toolchain/risc-v embedded gcc/bin/../lib/gcc/riscv-none-embed/8.2.0/rv32imacxw/ilp32\libgcc.a(gesf2.o)
                0x000000000000b07e                __gesf2
                0x000000000000b07e                __gtsf2
 .text.__lesf2  0x000000000000b104       0x8c c:/mounriver/mounriver_studio/toolchain/risc-v embedded gcc/bin/../lib/gcc/riscv-none-embed/8.2.0/rv32imacxw/ilp32\libgcc.a(lesf2.o)
                0x000000000000b104                __ltsf2
                0x000000000000b104                __lesf2
 .text.__mulsf3
                0x000000000000b190      0x294 c:/mounriver/mounriver_studio/toolchain/risc-v embedded gcc/bin/../lib/gcc/riscv-none-embed/8.2.0/rv32imacxw/ilp32\libgcc.a(mulsf3.o)
                0x000000000000b190                __mulsf3
 .text.__subsf3
                0x000000000000b424      0x388 c:/mounriver/mounriver_studio/toolchain/risc-v embedded gcc/bin/../lib/gcc/riscv-none-embed/8.2.0/rv32imacxw/ilp32\libgcc.a(subsf3.o)
                0x000000000000b424                __subsf3
 .text.__unordsf2
                0x000000000000b7ac       0x3c c:/mounriver/mounriver_studio/toolchain/risc-v embedded gcc/bin/../lib/gcc/riscv-none-embed/8.2.0/rv32imacxw/ilp32\libgcc.a(unordsf2.o)
                0x000000000000b7ac                __unordsf2
 .text.__fixsfsi
                0x000000000000b7e8       0x62 c:/mounriver/mounriver_studio/toolchain/risc-v embedded gcc/bin/../lib/gcc/riscv-none-embed/8.2.0/rv32imacxw/ilp32\libgcc.a(fixsfsi.o)
                0x000000000000b7e8                __fixsfsi
 .text.__fixunssfsi
                0x000000000000b84a       0x56 c:/mounriver/mounriver_studio/toolchain/risc-v embedded gcc/bin/../lib/gcc/riscv-none-embed/8.2.0/rv32imacxw/ilp32\libgcc.a(fixunssfsi.o)
                0x000000000000b84a                __fixunssfsi
 .text.__floatsisf
                0x000000000000b8a0       0xc6 c:/mounriver/mounriver_studio/toolchain/risc-v embedded gcc/bin/../lib/gcc/riscv-none-embed/8.2.0/rv32imacxw/ilp32\libgcc.a(floatsisf.o)
                0x000000000000b8a0                __floatsisf
 .text.__floatunsisf
                0x000000000000b966       0xce c:/mounriver/mounriver_studio/toolchain/risc-v embedded gcc/bin/../lib/gcc/riscv-none-embed/8.2.0/rv32imacxw/ilp32\libgcc.a(floatunsisf.o)
                0x000000000000b966                __floatunsisf
 .text.__extendsfdf2
                0x000000000000ba34       0xac c:/mounriver/mounriver_studio/toolchain/risc-v embedded gcc/bin/../lib/gcc/riscv-none-embed/8.2.0/rv32imacxw/ilp32\libgcc.a(extendsfdf2.o)
                0x000000000000ba34                __extendsfdf2
 .text.__truncdfsf2
                0x000000000000bae0      0x16a c:/mounriver/mounriver_studio/toolchain/risc-v embedded gcc/bin/../lib/gcc/riscv-none-embed/8.2.0/rv32imacxw/ilp32\libgcc.a(truncdfsf2.o)
                0x000000000000bae0                __truncdfsf2
 .text          0x000000000000bc4a       0x60 c:/mounriver/mounriver_studio/toolchain/risc-v embedded gcc/bin/../lib/gcc/riscv-none-embed/8.2.0/rv32imacxw/ilp32\libgcc.a(save-restore.o)
                0x000000000000bc4a                __riscv_save_12
                0x000000000000bc52                __riscv_save_9
                0x000000000000bc52                __riscv_save_11
                0x000000000000bc52                __riscv_save_10
                0x000000000000bc52                __riscv_save_8
                0x000000000000bc60                __riscv_save_4
                0x000000000000bc60                __riscv_save_6
                0x000000000000bc60                __riscv_save_5
                0x000000000000bc60                __riscv_save_7
                0x000000000000bc7a                __riscv_save_3
                0x000000000000bc7a                __riscv_save_2
                0x000000000000bc7a                __riscv_save_1
                0x000000000000bc7a                __riscv_save_0
                0x000000000000bc86                __riscv_restore_12
                0x000000000000bc8a                __riscv_restore_11
                0x000000000000bc8a                __riscv_restore_9
                0x000000000000bc8a                __riscv_restore_10
                0x000000000000bc8a                __riscv_restore_8
                0x000000000000bc94                __riscv_restore_5
                0x000000000000bc94                __riscv_restore_7
                0x000000000000bc94                __riscv_restore_6
                0x000000000000bc94                __riscv_restore_4
                0x000000000000bc9e                __riscv_restore_3
                0x000000000000bc9e                __riscv_restore_0
                0x000000000000bc9e                __riscv_restore_2
                0x000000000000bc9e                __riscv_restore_1
 .text.__clzsi2
                0x000000000000bcaa       0x6e c:/mounriver/mounriver_studio/toolchain/risc-v embedded gcc/bin/../lib/gcc/riscv-none-embed/8.2.0/rv32imacxw/ilp32\libgcc.a(_clzsi2.o)
                0x000000000000bcaa                __clzsi2
 .text.__errno  0x000000000000bd18        0x8 c:/mounriver/mounriver_studio/toolchain/risc-v embedded gcc/bin/../lib/gcc/riscv-none-embed/8.2.0/../../../../riscv-none-embed/lib/rv32imacxw/ilp32\libg_nano.a(lib_a-errno.o)
                0x000000000000bd18                __errno
 .text.memcmp   0x000000000000bd20       0x24 c:/mounriver/mounriver_studio/toolchain/risc-v embedded gcc/bin/../lib/gcc/riscv-none-embed/8.2.0/../../../../riscv-none-embed/lib/rv32imacxw/ilp32\libg_nano.a(lib_a-memcmp.o)
                0x000000000000bd20                memcmp
 .text.memcpy   0x000000000000bd44       0xb2 c:/mounriver/mounriver_studio/toolchain/risc-v embedded gcc/bin/../lib/gcc/riscv-none-embed/8.2.0/../../../../riscv-none-embed/lib/rv32imacxw/ilp32\libg_nano.a(lib_a-memcpy.o)
                0x000000000000bd44                memcpy
 .text          0x000000000000bdf6       0xa8 c:/mounriver/mounriver_studio/toolchain/risc-v embedded gcc/bin/../lib/gcc/riscv-none-embed/8.2.0/../../../../riscv-none-embed/lib/rv32imacxw/ilp32\libg_nano.a(lib_a-memset.o)
                0x000000000000bdf6                memset
 .text.printf   0x000000000000be9e       0x40 c:/mounriver/mounriver_studio/toolchain/risc-v embedded gcc/bin/../lib/gcc/riscv-none-embed/8.2.0/../../../../riscv-none-embed/lib/rv32imacxw/ilp32\libg_nano.a(lib_a-printf.o)
                0x000000000000be9e                iprintf
                0x000000000000be9e                printf
 .text.putchar  0x000000000000bede       0x2a c:/mounriver/mounriver_studio/toolchain/risc-v embedded gcc/bin/../lib/gcc/riscv-none-embed/8.2.0/../../../../riscv-none-embed/lib/rv32imacxw/ilp32\libg_nano.a(lib_a-putchar.o)
                0x000000000000bede                putchar
 .text._puts_r  0x000000000000bf08       0xd4 c:/mounriver/mounriver_studio/toolchain/risc-v embedded gcc/bin/../lib/gcc/riscv-none-embed/8.2.0/../../../../riscv-none-embed/lib/rv32imacxw/ilp32\libg_nano.a(lib_a-puts.o)
                0x000000000000bf08                _puts_r
 .text.puts     0x000000000000bfdc        0xc c:/mounriver/mounriver_studio/toolchain/risc-v embedded gcc/bin/../lib/gcc/riscv-none-embed/8.2.0/../../../../riscv-none-embed/lib/rv32imacxw/ilp32\libg_nano.a(lib_a-puts.o)
                0x000000000000bfdc                puts
 .text.__swbuf_r
                0x000000000000bfe8       0xbc c:/mounriver/mounriver_studio/toolchain/risc-v embedded gcc/bin/../lib/gcc/riscv-none-embed/8.2.0/../../../../riscv-none-embed/lib/rv32imacxw/ilp32\libg_nano.a(lib_a-wbuf.o)
                0x000000000000bfe8                __swbuf_r
 .text.__swsetup_r
                0x000000000000c0a4       0xfc c:/mounriver/mounriver_studio/toolchain/risc-v embedded gcc/bin/../lib/gcc/riscv-none-embed/8.2.0/../../../../riscv-none-embed/lib/rv32imacxw/ilp32\libg_nano.a(lib_a-wsetup.o)
                0x000000000000c0a4                __swsetup_r
 .text.__sflush_r
                0x000000000000c1a0      0x130 c:/mounriver/mounriver_studio/toolchain/risc-v embedded gcc/bin/../lib/gcc/riscv-none-embed/8.2.0/../../../../riscv-none-embed/lib/rv32imacxw/ilp32\libg_nano.a(lib_a-fflush.o)
                0x000000000000c1a0                __sflush_r
 .text._fflush_r
                0x000000000000c2d0       0x66 c:/mounriver/mounriver_studio/toolchain/risc-v embedded gcc/bin/../lib/gcc/riscv-none-embed/8.2.0/../../../../riscv-none-embed/lib/rv32imacxw/ilp32\libg_nano.a(lib_a-fflush.o)
                0x000000000000c2d0                _fflush_r
 .text.std      0x000000000000c336       0x66 c:/mounriver/mounriver_studio/toolchain/risc-v embedded gcc/bin/../lib/gcc/riscv-none-embed/8.2.0/../../../../riscv-none-embed/lib/rv32imacxw/ilp32\libg_nano.a(lib_a-findfp.o)
 .text._cleanup_r
                0x000000000000c39c        0xa c:/mounriver/mounriver_studio/toolchain/risc-v embedded gcc/bin/../lib/gcc/riscv-none-embed/8.2.0/../../../../riscv-none-embed/lib/rv32imacxw/ilp32\libg_nano.a(lib_a-findfp.o)
                0x000000000000c39c                _cleanup_r
 .text.__sfmoreglue
                0x000000000000c3a6       0x46 c:/mounriver/mounriver_studio/toolchain/risc-v embedded gcc/bin/../lib/gcc/riscv-none-embed/8.2.0/../../../../riscv-none-embed/lib/rv32imacxw/ilp32\libg_nano.a(lib_a-findfp.o)
                0x000000000000c3a6                __sfmoreglue
 .text.__sinit  0x000000000000c3ec       0x70 c:/mounriver/mounriver_studio/toolchain/risc-v embedded gcc/bin/../lib/gcc/riscv-none-embed/8.2.0/../../../../riscv-none-embed/lib/rv32imacxw/ilp32\libg_nano.a(lib_a-findfp.o)
                0x000000000000c3ec                __sinit
 .text.__sfp    0x000000000000c45c       0xa4 c:/mounriver/mounriver_studio/toolchain/risc-v embedded gcc/bin/../lib/gcc/riscv-none-embed/8.2.0/../../../../riscv-none-embed/lib/rv32imacxw/ilp32\libg_nano.a(lib_a-findfp.o)
                0x000000000000c45c                __sfp
 .text._fwalk_reent
                0x000000000000c500       0x6a c:/mounriver/mounriver_studio/toolchain/risc-v embedded gcc/bin/../lib/gcc/riscv-none-embed/8.2.0/../../../../riscv-none-embed/lib/rv32imacxw/ilp32\libg_nano.a(lib_a-fwalk.o)
                0x000000000000c500                _fwalk_reent
 .text.__swhatbuf_r
                0x000000000000c56a       0x58 c:/mounriver/mounriver_studio/toolchain/risc-v embedded gcc/bin/../lib/gcc/riscv-none-embed/8.2.0/../../../../riscv-none-embed/lib/rv32imacxw/ilp32\libg_nano.a(lib_a-makebuf.o)
                0x000000000000c56a                __swhatbuf_r
 .text.__smakebuf_r
                0x000000000000c5c2       0x92 c:/mounriver/mounriver_studio/toolchain/risc-v embedded gcc/bin/../lib/gcc/riscv-none-embed/8.2.0/../../../../riscv-none-embed/lib/rv32imacxw/ilp32\libg_nano.a(lib_a-makebuf.o)
                0x000000000000c5c2                __smakebuf_r
 .text._free_r  0x000000000000c654       0xa8 c:/mounriver/mounriver_studio/toolchain/risc-v embedded gcc/bin/../lib/gcc/riscv-none-embed/8.2.0/../../../../riscv-none-embed/lib/rv32imacxw/ilp32\libg_nano.a(lib_a-nano-freer.o)
                0x000000000000c654                _free_r
 .text._malloc_r
                0x000000000000c6fc       0xd8 c:/mounriver/mounriver_studio/toolchain/risc-v embedded gcc/bin/../lib/gcc/riscv-none-embed/8.2.0/../../../../riscv-none-embed/lib/rv32imacxw/ilp32\libg_nano.a(lib_a-nano-mallocr.o)
                0x000000000000c6fc                _malloc_r
 .text.__sfputc_r
                0x000000000000c7d4       0x28 c:/mounriver/mounriver_studio/toolchain/risc-v embedded gcc/bin/../lib/gcc/riscv-none-embed/8.2.0/../../../../riscv-none-embed/lib/rv32imacxw/ilp32\libg_nano.a(lib_a-nano-vfprintf.o)
 .text.__sfputs_r
                0x000000000000c7fc       0x42 c:/mounriver/mounriver_studio/toolchain/risc-v embedded gcc/bin/../lib/gcc/riscv-none-embed/8.2.0/../../../../riscv-none-embed/lib/rv32imacxw/ilp32\libg_nano.a(lib_a-nano-vfprintf.o)
                0x000000000000c7fc                __sfputs_r
 .text._vfprintf_r
                0x000000000000c83e      0x28a c:/mounriver/mounriver_studio/toolchain/risc-v embedded gcc/bin/../lib/gcc/riscv-none-embed/8.2.0/../../../../riscv-none-embed/lib/rv32imacxw/ilp32\libg_nano.a(lib_a-nano-vfprintf.o)
                0x000000000000c83e                _vfprintf_r
                0x000000000000c83e                _vfiprintf_r
 .text._printf_common
                0x000000000000cac8      0x10c c:/mounriver/mounriver_studio/toolchain/risc-v embedded gcc/bin/../lib/gcc/riscv-none-embed/8.2.0/../../../../riscv-none-embed/lib/rv32imacxw/ilp32\libg_nano.a(lib_a-nano-vfprintf_i.o)
                0x000000000000cac8                _printf_common
 .text._printf_i
                0x000000000000cbd4      0x2a2 c:/mounriver/mounriver_studio/toolchain/risc-v embedded gcc/bin/../lib/gcc/riscv-none-embed/8.2.0/../../../../riscv-none-embed/lib/rv32imacxw/ilp32\libg_nano.a(lib_a-nano-vfprintf_i.o)
                0x000000000000cbd4                _printf_i
 .text._putc_r  0x000000000000ce76       0x84 c:/mounriver/mounriver_studio/toolchain/risc-v embedded gcc/bin/../lib/gcc/riscv-none-embed/8.2.0/../../../../riscv-none-embed/lib/rv32imacxw/ilp32\libg_nano.a(lib_a-putc.o)
                0x000000000000ce76                _putc_r
 .text._sbrk_r  0x000000000000cefa       0x32 c:/mounriver/mounriver_studio/toolchain/risc-v embedded gcc/bin/../lib/gcc/riscv-none-embed/8.2.0/../../../../riscv-none-embed/lib/rv32imacxw/ilp32\libg_nano.a(lib_a-sbrkr.o)
                0x000000000000cefa                _sbrk_r
 .text.__sread  0x000000000000cf2c       0x2c c:/mounriver/mounriver_studio/toolchain/risc-v embedded gcc/bin/../lib/gcc/riscv-none-embed/8.2.0/../../../../riscv-none-embed/lib/rv32imacxw/ilp32\libg_nano.a(lib_a-stdio.o)
                0x000000000000cf2c                __sread
 .text.__swrite
                0x000000000000cf58       0x48 c:/mounriver/mounriver_studio/toolchain/risc-v embedded gcc/bin/../lib/gcc/riscv-none-embed/8.2.0/../../../../riscv-none-embed/lib/rv32imacxw/ilp32\libg_nano.a(lib_a-stdio.o)
                0x000000000000cf58                __swrite
 .text.__sseek  0x000000000000cfa0       0x30 c:/mounriver/mounriver_studio/toolchain/risc-v embedded gcc/bin/../lib/gcc/riscv-none-embed/8.2.0/../../../../riscv-none-embed/lib/rv32imacxw/ilp32\libg_nano.a(lib_a-stdio.o)
                0x000000000000cfa0                __sseek
 .text.__sclose
                0x000000000000cfd0        0x6 c:/mounriver/mounriver_studio/toolchain/risc-v embedded gcc/bin/../lib/gcc/riscv-none-embed/8.2.0/../../../../riscv-none-embed/lib/rv32imacxw/ilp32\libg_nano.a(lib_a-stdio.o)
                0x000000000000cfd0                __sclose
 .text._write_r
                0x000000000000cfd6       0x36 c:/mounriver/mounriver_studio/toolchain/risc-v embedded gcc/bin/../lib/gcc/riscv-none-embed/8.2.0/../../../../riscv-none-embed/lib/rv32imacxw/ilp32\libg_nano.a(lib_a-writer.o)
                0x000000000000cfd6                _write_r
 .text._close_r
                0x000000000000d00c       0x30 c:/mounriver/mounriver_studio/toolchain/risc-v embedded gcc/bin/../lib/gcc/riscv-none-embed/8.2.0/../../../../riscv-none-embed/lib/rv32imacxw/ilp32\libg_nano.a(lib_a-closer.o)
                0x000000000000d00c                _close_r
 .text._fstat_r
                0x000000000000d03c       0x32 c:/mounriver/mounriver_studio/toolchain/risc-v embedded gcc/bin/../lib/gcc/riscv-none-embed/8.2.0/../../../../riscv-none-embed/lib/rv32imacxw/ilp32\libg_nano.a(lib_a-fstatr.o)
                0x000000000000d03c                _fstat_r
 .text._isatty_r
                0x000000000000d06e       0x30 c:/mounriver/mounriver_studio/toolchain/risc-v embedded gcc/bin/../lib/gcc/riscv-none-embed/8.2.0/../../../../riscv-none-embed/lib/rv32imacxw/ilp32\libg_nano.a(lib_a-isattyr.o)
                0x000000000000d06e                _isatty_r
 .text._lseek_r
                0x000000000000d09e       0x34 c:/mounriver/mounriver_studio/toolchain/risc-v embedded gcc/bin/../lib/gcc/riscv-none-embed/8.2.0/../../../../riscv-none-embed/lib/rv32imacxw/ilp32\libg_nano.a(lib_a-lseekr.o)
                0x000000000000d09e                _lseek_r
 .text.memchr   0x000000000000d0d2       0x18 c:/mounriver/mounriver_studio/toolchain/risc-v embedded gcc/bin/../lib/gcc/riscv-none-embed/8.2.0/../../../../riscv-none-embed/lib/rv32imacxw/ilp32\libg_nano.a(lib_a-memchr.o)
                0x000000000000d0d2                memchr
 .text.__malloc_lock
                0x000000000000d0ea        0x2 c:/mounriver/mounriver_studio/toolchain/risc-v embedded gcc/bin/../lib/gcc/riscv-none-embed/8.2.0/../../../../riscv-none-embed/lib/rv32imacxw/ilp32\libg_nano.a(lib_a-mlock.o)
                0x000000000000d0ea                __malloc_lock
 .text.__malloc_unlock
                0x000000000000d0ec        0x2 c:/mounriver/mounriver_studio/toolchain/risc-v embedded gcc/bin/../lib/gcc/riscv-none-embed/8.2.0/../../../../riscv-none-embed/lib/rv32imacxw/ilp32\libg_nano.a(lib_a-mlock.o)
                0x000000000000d0ec                __malloc_unlock
 .text._read_r  0x000000000000d0ee       0x34 c:/mounriver/mounriver_studio/toolchain/risc-v embedded gcc/bin/../lib/gcc/riscv-none-embed/8.2.0/../../../../riscv-none-embed/lib/rv32imacxw/ilp32\libg_nano.a(lib_a-readr.o)
                0x000000000000d0ee                _read_r
 .text._close   0x000000000000d122       0x10 c:/mounriver/mounriver_studio/toolchain/risc-v embedded gcc/bin/../lib/gcc/riscv-none-embed/8.2.0/../../../../riscv-none-embed/lib/rv32imacxw/ilp32\libnosys.a(close.o)
                0x000000000000d122                _close
 .text._fstat   0x000000000000d132       0x10 c:/mounriver/mounriver_studio/toolchain/risc-v embedded gcc/bin/../lib/gcc/riscv-none-embed/8.2.0/../../../../riscv-none-embed/lib/rv32imacxw/ilp32\libnosys.a(fstat.o)
                0x000000000000d132                _fstat
 .text._isatty  0x000000000000d142       0x10 c:/mounriver/mounriver_studio/toolchain/risc-v embedded gcc/bin/../lib/gcc/riscv-none-embed/8.2.0/../../../../riscv-none-embed/lib/rv32imacxw/ilp32\libnosys.a(isatty.o)
                0x000000000000d142                _isatty
 .text._lseek   0x000000000000d152       0x10 c:/mounriver/mounriver_studio/toolchain/risc-v embedded gcc/bin/../lib/gcc/riscv-none-embed/8.2.0/../../../../riscv-none-embed/lib/rv32imacxw/ilp32\libnosys.a(lseek.o)
                0x000000000000d152                _lseek
 .text._read    0x000000000000d162       0x10 c:/mounriver/mounriver_studio/toolchain/risc-v embedded gcc/bin/../lib/gcc/riscv-none-embed/8.2.0/../../../../riscv-none-embed/lib/rv32imacxw/ilp32\libnosys.a(read.o)
                0x000000000000d162                _read
 *(.text)
 *(.text.*)
 .text.tmos_msg_extract
                0x000000000000d172       0x1e C:\Users\rgyzd9870\Documents\WeChat Files\wxid_plo8ozlnxa4u22\FileStorage\File\2024-07\Central(1)\Central\LIB\libwchble.a(message.o)
                0x000000000000d172                tmos_msg_extract
 .text.tmos_msg_deallocate
                0x000000000000d190       0x4a C:\Users\rgyzd9870\Documents\WeChat Files\wxid_plo8ozlnxa4u22\FileStorage\File\2024-07\Central(1)\Central\LIB\libwchble.a(message.o)
                0x000000000000d190                tmos_msg_deallocate
 .text.tmos_msg_send
                0x000000000000d1da       0x92 C:\Users\rgyzd9870\Documents\WeChat Files\wxid_plo8ozlnxa4u22\FileStorage\File\2024-07\Central(1)\Central\LIB\libwchble.a(message.o)
                0x000000000000d1da                tmos_msg_send
 .text.tmos_msg_init
                0x000000000000d26c        0xa C:\Users\rgyzd9870\Documents\WeChat Files\wxid_plo8ozlnxa4u22\FileStorage\File\2024-07\Central(1)\Central\LIB\libwchble.a(message.o)
                0x000000000000d26c                tmos_msg_init
 .text.TMOS_CB_PeriodicProcessEvent
                0x000000000000d276       0x86 C:\Users\rgyzd9870\Documents\WeChat Files\wxid_plo8ozlnxa4u22\FileStorage\File\2024-07\Central(1)\Central\LIB\libwchble.a(tmos.o)
                0x000000000000d276                TMOS_CB_PeriodicProcessEvent
 .text.TMOS_CB_ProcessEvent
                0x000000000000d2fc       0x84 C:\Users\rgyzd9870\Documents\WeChat Files\wxid_plo8ozlnxa4u22\FileStorage\File\2024-07\Central(1)\Central\LIB\libwchble.a(tmos.o)
                0x000000000000d2fc                TMOS_CB_ProcessEvent
 .text.tmos_rand
                0x000000000000d380       0x70 C:\Users\rgyzd9870\Documents\WeChat Files\wxid_plo8ozlnxa4u22\FileStorage\File\2024-07\Central(1)\Central\LIB\libwchble.a(tmos.o)
                0x000000000000d380                tmos_rand
 .text.tmos_start_periodic_callback_task
                0x000000000000d3f0      0x116 C:\Users\rgyzd9870\Documents\WeChat Files\wxid_plo8ozlnxa4u22\FileStorage\File\2024-07\Central(1)\Central\LIB\libwchble.a(tmos.o)
                0x000000000000d3f0                tmos_start_periodic_callback_task
 .text.tmos_set_event
                0x000000000000d506       0x46 C:\Users\rgyzd9870\Documents\WeChat Files\wxid_plo8ozlnxa4u22\FileStorage\File\2024-07\Central(1)\Central\LIB\libwchble.a(tmos.o)
                0x000000000000d506                tmos_set_event
 .text.tmos_clear_event
                0x000000000000d54c       0x4a C:\Users\rgyzd9870\Documents\WeChat Files\wxid_plo8ozlnxa4u22\FileStorage\File\2024-07\Central(1)\Central\LIB\libwchble.a(tmos.o)
                0x000000000000d54c                tmos_clear_event
 .text.tmos_update_callback_timer
                0x000000000000d596       0xe2 C:\Users\rgyzd9870\Documents\WeChat Files\wxid_plo8ozlnxa4u22\FileStorage\File\2024-07\Central(1)\Central\LIB\libwchble.a(tmos.o)
                0x000000000000d596                tmos_update_callback_timer
 .text.tmos_update_periodic_callback_timer
                0x000000000000d678       0x80 C:\Users\rgyzd9870\Documents\WeChat Files\wxid_plo8ozlnxa4u22\FileStorage\File\2024-07\Central(1)\Central\LIB\libwchble.a(tmos.o)
                0x000000000000d678                tmos_update_periodic_callback_timer
 .text.tmos_start_task
                0x000000000000d6f8      0x15c C:\Users\rgyzd9870\Documents\WeChat Files\wxid_plo8ozlnxa4u22\FileStorage\File\2024-07\Central(1)\Central\LIB\libwchble.a(tmos.o)
                0x000000000000d6f8                tmos_start_task
 .text.tmos_start_callback_task
                0x000000000000d854       0xc4 C:\Users\rgyzd9870\Documents\WeChat Files\wxid_plo8ozlnxa4u22\FileStorage\File\2024-07\Central(1)\Central\LIB\libwchble.a(tmos.o)
                0x000000000000d854                tmos_start_callback_task
 .text.tmos_start_reload_task
                0x000000000000d918       0x74 C:\Users\rgyzd9870\Documents\WeChat Files\wxid_plo8ozlnxa4u22\FileStorage\File\2024-07\Central(1)\Central\LIB\libwchble.a(tmos.o)
                0x000000000000d918                tmos_start_reload_task
 .text.tmos_stop_task
                0x000000000000d98c       0x6e C:\Users\rgyzd9870\Documents\WeChat Files\wxid_plo8ozlnxa4u22\FileStorage\File\2024-07\Central(1)\Central\LIB\libwchble.a(tmos.o)
                0x000000000000d98c                tmos_stop_task
 .text.tmos_stop_callback_task
                0x000000000000d9fa       0x7e C:\Users\rgyzd9870\Documents\WeChat Files\wxid_plo8ozlnxa4u22\FileStorage\File\2024-07\Central(1)\Central\LIB\libwchble.a(tmos.o)
                0x000000000000d9fa                tmos_stop_callback_task
 .text.tmos_get_task_timer
                0x000000000000da78       0x7e C:\Users\rgyzd9870\Documents\WeChat Files\wxid_plo8ozlnxa4u22\FileStorage\File\2024-07\Central(1)\Central\LIB\libwchble.a(tmos.o)
                0x000000000000da78                tmos_get_task_timer
 .text.TMOS_TimerRegister
                0x000000000000daf6       0x1e C:\Users\rgyzd9870\Documents\WeChat Files\wxid_plo8ozlnxa4u22\FileStorage\File\2024-07\Central(1)\Central\LIB\libwchble.a(tmos.o)
                0x000000000000daf6                TMOS_TimerRegister
 .text.TMOS_ProcessRegister
                0x000000000000db14       0x16 C:\Users\rgyzd9870\Documents\WeChat Files\wxid_plo8ozlnxa4u22\FileStorage\File\2024-07\Central(1)\Central\LIB\libwchble.a(tmos.o)
                0x000000000000db14                TMOS_ProcessRegister
 .text.TMOS_Init
                0x000000000000db2a      0x11e C:\Users\rgyzd9870\Documents\WeChat Files\wxid_plo8ozlnxa4u22\FileStorage\File\2024-07\Central(1)\Central\LIB\libwchble.a(tmos.o)
                0x000000000000db2a                TMOS_Init
 .text.TMOS_ProcessEventRegister
                0x000000000000dc48       0x3c C:\Users\rgyzd9870\Documents\WeChat Files\wxid_plo8ozlnxa4u22\FileStorage\File\2024-07\Central(1)\Central\LIB\libwchble.a(tmos.o)
                0x000000000000dc48                TMOS_ProcessEventRegister
 .text.BLE_LibInit
                0x000000000000dc84      0x142 C:\Users\rgyzd9870\Documents\WeChat Files\wxid_plo8ozlnxa4u22\FileStorage\File\2024-07\Central(1)\Central\LIB\libwchble.a(tmos.o)
                0x000000000000dc84                BLE_LibInit
 .text.clockGetTickValve
                0x000000000000ddc6       0x7e C:\Users\rgyzd9870\Documents\WeChat Files\wxid_plo8ozlnxa4u22\FileStorage\File\2024-07\Central(1)\Central\LIB\libwchble.a(tmos_hw.o)
 .text.ll_get_sca_divisor
                0x000000000000de44       0x40 C:\Users\rgyzd9870\Documents\WeChat Files\wxid_plo8ozlnxa4u22\FileStorage\File\2024-07\Central(1)\Central\LIB\libwchble.a(tmos_hw.o)
                0x000000000000de44                ll_get_sca_divisor
 .text.ll_get_sca_own
                0x000000000000de84       0x46 C:\Users\rgyzd9870\Documents\WeChat Files\wxid_plo8ozlnxa4u22\FileStorage\File\2024-07\Central(1)\Central\LIB\libwchble.a(tmos_hw.o)
                0x000000000000de84                ll_get_sca_own
 .text.ble_ll_common_rand8
                0x000000000000deca       0x24 C:\Users\rgyzd9870\Documents\WeChat Files\wxid_plo8ozlnxa4u22\FileStorage\File\2024-07\Central(1)\Central\LIB\libwchble.a(tmos_hw.o)
                0x000000000000deca                ble_ll_common_rand8
 .text.ble_ll_common_rand16
                0x000000000000deee       0x24 C:\Users\rgyzd9870\Documents\WeChat Files\wxid_plo8ozlnxa4u22\FileStorage\File\2024-07\Central(1)\Central\LIB\libwchble.a(tmos_hw.o)
                0x000000000000deee                ble_ll_common_rand16
 .text.ble_ll_common_rand32
                0x000000000000df12       0x20 C:\Users\rgyzd9870\Documents\WeChat Files\wxid_plo8ozlnxa4u22\FileStorage\File\2024-07\Central(1)\Central\LIB\libwchble.a(tmos_hw.o)
                0x000000000000df12                ble_ll_common_rand32
 .text.TMOS_IrqProcessRegister
                0x000000000000df32        0xa C:\Users\rgyzd9870\Documents\WeChat Files\wxid_plo8ozlnxa4u22\FileStorage\File\2024-07\Central(1)\Central\LIB\libwchble.a(tmos_hw.o)
                0x000000000000df32                TMOS_IrqProcessRegister
 .text.TMOS_TempSample
                0x000000000000df3c       0x62 C:\Users\rgyzd9870\Documents\WeChat Files\wxid_plo8ozlnxa4u22\FileStorage\File\2024-07\Central(1)\Central\LIB\libwchble.a(tmos_hw.o)
                0x000000000000df3c                TMOS_TempSample
 .text.TMOS_TimerInit
                0x000000000000df9e       0xfe C:\Users\rgyzd9870\Documents\WeChat Files\wxid_plo8ozlnxa4u22\FileStorage\File\2024-07\Central(1)\Central\LIB\libwchble.a(tmos_hw.o)
                0x000000000000df9e                TMOS_TimerInit
 .text.tmos_snv_init
                0x000000000000e09c       0xb4 C:\Users\rgyzd9870\Documents\WeChat Files\wxid_plo8ozlnxa4u22\FileStorage\File\2024-07\Central(1)\Central\LIB\libwchble.a(tmos_snv.o)
                0x000000000000e09c                tmos_snv_init
 .text.tmos_snv_read
                0x000000000000e150      0x274 C:\Users\rgyzd9870\Documents\WeChat Files\wxid_plo8ozlnxa4u22\FileStorage\File\2024-07\Central(1)\Central\LIB\libwchble.a(tmos_snv.o)
                0x000000000000e150                tmos_snv_read
 .text.tmos_snv_notify
                0x000000000000e3c4       0x56 C:\Users\rgyzd9870\Documents\WeChat Files\wxid_plo8ozlnxa4u22\FileStorage\File\2024-07\Central(1)\Central\LIB\libwchble.a(tmos_snv.o)
                0x000000000000e3c4                tmos_snv_notify
 .text.tmos_snv_write
                0x000000000000e41a      0x2c2 C:\Users\rgyzd9870\Documents\WeChat Files\wxid_plo8ozlnxa4u22\FileStorage\File\2024-07\Central(1)\Central\LIB\libwchble.a(tmos_snv.o)
                0x000000000000e41a                tmos_snv_write
 .text.tmos_snv_compact
                0x000000000000e6dc        0x4 C:\Users\rgyzd9870\Documents\WeChat Files\wxid_plo8ozlnxa4u22\FileStorage\File\2024-07\Central(1)\Central\LIB\libwchble.a(tmos_snv.o)
                0x000000000000e6dc                tmos_snv_compact
 .text.disconnectNext
                0x000000000000e6e0       0x22 C:\Users\rgyzd9870\Documents\WeChat Files\wxid_plo8ozlnxa4u22\FileStorage\File\2024-07\Central(1)\Central\LIB\libwchble.a(gap.o)
 .text.GAP_ParamInit
                0x000000000000e702      0x16c C:\Users\rgyzd9870\Documents\WeChat Files\wxid_plo8ozlnxa4u22\FileStorage\File\2024-07\Central(1)\Central\LIB\libwchble.a(gap.o)
                0x000000000000e702                GAP_ParamInit
 .text.sendTerminateEvent
                0x000000000000e86e       0x58 C:\Users\rgyzd9870\Documents\WeChat Files\wxid_plo8ozlnxa4u22\FileStorage\File\2024-07\Central(1)\Central\LIB\libwchble.a(gap.o)
                0x000000000000e86e                sendTerminateEvent
 .text.gapRegisterCentral
                0x000000000000e8c6        0x6 C:\Users\rgyzd9870\Documents\WeChat Files\wxid_plo8ozlnxa4u22\FileStorage\File\2024-07\Central(1)\Central\LIB\libwchble.a(gap.o)
                0x000000000000e8c6                gapRegisterCentral
 .text.gapRegisterCentralConn
                0x000000000000e8cc        0x6 C:\Users\rgyzd9870\Documents\WeChat Files\wxid_plo8ozlnxa4u22\FileStorage\File\2024-07\Central(1)\Central\LIB\libwchble.a(gap.o)
                0x000000000000e8cc                gapRegisterCentralConn
 .text.gapRegisterPeripheral
                0x000000000000e8d2        0x6 C:\Users\rgyzd9870\Documents\WeChat Files\wxid_plo8ozlnxa4u22\FileStorage\File\2024-07\Central(1)\Central\LIB\libwchble.a(gap.o)
                0x000000000000e8d2                gapRegisterPeripheral
 .text.gapRegisterPeripheralConn
                0x000000000000e8d8        0x6 C:\Users\rgyzd9870\Documents\WeChat Files\wxid_plo8ozlnxa4u22\FileStorage\File\2024-07\Central(1)\Central\LIB\libwchble.a(gap.o)
                0x000000000000e8d8                gapRegisterPeripheralConn
 .text.smGenerateRandBuf
                0x000000000000e8de       0x56 C:\Users\rgyzd9870\Documents\WeChat Files\wxid_plo8ozlnxa4u22\FileStorage\File\2024-07\Central(1)\Central\LIB\libwchble.a(gap.o)
                0x000000000000e8de                smGenerateRandBuf
 .text.gapL2capConnParamUpdateReq
                0x000000000000e934       0x36 C:\Users\rgyzd9870\Documents\WeChat Files\wxid_plo8ozlnxa4u22\FileStorage\File\2024-07\Central(1)\Central\LIB\libwchble.a(gap.o)
                0x000000000000e934                gapL2capConnParamUpdateReq
 .text.gapValidADType
                0x000000000000e96a       0x16 C:\Users\rgyzd9870\Documents\WeChat Files\wxid_plo8ozlnxa4u22\FileStorage\File\2024-07\Central(1)\Central\LIB\libwchble.a(gap.o)
                0x000000000000e96a                gapValidADType
 .text.gapFindADType
                0x000000000000e980       0x94 C:\Users\rgyzd9870\Documents\WeChat Files\wxid_plo8ozlnxa4u22\FileStorage\File\2024-07\Central(1)\Central\LIB\libwchble.a(gap.o)
                0x000000000000e980                gapFindADType
 .text.GAP_SecParamsInit
                0x000000000000ea14       0x9e C:\Users\rgyzd9870\Documents\WeChat Files\wxid_plo8ozlnxa4u22\FileStorage\File\2024-07\Central(1)\Central\LIB\libwchble.a(gap.o)
                0x000000000000ea14                GAP_SecParamsInit
 .text.GAP_ParamsInit
                0x000000000000eab2       0x4c C:\Users\rgyzd9870\Documents\WeChat Files\wxid_plo8ozlnxa4u22\FileStorage\File\2024-07\Central(1)\Central\LIB\libwchble.a(gap.o)
                0x000000000000eab2                GAP_ParamsInit
 .text.gapAddAddrAdj
                0x000000000000eafe       0x48 C:\Users\rgyzd9870\Documents\WeChat Files\wxid_plo8ozlnxa4u22\FileStorage\File\2024-07\Central(1)\Central\LIB\libwchble.a(gap.o)
                0x000000000000eafe                gapAddAddrAdj
 .text.gapDetermineAddrType
                0x000000000000eb46       0x28 C:\Users\rgyzd9870\Documents\WeChat Files\wxid_plo8ozlnxa4u22\FileStorage\File\2024-07\Central(1)\Central\LIB\libwchble.a(gap.o)
                0x000000000000eb46                gapDetermineAddrType
 .text.gapFreeAuthLink
                0x000000000000eb6e       0x3a C:\Users\rgyzd9870\Documents\WeChat Files\wxid_plo8ozlnxa4u22\FileStorage\File\2024-07\Central(1)\Central\LIB\libwchble.a(gap.o)
                0x000000000000eb6e                gapFreeAuthLink
 .text.gapGetDevAddress
                0x000000000000eba8       0x24 C:\Users\rgyzd9870\Documents\WeChat Files\wxid_plo8ozlnxa4u22\FileStorage\File\2024-07\Central(1)\Central\LIB\libwchble.a(gap.o)
                0x000000000000eba8                gapGetDevAddress
 .text.gapGetDevAddressMode
                0x000000000000ebcc        0xa C:\Users\rgyzd9870\Documents\WeChat Files\wxid_plo8ozlnxa4u22\FileStorage\File\2024-07\Central(1)\Central\LIB\libwchble.a(gap.o)
                0x000000000000ebcc                gapGetDevAddressMode
 .text.gapGetIRK
                0x000000000000ebd6        0xc C:\Users\rgyzd9870\Documents\WeChat Files\wxid_plo8ozlnxa4u22\FileStorage\File\2024-07\Central(1)\Central\LIB\libwchble.a(gap.o)
                0x000000000000ebd6                gapGetIRK
 .text.gapGetSRK
                0x000000000000ebe2        0xc C:\Users\rgyzd9870\Documents\WeChat Files\wxid_plo8ozlnxa4u22\FileStorage\File\2024-07\Central(1)\Central\LIB\libwchble.a(gap.o)
                0x000000000000ebe2                gapGetSRK
 .text.gapGetSignCounter
                0x000000000000ebee        0xe C:\Users\rgyzd9870\Documents\WeChat Files\wxid_plo8ozlnxa4u22\FileStorage\File\2024-07\Central(1)\Central\LIB\libwchble.a(gap.o)
                0x000000000000ebee                gapGetSignCounter
 .text.gapIncSignCounter
                0x000000000000ebfc       0x28 C:\Users\rgyzd9870\Documents\WeChat Files\wxid_plo8ozlnxa4u22\FileStorage\File\2024-07\Central(1)\Central\LIB\libwchble.a(gap.o)
                0x000000000000ebfc                gapIncSignCounter
 .text.gapProcessConnEvt
                0x000000000000ec24       0x48 C:\Users\rgyzd9870\Documents\WeChat Files\wxid_plo8ozlnxa4u22\FileStorage\File\2024-07\Central(1)\Central\LIB\libwchble.a(gap.o)
                0x000000000000ec24                gapProcessConnEvt
 .text.gapProcessDisconnectCompleteEvt
                0x000000000000ec6c       0xaa C:\Users\rgyzd9870\Documents\WeChat Files\wxid_plo8ozlnxa4u22\FileStorage\File\2024-07\Central(1)\Central\LIB\libwchble.a(gap.o)
                0x000000000000ec6c                gapProcessDisconnectCompleteEvt
 .text.sendAuthEvent
                0x000000000000ed16      0x10c C:\Users\rgyzd9870\Documents\WeChat Files\wxid_plo8ozlnxa4u22\FileStorage\File\2024-07\Central(1)\Central\LIB\libwchble.a(gap.o)
                0x000000000000ed16                sendAuthEvent
 .text.gapSendBondCompleteEvent
                0x000000000000ee22       0x70 C:\Users\rgyzd9870\Documents\WeChat Files\wxid_plo8ozlnxa4u22\FileStorage\File\2024-07\Central(1)\Central\LIB\libwchble.a(gap.o)
                0x000000000000ee22                gapSendBondCompleteEvent
 .text.gapSendPairingReqEvent
                0x000000000000ee92       0x92 C:\Users\rgyzd9870\Documents\WeChat Files\wxid_plo8ozlnxa4u22\FileStorage\File\2024-07\Central(1)\Central\LIB\libwchble.a(gap.o)
                0x000000000000ee92                gapSendPairingReqEvent
 .text.gapSendSlaveSecurityReqEvent
                0x000000000000ef24       0x64 C:\Users\rgyzd9870\Documents\WeChat Files\wxid_plo8ozlnxa4u22\FileStorage\File\2024-07\Central(1)\Central\LIB\libwchble.a(gap.o)
                0x000000000000ef24                gapSendSlaveSecurityReqEvent
 .text.gapSendDeviceInitDoneEvent
                0x000000000000ef88       0x84 C:\Users\rgyzd9870\Documents\WeChat Files\wxid_plo8ozlnxa4u22\FileStorage\File\2024-07\Central(1)\Central\LIB\libwchble.a(gap.o)
                0x000000000000ef88                gapSendDeviceInitDoneEvent
 .text.gapSendLinkUpdateEvent
                0x000000000000f00c       0xb2 C:\Users\rgyzd9870\Documents\WeChat Files\wxid_plo8ozlnxa4u22\FileStorage\File\2024-07\Central(1)\Central\LIB\libwchble.a(gap.o)
                0x000000000000f00c                gapSendLinkUpdateEvent
 .text.gapSendPhyUpdateEvent
                0x000000000000f0be       0x58 C:\Users\rgyzd9870\Documents\WeChat Files\wxid_plo8ozlnxa4u22\FileStorage\File\2024-07\Central(1)\Central\LIB\libwchble.a(gap.o)
                0x000000000000f0be                gapSendPhyUpdateEvent
 .text.gapSendPeriodicAdvSyncTransferReceivedEvent
                0x000000000000f116       0xb8 C:\Users\rgyzd9870\Documents\WeChat Files\wxid_plo8ozlnxa4u22\FileStorage\File\2024-07\Central(1)\Central\LIB\libwchble.a(gap.o)
                0x000000000000f116                gapSendPeriodicAdvSyncTransferReceivedEvent
 .text.gapSendEstLinkEvent
                0x000000000000f1ce       0xa4 C:\Users\rgyzd9870\Documents\WeChat Files\wxid_plo8ozlnxa4u22\FileStorage\File\2024-07\Central(1)\Central\LIB\libwchble.a(gap.o)
                0x000000000000f1ce                gapSendEstLinkEvent
 .text.gapProcessNewAddr
                0x000000000000f272       0x3a C:\Users\rgyzd9870\Documents\WeChat Files\wxid_plo8ozlnxa4u22\FileStorage\File\2024-07\Central(1)\Central\LIB\libwchble.a(gap.o)
                0x000000000000f272                gapProcessNewAddr
 .text.gapProcessRandomAddrComplete
                0x000000000000f2ac       0xb2 C:\Users\rgyzd9870\Documents\WeChat Files\wxid_plo8ozlnxa4u22\FileStorage\File\2024-07\Central(1)\Central\LIB\libwchble.a(gap.o)
                0x000000000000f2ac                gapProcessRandomAddrComplete
 .text.GAP_Authenticate
                0x000000000000f35e       0xd2 C:\Users\rgyzd9870\Documents\WeChat Files\wxid_plo8ozlnxa4u22\FileStorage\File\2024-07\Central(1)\Central\LIB\libwchble.a(gap.o)
                0x000000000000f35e                GAP_Authenticate
 .text.GAP_Bond
                0x000000000000f430       0xa2 C:\Users\rgyzd9870\Documents\WeChat Files\wxid_plo8ozlnxa4u22\FileStorage\File\2024-07\Central(1)\Central\LIB\libwchble.a(gap.o)
                0x000000000000f430                GAP_Bond
 .text.GAP_GetParamValue
                0x000000000000f4d2       0x20 C:\Users\rgyzd9870\Documents\WeChat Files\wxid_plo8ozlnxa4u22\FileStorage\File\2024-07\Central(1)\Central\LIB\libwchble.a(gap.o)
                0x000000000000f4d2                GAP_GetParamValue
 .text.GAP_PasscodeUpdate
                0x000000000000f4f2       0x50 C:\Users\rgyzd9870\Documents\WeChat Files\wxid_plo8ozlnxa4u22\FileStorage\File\2024-07\Central(1)\Central\LIB\libwchble.a(gap.o)
                0x000000000000f4f2                GAP_PasscodeUpdate
 .text.GAP_RegisterForMsgs
                0x000000000000f542        0xa C:\Users\rgyzd9870\Documents\WeChat Files\wxid_plo8ozlnxa4u22\FileStorage\File\2024-07\Central(1)\Central\LIB\libwchble.a(gap.o)
                0x000000000000f542                GAP_RegisterForMsgs
 .text.GAP_ResolvePrivateAddr
                0x000000000000f54c        0x4 C:\Users\rgyzd9870\Documents\WeChat Files\wxid_plo8ozlnxa4u22\FileStorage\File\2024-07\Central(1)\Central\LIB\libwchble.a(gap.o)
                0x000000000000f54c                GAP_ResolvePrivateAddr
 .text.gapPairingCompleteCB
                0x000000000000f550      0x164 C:\Users\rgyzd9870\Documents\WeChat Files\wxid_plo8ozlnxa4u22\FileStorage\File\2024-07\Central(1)\Central\LIB\libwchble.a(gap.o)
                0x000000000000f550                gapPairingCompleteCB
 .text.gapPasskeyNeededCB
                0x000000000000f6b4       0x8a C:\Users\rgyzd9870\Documents\WeChat Files\wxid_plo8ozlnxa4u22\FileStorage\File\2024-07\Central(1)\Central\LIB\libwchble.a(gap.o)
                0x000000000000f6b4                gapPasskeyNeededCB
 .text.gapOobNeededCB
                0x000000000000f73e       0x9a C:\Users\rgyzd9870\Documents\WeChat Files\wxid_plo8ozlnxa4u22\FileStorage\File\2024-07\Central(1)\Central\LIB\libwchble.a(gap.o)
                0x000000000000f73e                gapOobNeededCB
 .text.gapFreeEstLink
                0x000000000000f7d8       0x1c C:\Users\rgyzd9870\Documents\WeChat Files\wxid_plo8ozlnxa4u22\FileStorage\File\2024-07\Central(1)\Central\LIB\libwchble.a(gap.o)
                0x000000000000f7d8                gapFreeEstLink
 .text.gapUpdateConnSignCounter
                0x000000000000f7f4       0x76 C:\Users\rgyzd9870\Documents\WeChat Files\wxid_plo8ozlnxa4u22\FileStorage\File\2024-07\Central(1)\Central\LIB\libwchble.a(gap.o)
                0x000000000000f7f4                gapUpdateConnSignCounter
 .text.GAP_SendSlaveSecurityRequest
                0x000000000000f86a       0x4a C:\Users\rgyzd9870\Documents\WeChat Files\wxid_plo8ozlnxa4u22\FileStorage\File\2024-07\Central(1)\Central\LIB\libwchble.a(gap.o)
                0x000000000000f86a                GAP_SendSlaveSecurityRequest
 .text.GAP_Signable
                0x000000000000f8b4       0x66 C:\Users\rgyzd9870\Documents\WeChat Files\wxid_plo8ozlnxa4u22\FileStorage\File\2024-07\Central(1)\Central\LIB\libwchble.a(gap.o)
                0x000000000000f8b4                GAP_Signable
 .text.GAP_TerminateAuth
                0x000000000000f91a       0x2a C:\Users\rgyzd9870\Documents\WeChat Files\wxid_plo8ozlnxa4u22\FileStorage\File\2024-07\Central(1)\Central\LIB\libwchble.a(gap.o)
                0x000000000000f91a                GAP_TerminateAuth
 .text.GAP_NumActiveConnections
                0x000000000000f944        0x4 C:\Users\rgyzd9870\Documents\WeChat Files\wxid_plo8ozlnxa4u22\FileStorage\File\2024-07\Central(1)\Central\LIB\libwchble.a(gap.o)
                0x000000000000f944                GAP_NumActiveConnections
 .text.GAP_TerminateLinkReq
                0x000000000000f948       0x8e C:\Users\rgyzd9870\Documents\WeChat Files\wxid_plo8ozlnxa4u22\FileStorage\File\2024-07\Central(1)\Central\LIB\libwchble.a(gap.o)
                0x000000000000f948                GAP_TerminateLinkReq
 .text.GAP_SetParamValue
                0x000000000000f9d6       0x6c C:\Users\rgyzd9870\Documents\WeChat Files\wxid_plo8ozlnxa4u22\FileStorage\File\2024-07\Central(1)\Central\LIB\libwchble.a(gap.o)
                0x000000000000f9d6                GAP_SetParamValue
 .text.GAP_Init
                0x000000000000fa42       0x48 C:\Users\rgyzd9870\Documents\WeChat Files\wxid_plo8ozlnxa4u22\FileStorage\File\2024-07\Central(1)\Central\LIB\libwchble.a(gap.o)
                0x000000000000fa42                GAP_Init
 .text.GAP_ProcessEvent
                0x000000000000fa8a      0x694 C:\Users\rgyzd9870\Documents\WeChat Files\wxid_plo8ozlnxa4u22\FileStorage\File\2024-07\Central(1)\Central\LIB\libwchble.a(gap.o)
                0x000000000000fa8a                GAP_ProcessEvent
 .text.gapSendScanEnable
                0x000000000001011e       0x3a C:\Users\rgyzd9870\Documents\WeChat Files\wxid_plo8ozlnxa4u22\FileStorage\File\2024-07\Central(1)\Central\LIB\libwchble.a(gap_central.o)
 .text.gapCentProcessConnEvt
                0x0000000000010158      0x19a C:\Users\rgyzd9870\Documents\WeChat Files\wxid_plo8ozlnxa4u22\FileStorage\File\2024-07\Central(1)\Central\LIB\libwchble.a(gap_central.o)
                0x0000000000010158                gapCentProcessConnEvt
 .text.gapProcessScanningPeriodicAdvEvt
                0x00000000000102f2       0x9c C:\Users\rgyzd9870\Documents\WeChat Files\wxid_plo8ozlnxa4u22\FileStorage\File\2024-07\Central(1)\Central\LIB\libwchble.a(gap_central.o)
                0x00000000000102f2                gapProcessScanningPeriodicAdvEvt
 .text.gapCancelLinkReq
                0x000000000001038e       0x38 C:\Users\rgyzd9870\Documents\WeChat Files\wxid_plo8ozlnxa4u22\FileStorage\File\2024-07\Central(1)\Central\LIB\libwchble.a(gap_central.o)
                0x000000000001038e                gapCancelLinkReq
 .text.gapProcessAdvertDevInfo
                0x00000000000103c6      0x21e C:\Users\rgyzd9870\Documents\WeChat Files\wxid_plo8ozlnxa4u22\FileStorage\File\2024-07\Central(1)\Central\LIB\libwchble.a(gap_central.o)
                0x00000000000103c6                gapProcessAdvertDevInfo
 .text.gapProcessExtAdvertDevInfo
                0x00000000000105e4      0x23c C:\Users\rgyzd9870\Documents\WeChat Files\wxid_plo8ozlnxa4u22\FileStorage\File\2024-07\Central(1)\Central\LIB\libwchble.a(gap_central.o)
                0x00000000000105e4                gapProcessExtAdvertDevInfo
 .text.gapProcessPeriodicAdvertisingSyncEstablishedEvt